Component: ARM Compiler 5.06 update 7 (build 960) Tool: armlink [4d3601]

==============================================================================

Section Cross References

    main.o(i.main) refers to bsp.o(i.BSP_Configuration) for BSP_Configuration
    main.o(i.main) refers to timtask.o(i.TimTask_Init) for TimTask_Init
    main.o(i.main) refers to uart_debug.o(i.DBG_Uart_Init) for DBG_Uart_Init
    main.o(i.main) refers to bsp.o(i.Beep_On) for Beep_On
    main.o(i.main) refers to motor_hpwm.o(i.Motor_X_Init) for Motor_X_Init
    main.o(i.main) refers to motor_hpwm.o(i.Motor_Y_Init) for Motor_Y_Init
    main.o(i.main) refers to motor_hpwm.o(i.MotorY_SigRun) for MotorY_SigRun
    main.o(i.main) refers to motor_hpwm.o(i.MotorX_Run) for MotorX_Run
    main.o(i.main) refers to bsp.o(i.delay_ticks) for delay_ticks
    main.o(i.main) refers to motor_hpwm.o(i.MotorX_Stop) for MotorX_Stop
    main.o(i.main) refers to sensor_encoder.o(.data) for SenEncoder_X
    bsp_sevseg.o(i.LetterTab_find) refers to bsp_sevseg.o(.data) for LetterTab
    bsp_sevseg.o(i.SMG_All_num) refers to bsp_sevseg.o(i.SMG_ShowInt) for SMG_ShowInt
    bsp_sevseg.o(i.SMG_All_num) refers to bsp_sevseg.o(.data) for sdata
    bsp_sevseg.o(i.SMG_BSP_Init) refers to stm32f10x_gpio.o(i.GPIO_Init) for GPIO_Init
    bsp_sevseg.o(i.SMG_BSP_Init) refers to bsp_sevseg.o(.data) for SMG_BUFFER
    bsp_sevseg.o(i.SMG_BuffRead) refers to bsp_sevseg.o(.data) for SMG_BUFFER
    bsp_sevseg.o(i.SMG_BuffWrite) refers to bsp_sevseg.o(.data) for SMG_BUFFER
    bsp_sevseg.o(i.SMG_CleanAll) refers to bsp_sevseg.o(.data) for SMG_BUFFER
    bsp_sevseg.o(i.SMG_CleanPos) refers to bsp_sevseg.o(.data) for SMG_BUFFER
    bsp_sevseg.o(i.SMG_Refresh) refers to bsp_sevseg.o(i.SMG_SetCom) for SMG_SetCom
    bsp_sevseg.o(i.SMG_Refresh) refers to bsp_sevseg.o(i.SMG_setData) for SMG_setData
    bsp_sevseg.o(i.SMG_Refresh) refers to bsp_sevseg.o(.data) for SMG_BUFFER
    bsp_sevseg.o(i.SMG_RotateShift) refers to bsp_sevseg.o(i.SMG_ShowInt) for SMG_ShowInt
    bsp_sevseg.o(i.SMG_RotateShift) refers to bsp_sevseg.o(.data) for sdata
    bsp_sevseg.o(i.SMG_ShowInt) refers to bsp_sevseg.o(.data) for Sev_Tab
    bsp_sevseg.o(i.SMG_print) refers to bsp_sevseg.o(i._getSEG_byChar) for _getSEG_byChar
    bsp_sevseg.o(i.SMG_print) refers to bsp_sevseg.o(i.SMG_BuffWrite) for SMG_BuffWrite
    bsp_sevseg.o(i._getSEG_byChar) refers to toupper.o(.text) for toupper
    bsp_sevseg.o(i._getSEG_byChar) refers to bsp_sevseg.o(i.LetterTab_find) for LetterTab_find
    bsp_sevseg.o(i._getSEG_byChar) refers to bsp_sevseg.o(.data) for Sev_Tab
    bsp.o(i.BSP_Configuration) refers to stm32f10x_gpio.o(i.GPIO_Init) for GPIO_Init
    bsp.o(i.BSP_Configuration) refers to stm32f10x_gpio.o(i.GPIO_WriteBit) for GPIO_WriteBit
    bsp.o(i.BSP_Configuration) refers to misc.o(i.NVIC_PriorityGroupConfig) for NVIC_PriorityGroupConfig
    bsp.o(i.BSP_Configuration) refers to bsp.o(i.__NVIC_SetPriority) for __NVIC_SetPriority
    bsp.o(i.BSP_Configuration) refers to system_stm32f10x.o(.data) for SystemCoreClock
    bsp.o(i.Beep_On) refers to bsp.o(i.getSysTicks) for getSysTicks
    bsp.o(i.Beep_On) refers to stm32f10x_gpio.o(i.GPIO_WriteBit) for GPIO_WriteBit
    bsp.o(i.Bsp_BTNScan) refers to stm32f10x_gpio.o(i.GPIO_ReadInputDataBit) for GPIO_ReadInputDataBit
    bsp.o(i.Bsp_BTNScan) refers to bsp.o(.data) for perBspKey
    bsp.o(i.SysTick_Handler) refers to bsp.o(i.sysTick_increase) for sysTick_increase
    bsp.o(i.delay_ticks) refers to bsp.o(i.getSysTicks) for getSysTicks
    bsp.o(i.getSysTicks) refers to bsp.o(.data) for _sysTicks_inc
    bsp.o(i.sysTick_increase) refers to bsp.o(.data) for _sysTicks_inc
    keypad4x4.o(i.KeyPad_getLastEvent) refers to keypad4x4.o(.data) for _keyEvent
    keypad4x4.o(i.keyIndepend_Init) refers to stm32f10x_rcc.o(i.RCC_APB2PeriphClockCmd) for RCC_APB2PeriphClockCmd
    keypad4x4.o(i.keyIndepend_Init) refers to stm32f10x_gpio.o(i.GPIO_Init) for GPIO_Init
    keypad4x4.o(i.keyPad4x4_Scan) refers to stm32f10x_gpio.o(i.GPIO_WriteBit) for GPIO_WriteBit
    keypad4x4.o(i.keyPad4x4_Scan) refers to stm32f10x_gpio.o(i.GPIO_ReadInputData) for GPIO_ReadInputData
    keypad4x4.o(i.keyPad_Event) refers to stm32f10x_gpio.o(i.GPIO_WriteBit) for GPIO_WriteBit
    keypad4x4.o(i.keyPad_Event) refers to stm32f10x_gpio.o(i.GPIO_ReadInputData) for GPIO_ReadInputData
    keypad4x4.o(i.keyPad_Event) refers to keypad4x4.o(i.keyPad_delay) for keyPad_delay
    keypad4x4.o(i.keyPad_Event) refers to keypad4x4.o(i.keyPad4x4_Scan) for keyPad4x4_Scan
    keypad4x4.o(i.keyPad_Event) refers to bsp.o(i.Beep_On) for Beep_On
    keypad4x4.o(i.keyPad_Event) refers to keypad4x4.o(.data) for keyLast
    keypad4x4.o(i.keyPad_Init) refers to stm32f10x_gpio.o(i.GPIO_Init) for GPIO_Init
    keypad4x4.o(i.key_Independ) refers to keypad4x4.o(i.keyPad_delay) for keyPad_delay
    keypad4x4.o(i.key_Independ) refers to keypad4x4.o(.data) for perKey
    appsmg_ui.o(i._getKeyMap) refers to appsmg_ui.o(.constdata) for KeyMap
[...]
    sqrt_x.o(i.____softfp_sqrt$lsc) refers (Special) to iusefp.o(.text) for __I$use$fp
    sqrt_x.o(i.____softfp_sqrt$lsc) refers to cdcmple.o(.text) for __aeabi_cdcmple
    sqrt_x.o(i.____softfp_sqrt$lsc) refers to errno.o(i.__set_errno) for __set_errno
    sqrt_x.o(i.____softfp_sqrt$lsc) refers to dsqrt.o(.text) for _dsqrt
    sqrt_x.o(i.__sqrt$lsc) refers (Special) to iusefp.o(.text) for __I$use$fp
    sqrt_x.o(i.__sqrt$lsc) refers to cdcmple.o(.text) for __aeabi_cdcmple
    sqrt_x.o(i.__sqrt$lsc) refers to errno.o(i.__set_errno) for __set_errno
    sqrt_x.o(i.__sqrt$lsc) refers to dsqrt.o(.text) for _dsqrt
    entry2.o(.ARM.Collect$$$$00000001) refers to entry2.o(.ARM.Collect$$$$00002712) for __lit__00000000
    entry2.o(.ARM.Collect$$$$00002712) refers to startup_stm32f10x_hd.o(STACK) for __initial_sp
    entry2.o(__vectab_stack_and_reset_area) refers to startup_stm32f10x_hd.o(STACK) for __initial_sp
    entry2.o(__vectab_stack_and_reset_area) refers to entry.o(.ARM.Collect$$$$00000000) for __main
    entry5.o(.ARM.Collect$$$$00000004) refers to init.o(.text) for __scatterload
    entry9a.o(.ARM.Collect$$$$0000000B) refers to main.o(i.main) for main
    entry9b.o(.ARM.Collect$$$$0000000C) refers to main.o(i.main) for main
    fputc.o(i.fputc) refers (Special) to iusesemip.o(.text) for __I$use$semihosting$fputc
    fputc.o(i.fputc) refers (Special) to semi.o(.text) for __semihosting_library_function
    uldiv.o(.text) refers to llushr.o(.text) for __aeabi_llsr
    uldiv.o(.text) refers to llshl.o(.text) for __aeabi_llsl
    errno.o(i.__aeabi_errno_addr) refers to errno.o(.data) for .data
    errno.o(i.__read_errno) refers to errno.o(.data) for .data
    errno.o(i.__set_errno) refers to errno.o(.data) for .data
    strtol.o(.text) refers to ctype_o.o(.text) for __rt_ctype_table
    strtol.o(.text) refers to _strtoul.o(.text) for _strtoul
    strtol.o(.text) refers to errno.o(i.__aeabi_errno_addr) for __aeabi_errno_addr
    depilogue.o(.text) refers to llshl.o(.text) for __aeabi_llsl
    depilogue.o(.text) refers to llushr.o(.text) for __aeabi_llsr
    dadd.o(.text) refers to llshl.o(.text) for __aeabi_llsl
    dadd.o(.text) refers to llsshr.o(.text) for __aeabi_lasr
    dadd.o(.text) refers to depilogue.o(.text) for _double_epilogue
    ddiv.o(.text) refers to depilogue.o(.text) for _double_round
    dfixul.o(.text) refers to llushr.o(.text) for __aeabi_llsr
    dfixul.o(.text) refers to llshl.o(.text) for __aeabi_llsl
    init.o(.text) refers to entry5.o(.ARM.Collect$$$$00000004) for __main_after_scatterload
    _strtoul.o(.text) refers to _chval.o(.text) for _chval
    _strtoul.o(.text) refers to errno.o(i.__aeabi_errno_addr) for __aeabi_errno_addr
    dsqrt.o(.text) refers to llushr.o(.text) for __aeabi_llsr
    dsqrt.o(.text) refers to depilogue.o(.text) for _double_round


==============================================================================

Removing Unused input sections from the image.

    Removing main.o(.rev16_text), (4 bytes).
    Removing main.o(.revsh_text), (4 bytes).
    Removing main.o(.rrx_text), (6 bytes).
    Removing bsp_sevseg.o(.rev16_text), (4 bytes).
    Removing bsp_sevseg.o(.revsh_text), (4 bytes).
    Removing bsp_sevseg.o(.rrx_text), (6 bytes).
    Removing bsp_sevseg.o(i.LetterTab_find), (48 bytes).
    Removing bsp_sevseg.o(i.SMG_All_num), (92 bytes).
    Removing bsp_sevseg.o(i.SMG_BSP_Init), (76 bytes).
    Removing bsp_sevseg.o(i.SMG_BuffRead), (20 bytes).
    Removing bsp_sevseg.o(i.SMG_BuffWrite), (16 bytes).
    Removing bsp_sevseg.o(i.SMG_CleanAll), (28 bytes).
    Removing bsp_sevseg.o(i.SMG_CleanPos), (52 bytes).
    Removing bsp_sevseg.o(i.SMG_Refresh), (60 bytes).
    Removing bsp_sevseg.o(i.SMG_RotateShift), (112 bytes).
    Removing bsp_sevseg.o(i.SMG_SetCom), (52 bytes).
    Removing bsp_sevseg.o(i.SMG_ShowInt), (60 bytes).
    Removing bsp_sevseg.o(i.SMG_print), (66 bytes).
    Removing bsp_sevseg.o(i.SMG_setData), (28 bytes).
    Removing bsp_sevseg.o(i._getSEG_byChar), (44 bytes).
    Removing bsp_sevseg.o(.data), (72 bytes).
    Removing bsp.o(.rev16_text), (4 bytes).
    Removing bsp.o(.revsh_text), (4 bytes).
    Removing bsp.o(.rrx_text), (6 bytes).
    Removing bsp.o(i.Bsp_BTNScan), (80 bytes).
    Removing bsp.o(i.map), (22 bytes).
    Removing keypad4x4.o(.rev16_text), (4 bytes).
    Removing keypad4x4.o(.revsh_text), (4 bytes).
    Removing keypad4x4.o(.rrx_text), (6 bytes).
    Removing keypad4x4.o(i.KeyPad_getLastEvent), (12 bytes).
    Removing keypad4x4.o(i.getBitMask), (22 bytes).
    Removing keypad4x4.o(i.keyIndepend_Init), (36 bytes).
    Removing keypad4x4.o(i.keyPad4x4_Scan), (124 bytes).
    Removing keypad4x4.o(i.keyPad_Event), (104 bytes).
    Removing keypad4x4.o(i.keyPad_Init), (76 bytes).
    Removing keypad4x4.o(i.keyPad_delay), (32 bytes).
    Removing keypad4x4.o(i.key_Independ), (112 bytes).
    Removing keypad4x4.o(.data), (3 bytes).
    Removing appsmg_ui.o(.rev16_text), (4 bytes).
    Removing appsmg_ui.o(.revsh_text), (4 bytes).
    Removing appsmg_ui.o(.rrx_text), (6 bytes).
    Removing appsmg_ui.o(i.UI_setCursor), (2 bytes).
    Removing appsmg_ui.o(i._getKeyMap), (28 bytes).
    Removing appsmg_ui.o(i._keyMap2KeyID), (40 bytes).
    Removing appsmg_ui.o(i.enterBuff_add), (32 bytes).
    Removing appsmg_ui.o(i.enterBuff_backspace), (36 bytes).
    Removing appsmg_ui.o(i.enterBuff_clean), (24 bytes).
    Removing appsmg_ui.o(i.get_entBuff_length), (12 bytes).
    Removing appsmg_ui.o(i.ui_WaitEnter), (200 bytes).
    Removing appsmg_ui.o(.bss), (11 bytes).
    Removing appsmg_ui.o(.constdata), (16 bytes).
    Removing timtask.o(.rev16_text), (4 bytes).
    Removing timtask.o(.revsh_text), (4 bytes).
    Removing timtask.o(.rrx_text), (6 bytes).
    Removing timtask.o(i.tim2_addTask), (100 bytes).
    Removing timtask.o(i.tim2_delTask), (72 bytes).
    Removing timtask.o(i.timTask_avaiable), (16 bytes).
    Removing operatesetarea.o(.rev16_text), (4 bytes).
    Removing operatesetarea.o(.revsh_text), (4 bytes).
    Removing operatesetarea.o(.rrx_text), (6 bytes).
    Removing operatesetarea.o(i.app_setArea), (476 bytes).
    Removing operatesetarea.o(i.app_setArea_reset), (24 bytes).
    Removing operatesetarea.o(i.app_viewParam), (340 bytes).
    Removing operatesetarea.o(i.ui_getEnterPoint), (60 bytes).
    Removing operatesetarea.o(.data), (16 bytes).
    Removing joystick_driver.o(.rev16_text), (4 bytes).
    Removing joystick_driver.o(.revsh_text), (4 bytes).
    Removing joystick_driver.o(.rrx_text), (6 bytes).
    Removing joystick_driver.o(i.Joystick_Init), (312 bytes).
    Removing joystick_driver.o(i.Joystick_KeyScan), (56 bytes).
    Removing joystick_driver.o(i.Joystick_getAxisADC), (24 bytes).
    Removing joystick_driver.o(i.Joystick_getKeyEvent), (12 bytes).
    Removing joystick_driver.o(i.getHandGrasp_Push), (36 bytes).
    Removing joystick_driver.o(.data), (24 bytes).
    Removing servo_motorz.o(.rev16_text), (4 bytes).
    Removing servo_motorz.o(.revsh_text), (4 bytes).
    Removing servo_motorz.o(.rrx_text), (6 bytes).
    Removing servo_motorz.o(i.MotorZ_MoveByTime), (100 bytes).
    Removing servo_motorz.o(i.MotorZ_Run), (84 bytes).
    Removing servo_motorz.o(i.MotorZ_RunSig), (68 bytes).
    Removing servo_motorz.o(i.MotorZ_Stop), (28 bytes).
    Removing servo_motorz.o(i.ServoMotorZ_Init), (212 bytes).
    Removing servo_motorz.o(i.ServoWrite), (52 bytes).
    Removing servo_motorz.o(.data), (9 bytes).
    Removing lcd12864_driver.o(.rev16_text), (4 bytes).
    Removing lcd12864_driver.o(.revsh_text), (4 bytes).
    Removing lcd12864_driver.o(.rrx_text), (6 bytes).
    Removing lcd12864_driver.o(i.LCD12864_DatePort_Mode), (44 bytes).
    Removing lcd12864_driver.o(i.LCD12864_PortInit), (96 bytes).
    Removing lcd12864_driver.o(i.LCD_CMD_Init), (84 bytes).
    Removing lcd12864_driver.o(i.LCD_Clear_Screen), (16 bytes).
    Removing lcd12864_driver.o(i.LCD_CursorSet), (66 bytes).
    Removing lcd12864_driver.o(i.LCD_Graph_Clear), (110 bytes).
    Removing lcd12864_driver.o(i.LCD_Graph_XY), (68 bytes).
    Removing lcd12864_driver.o(i.LCD_Printf), (70 bytes).
    Removing lcd12864_driver.o(i.LCD_ReadBusy), (80 bytes).
    Removing lcd12864_driver.o(i.LCD_ReadData), (88 bytes).
    Removing lcd12864_driver.o(i.LCD_ShowInt), (116 bytes).
    Removing lcd12864_driver.o(i.LCD_StringPrint), (34 bytes).
    Removing lcd12864_driver.o(i.LCD_WriteCommand), (100 bytes).
    Removing lcd12864_driver.o(i.LCD_WriteData), (96 bytes).
    Removing lcd12864_driver.o(i.LCD_clearPos), (40 bytes).
    Removing lcd12864_driver.o(i.LCD_draw_Img), (116 bytes).
    Removing lcd12864_driver.o(i.LCD_draw_dot), (154 bytes).
    Removing lcd12864_driver.o(.data), (14 bytes).
    Removing uart_debug.o(.rev16_text), (4 bytes).
    Removing uart_debug.o(.revsh_text), (4 bytes).
    Removing uart_debug.o(.rrx_text), (6 bytes).
    Removing uart_debug.o(i.DBG_Uart_printf), (58 bytes).
    Removing uart_debug.o(i.DBG_Uart_write), (32 bytes).
    Removing uart_debug.o(i.USARTx_IRQHandler), (2 bytes).
    Removing utils.o(i.random), (24 bytes).
    Removing utils.o(i.uSrand), (12 bytes).
    Removing motor_hpwm.o(.rev16_text), (4 bytes).
    Removing motor_hpwm.o(.revsh_text), (4 bytes).
    Removing motor_hpwm.o(.rrx_text), (6 bytes).
    Removing motor_hpwm.o(i.MotorX_SigRun), (52 bytes).
    Removing motor_hpwm.o(i.Motor_PortInit), (80 bytes).
    Removing motor_hpwm.o(i.TIM1_PWM_Init), (204 bytes).
    Removing motor_hpwm.o(i.get_MotorDir), (40 bytes).
    Removing motor_hpwm.o(i.motorX_moveTo_disMM), (204 bytes).
    Removing motor_hpwm.o(i.motorY_moveTo_disMM), (204 bytes).
    Removing motor_hpwm.o(i.moveX_ToZero), (44 bytes).
    Removing motor_hpwm.o(.data), (3 bytes).
    Removing motor_locsensor.o(.rev16_text), (4 bytes).
    Removing motor_locsensor.o(.revsh_text), (4 bytes).
    Removing motor_locsensor.o(.rrx_text), (6 bytes).
    Removing motor_locsensor.o(i.locSensor_Init), (2 bytes).
    Removing motor_locsensor.o(i.locSensor_MorotX_Bind), (2 bytes).
    Removing motor_locsensor.o(i.locSensor_MorotY_Bind), (2 bytes).
    Removing sensor_encoder.o(.rev16_text), (4 bytes).
    Removing sensor_encoder.o(.revsh_text), (4 bytes).
    Removing sensor_encoder.o(.rrx_text), (6 bytes).
    Removing sensor_encoder.o(i.senEncoder_Init), (44 bytes).
    Removing sensor_extadc.o(.rev16_text), (4 bytes).
    Removing sensor_extadc.o(.revsh_text), (4 bytes).
    Removing sensor_extadc.o(.rrx_text), (6 bytes).
    Removing sensor_extadc.o(i.SenADC_Rand), (16 bytes).
    Removing sensor_extadc.o(i.senExtADC_Init), (20 bytes).
    Removing sensor_extadc.o(i.senExtADC_Init_Obsolete), (40 bytes).
    Removing sensor_extadc.o(i.senExtADC_Reset), (16 bytes).
    Removing sensor_extadc.o(i.senExtADC_Task), (80 bytes).
    Removing sensor_extadc.o(.data), (18 bytes).
    Removing motor_step.o(.rev16_text), (4 bytes).
    Removing motor_step.o(.revsh_text), (4 bytes).
    Removing motor_step.o(.rrx_text), (6 bytes).
    Removing motor_step.o(i.MotorStep_Init), (260 bytes).
    Removing motor_step.o(i.MotorStep_Reset), (32 bytes).
    Removing motor_step.o(i.MotorStep_Run), (112 bytes).
    Removing motor_step.o(i.MotorStep_SigRun), (52 bytes).
    Removing motor_step.o(i.MotorStep_Stop), (48 bytes).
    Removing motor_step.o(.bss), (16 bytes).
    Removing spi_hw.o(.rev16_text), (4 bytes).
    Removing spi_hw.o(.revsh_text), (4 bytes).
    Removing spi_hw.o(.rrx_text), (6 bytes).
    Removing spi_hw.o(i.HW_SPI_Init), (152 bytes).
    Removing spi_hw.o(i.SPI_Read_16Bit), (14 bytes).
    Removing spi_hw.o(i.SPI_Send_16Bit), (50 bytes).
    Removing ads1118.o(.rev16_text), (4 bytes).
    Removing ads1118.o(.revsh_text), (4 bytes).
    Removing ads1118.o(.rrx_text), (6 bytes).
    Removing ads1118.o(i.ADS1118_Init), (120 bytes).
    Removing ads1118.o(i.ADS1118_ReadADC), (108 bytes).
    Removing ads1118.o(i.ADS1118_StructInitDef), (104 bytes).
    Removing ads1118.o(i.ADS1118_setChannel), (40 bytes).
    Removing ads1118.o(i.ADS1118_setPGA), (40 bytes).
    Removing ads1118.o(.data), (2 bytes).
    Removing ads7950.o(.rev16_text), (4 bytes).
    Removing ads7950.o(.revsh_text), (4 bytes).
    Removing ads7950.o(.rrx_text), (6 bytes).
    Removing ads7950.o(i.ADS79xx_Init), (68 bytes).
    Removing ads7950.o(i.ADS79xx_ReadADC), (148 bytes).
    Removing ads7950.o(i.ADS79xx_ReadADC_Continue), (56 bytes).
    Removing ads7950.o(i.ADS79xx_setMode), (344 bytes).
    Removing ads7950.o(i.ads_delay), (28 bytes).
    Removing ads7950.o(.data), (12 bytes).
    Removing misc.o(.rev16_text), (4 bytes).
    Removing misc.o(.revsh_text), (4 bytes).
    Removing misc.o(.rrx_text), (6 bytes).
    Removing misc.o(i.NVIC_SetVectorTable), (20 bytes).
    Removing misc.o(i.NVIC_SystemLPConfig), (32 bytes).
    Removing misc.o(i.SysTick_CLKSourceConfig), (40 bytes).
    Removing stm32f10x_adc.o(.rev16_text), (4 bytes).
    Removing stm32f10x_adc.o(.revsh_text), (4 bytes).
    Removing stm32f10x_adc.o(.rrx_text), (6 bytes).
    Removing stm32f10x_adc.o(i.ADC_AnalogWatchdogCmd), (20 bytes).
    Removing stm32f10x_adc.o(i.ADC_AnalogWatchdogSingleChannelConfig), (16 bytes).
    Removing stm32f10x_adc.o(i.ADC_AnalogWatchdogThresholdsConfig), (6 bytes).
    Removing stm32f10x_adc.o(i.ADC_AutoInjectedConvCmd), (22 bytes).
    Removing stm32f10x_adc.o(i.ADC_ClearFlag), (6 bytes).
    Removing stm32f10x_adc.o(i.ADC_ClearITPendingBit), (10 bytes).
    Removing stm32f10x_adc.o(i.ADC_Cmd), (22 bytes).
    Removing stm32f10x_adc.o(i.ADC_DMACmd), (22 bytes).
    Removing stm32f10x_adc.o(i.ADC_DeInit), (92 bytes).
    Removing stm32f10x_adc.o(i.ADC_DiscModeChannelCountConfig), (24 bytes).
    Removing stm32f10x_adc.o(i.ADC_DiscModeCmd), (22 bytes).
    Removing stm32f10x_adc.o(i.ADC_ExternalTrigConvCmd), (22 bytes).
    Removing stm32f10x_adc.o(i.ADC_ExternalTrigInjectedConvCmd), (22 bytes).
    Removing stm32f10x_adc.o(i.ADC_ExternalTrigInjectedConvConfig), (16 bytes).
    Removing stm32f10x_adc.o(i.ADC_GetCalibrationStatus), (20 bytes).
    Removing stm32f10x_adc.o(i.ADC_GetConversionValue), (8 bytes).
    Removing stm32f10x_adc.o(i.ADC_GetDualModeConversionValue), (12 bytes).
    Removing stm32f10x_adc.o(i.ADC_GetFlagStatus), (18 bytes).
    Removing stm32f10x_adc.o(i.ADC_GetITStatus), (36 bytes).
    Removing stm32f10x_adc.o(i.ADC_GetInjectedConversionValue), (28 bytes).
    Removing stm32f10x_adc.o(i.ADC_GetResetCalibrationStatus), (20 bytes).
    Removing stm32f10x_adc.o(i.ADC_GetSoftwareStartConvStatus), (20 bytes).
    Removing stm32f10x_adc.o(i.ADC_GetSoftwareStartInjectedConvCmdStatus), (20 bytes).
    Removing stm32f10x_adc.o(i.ADC_ITConfig), (24 bytes).
    Removing stm32f10x_adc.o(i.ADC_Init), (80 bytes).
    Removing stm32f10x_adc.o(i.ADC_InjectedChannelConfig), (130 bytes).
    Removing stm32f10x_adc.o(i.ADC_InjectedDiscModeCmd), (22 bytes).
    Removing stm32f10x_adc.o(i.ADC_InjectedSequencerLengthConfig), (24 bytes).
    Removing stm32f10x_adc.o(i.ADC_RegularChannelConfig), (184 bytes).
    Removing stm32f10x_adc.o(i.ADC_ResetCalibration), (10 bytes).
    Removing stm32f10x_adc.o(i.ADC_SetInjectedOffset), (20 bytes).
    Removing stm32f10x_adc.o(i.ADC_SoftwareStartConvCmd), (22 bytes).
    Removing stm32f10x_adc.o(i.ADC_SoftwareStartInjectedConvCmd), (22 bytes).
    Removing stm32f10x_adc.o(i.ADC_StartCalibration), (10 bytes).
    Removing stm32f10x_adc.o(i.ADC_StructInit), (18 bytes).
    Removing stm32f10x_adc.o(i.ADC_TempSensorVrefintCmd), (36 bytes).
    Removing stm32f10x_dma.o(.rev16_text), (4 bytes).
    Removing stm32f10x_dma.o(.revsh_text), (4 bytes).
    Removing stm32f10x_dma.o(.rrx_text), (6 bytes).
    Removing stm32f10x_dma.o(i.DMA_ClearFlag), (28 bytes).
    Removing stm32f10x_dma.o(i.DMA_ClearITPendingBit), (28 bytes).
    Removing stm32f10x_dma.o(i.DMA_Cmd), (24 bytes).
    Removing stm32f10x_dma.o(i.DMA_DeInit), (332 bytes).
    Removing stm32f10x_dma.o(i.DMA_GetCurrDataCounter), (8 bytes).
    Removing stm32f10x_dma.o(i.DMA_GetFlagStatus), (44 bytes).
    Removing stm32f10x_dma.o(i.DMA_GetITStatus), (44 bytes).
    Removing stm32f10x_dma.o(i.DMA_ITConfig), (18 bytes).
    Removing stm32f10x_dma.o(i.DMA_Init), (60 bytes).
    Removing stm32f10x_dma.o(i.DMA_SetCurrDataCounter), (4 bytes).
    Removing stm32f10x_dma.o(i.DMA_StructInit), (26 bytes).
    Removing stm32f10x_exti.o(.rev16_text), (4 bytes).
    Removing stm32f10x_exti.o(.revsh_text), (4 bytes).
    Removing stm32f10x_exti.o(.rrx_text), (6 bytes).
    Removing stm32f10x_exti.o(i.EXTI_ClearFlag), (12 bytes).
    Removing stm32f10x_exti.o(i.EXTI_ClearITPendingBit), (12 bytes).
    Removing stm32f10x_exti.o(i.EXTI_DeInit), (36 bytes).
    Removing stm32f10x_exti.o(i.EXTI_GenerateSWInterrupt), (16 bytes).
    Removing stm32f10x_exti.o(i.EXTI_GetFlagStatus), (24 bytes).
    Removing stm32f10x_exti.o(i.EXTI_GetITStatus), (40 bytes).
    Removing stm32f10x_exti.o(i.EXTI_Init), (148 bytes).
    Removing stm32f10x_exti.o(i.EXTI_StructInit), (16 bytes).
    Removing stm32f10x_flash.o(.rev16_text), (4 bytes).
    Removing stm32f10x_flash.o(.revsh_text), (4 bytes).
    Removing stm32f10x_flash.o(.rrx_text), (6 bytes).
    Removing stm32f10x_flash.o(i.FLASH_ClearFlag), (12 bytes).
    Removing stm32f10x_flash.o(i.FLASH_EnableWriteProtection), (196 bytes).
    Removing stm32f10x_flash.o(i.FLASH_EraseAllBank1Pages), (72 bytes).
    Removing stm32f10x_flash.o(i.FLASH_EraseAllPages), (72 bytes).
    Removing stm32f10x_flash.o(i.FLASH_EraseOptionBytes), (168 bytes).
    Removing stm32f10x_flash.o(i.FLASH_ErasePage), (76 bytes).
    Removing stm32f10x_flash.o(i.FLASH_GetBank1Status), (52 bytes).
    Removing stm32f10x_flash.o(i.FLASH_GetFlagStatus), (48 bytes).
    Removing stm32f10x_flash.o(i.FLASH_GetPrefetchBufferStatus), (24 bytes).
    Removing stm32f10x_flash.o(i.FLASH_GetReadOutProtectionStatus), (24 bytes).
    Removing stm32f10x_flash.o(i.FLASH_GetStatus), (52 bytes).
    Removing stm32f10x_flash.o(i.FLASH_GetUserOptionByte), (12 bytes).
    Removing stm32f10x_flash.o(i.FLASH_GetWriteProtectionOptionByte), (12 bytes).
    Removing stm32f10x_flash.o(i.FLASH_HalfCycleAccessCmd), (28 bytes).
    Removing stm32f10x_flash.o(i.FLASH_ITConfig), (32 bytes).
    Removing stm32f10x_flash.o(i.FLASH_Lock), (20 bytes).
    Removing stm32f10x_flash.o(i.FLASH_LockBank1), (20 bytes).
    Removing stm32f10x_flash.o(i.FLASH_PrefetchBufferCmd), (28 bytes).
    Removing stm32f10x_flash.o(i.FLASH_ProgramHalfWord), (64 bytes).
    Removing stm32f10x_flash.o(i.FLASH_ProgramOptionByteData), (84 bytes).
    Removing stm32f10x_flash.o(i.FLASH_ProgramWord), (108 bytes).
    Removing stm32f10x_flash.o(i.FLASH_ReadOutProtection), (172 bytes).
    Removing stm32f10x_flash.o(i.FLASH_SetLatency), (24 bytes).
    Removing stm32f10x_flash.o(i.FLASH_Unlock), (24 bytes).
    Removing stm32f10x_flash.o(i.FLASH_UnlockBank1), (24 bytes).
    Removing stm32f10x_flash.o(i.FLASH_UserOptionByteConfig), (104 bytes).
    Removing stm32f10x_flash.o(i.FLASH_WaitForLastBank1Operation), (38 bytes).
    Removing stm32f10x_flash.o(i.FLASH_WaitForLastOperation), (38 bytes).
    Removing stm32f10x_gpio.o(.rev16_text), (4 bytes).
    Removing stm32f10x_gpio.o(.revsh_text), (4 bytes).
    Removing stm32f10x_gpio.o(.rrx_text), (6 bytes).
    Removing stm32f10x_gpio.o(i.GPIO_AFIODeInit), (20 bytes).
    Removing stm32f10x_gpio.o(i.GPIO_DeInit), (200 bytes).
    Removing stm32f10x_gpio.o(i.GPIO_ETH_MediaInterfaceConfig), (12 bytes).
    Removing stm32f10x_gpio.o(i.GPIO_EXTILineConfig), (64 bytes).
    Removing stm32f10x_gpio.o(i.GPIO_EventOutputCmd), (12 bytes).
    Removing stm32f10x_gpio.o(i.GPIO_EventOutputConfig), (32 bytes).
    Removing stm32f10x_gpio.o(i.GPIO_PinLockConfig), (18 bytes).
    Removing stm32f10x_gpio.o(i.GPIO_ReadInputData), (8 bytes).
    Removing stm32f10x_gpio.o(i.GPIO_ReadInputDataBit), (18 bytes).
    Removing stm32f10x_gpio.o(i.GPIO_ReadOutputData), (8 bytes).
    Removing stm32f10x_gpio.o(i.GPIO_ReadOutputDataBit), (18 bytes).
    Removing stm32f10x_gpio.o(i.GPIO_ResetBits), (4 bytes).
    Removing stm32f10x_gpio.o(i.GPIO_SetBits), (4 bytes).
    Removing stm32f10x_gpio.o(i.GPIO_StructInit), (16 bytes).
    Removing stm32f10x_gpio.o(i.GPIO_Write), (4 bytes).
    Removing stm32f10x_rcc.o(.rev16_text), (4 bytes).
    Removing stm32f10x_rcc.o(.revsh_text), (4 bytes).
    Removing stm32f10x_rcc.o(.rrx_text), (6 bytes).
    Removing stm32f10x_rcc.o(i.RCC_ADCCLKConfig), (24 bytes).
    Removing stm32f10x_rcc.o(i.RCC_AHBPeriphClockCmd), (32 bytes).
    Removing stm32f10x_rcc.o(i.RCC_APB1PeriphResetCmd), (32 bytes).
    Removing stm32f10x_rcc.o(i.RCC_APB2PeriphResetCmd), (32 bytes).
    Removing stm32f10x_rcc.o(i.RCC_AdjustHSICalibrationValue), (24 bytes).
    Removing stm32f10x_rcc.o(i.RCC_BackupResetCmd), (12 bytes).
    Removing stm32f10x_rcc.o(i.RCC_ClearFlag), (20 bytes).
    Removing stm32f10x_rcc.o(i.RCC_ClearITPendingBit), (12 bytes).
    Removing stm32f10x_rcc.o(i.RCC_ClockSecuritySystemCmd), (12 bytes).
    Removing stm32f10x_rcc.o(i.RCC_DeInit), (76 bytes).
    Removing stm32f10x_rcc.o(i.RCC_GetFlagStatus), (60 bytes).
    Removing stm32f10x_rcc.o(i.RCC_GetITStatus), (24 bytes).
    Removing stm32f10x_rcc.o(i.RCC_GetSYSCLKSource), (16 bytes).
    Removing stm32f10x_rcc.o(i.RCC_HCLKConfig), (24 bytes).
    Removing stm32f10x_rcc.o(i.RCC_HSEConfig), (76 bytes).
    Removing stm32f10x_rcc.o(i.RCC_HSICmd), (12 bytes).
    Removing stm32f10x_rcc.o(i.RCC_ITConfig), (32 bytes).
    Removing stm32f10x_rcc.o(i.RCC_LSEConfig), (52 bytes).
    Removing stm32f10x_rcc.o(i.RCC_LSICmd), (12 bytes).
    Removing stm32f10x_rcc.o(i.RCC_MCOConfig), (12 bytes).
    Removing stm32f10x_rcc.o(i.RCC_PCLK1Config), (24 bytes).
    Removing stm32f10x_rcc.o(i.RCC_PCLK2Config), (24 bytes).
    Removing stm32f10x_rcc.o(i.RCC_PLLCmd), (12 bytes).
    Removing stm32f10x_rcc.o(i.RCC_PLLConfig), (28 bytes).
    Removing stm32f10x_rcc.o(i.RCC_RTCCLKCmd), (12 bytes).
    Removing stm32f10x_rcc.o(i.RCC_RTCCLKConfig), (16 bytes).
    Removing stm32f10x_rcc.o(i.RCC_SYSCLKConfig), (24 bytes).
    Removing stm32f10x_rcc.o(i.RCC_USBCLKConfig), (12 bytes).
    Removing stm32f10x_rcc.o(i.RCC_WaitForHSEStartUp), (56 bytes).
    Removing stm32f10x_spi.o(.rev16_text), (4 bytes).
    Removing stm32f10x_spi.o(.revsh_text), (4 bytes).
    Removing stm32f10x_spi.o(.rrx_text), (6 bytes).
    Removing stm32f10x_spi.o(i.I2S_Cmd), (24 bytes).
    Removing stm32f10x_spi.o(i.I2S_Init), (232 bytes).
    Removing stm32f10x_spi.o(i.I2S_StructInit), (20 bytes).
    Removing stm32f10x_spi.o(i.SPI_BiDirectionalLineConfig), (28 bytes).
    Removing stm32f10x_spi.o(i.SPI_CalculateCRC), (24 bytes).
    Removing stm32f10x_spi.o(i.SPI_Cmd), (24 bytes).
    Removing stm32f10x_spi.o(i.SPI_DataSizeConfig), (18 bytes).
    Removing stm32f10x_spi.o(i.SPI_GetCRC), (16 bytes).
    Removing stm32f10x_spi.o(i.SPI_GetCRCPolynomial), (6 bytes).
    Removing stm32f10x_spi.o(i.SPI_I2S_ClearFlag), (6 bytes).
    Removing stm32f10x_spi.o(i.SPI_I2S_ClearITPendingBit), (20 bytes).
    Removing stm32f10x_spi.o(i.SPI_I2S_DMACmd), (18 bytes).
    Removing stm32f10x_spi.o(i.SPI_I2S_DeInit), (88 bytes).
    Removing stm32f10x_spi.o(i.SPI_I2S_GetFlagStatus), (18 bytes).
    Removing stm32f10x_spi.o(i.SPI_I2S_GetITStatus), (52 bytes).
    Removing stm32f10x_spi.o(i.SPI_I2S_ITConfig), (32 bytes).
    Removing stm32f10x_spi.o(i.SPI_I2S_ReceiveData), (6 bytes).
    Removing stm32f10x_spi.o(i.SPI_I2S_SendData), (4 bytes).
    Removing stm32f10x_spi.o(i.SPI_Init), (60 bytes).
    Removing stm32f10x_spi.o(i.SPI_NSSInternalSoftwareConfig), (30 bytes).
    Removing stm32f10x_spi.o(i.SPI_SSOutputCmd), (24 bytes).
    Removing stm32f10x_spi.o(i.SPI_StructInit), (24 bytes).
    Removing stm32f10x_spi.o(i.SPI_TransmitCRC), (10 bytes).
    Removing stm32f10x_tim.o(.rev16_text), (4 bytes).
    Removing stm32f10x_tim.o(.revsh_text), (4 bytes).
    Removing stm32f10x_tim.o(.rrx_text), (6 bytes).
    Removing stm32f10x_tim.o(i.TIM_BDTRConfig), (32 bytes).
    Removing stm32f10x_tim.o(i.TIM_BDTRStructInit), (18 bytes).
    Removing stm32f10x_tim.o(i.TIM_CCPreloadControl), (24 bytes).
    Removing stm32f10x_tim.o(i.TIM_ClearFlag), (6 bytes).
    Removing stm32f10x_tim.o(i.TIM_ClearOC1Ref), (18 bytes).
    Removing stm32f10x_tim.o(i.TIM_ClearOC2Ref), (24 bytes).
    Removing stm32f10x_tim.o(i.TIM_ClearOC3Ref), (18 bytes).
    Removing stm32f10x_tim.o(i.TIM_ClearOC4Ref), (24 bytes).
    Removing stm32f10x_tim.o(i.TIM_CounterModeConfig), (18 bytes).
    Removing stm32f10x_tim.o(i.TIM_DMACmd), (18 bytes).
    Removing stm32f10x_tim.o(i.TIM_DMAConfig), (10 bytes).
    Removing stm32f10x_tim.o(i.TIM_DeInit), (488 bytes).
    Removing stm32f10x_tim.o(i.TIM_ETRClockMode1Config), (54 bytes).
    Removing stm32f10x_tim.o(i.TIM_ETRClockMode2Config), (32 bytes).
    Removing stm32f10x_tim.o(i.TIM_ETRConfig), (28 bytes).
    Removing stm32f10x_tim.o(i.TIM_EncoderInterfaceConfig), (66 bytes).
    Removing stm32f10x_tim.o(i.TIM_ForcedOC1Config), (18 bytes).
    Removing stm32f10x_tim.o(i.TIM_ForcedOC2Config), (26 bytes).
    Removing stm32f10x_tim.o(i.TIM_ForcedOC3Config), (18 bytes).
    Removing stm32f10x_tim.o(i.TIM_ForcedOC4Config), (26 bytes).
    Removing stm32f10x_tim.o(i.TIM_GenerateEvent), (4 bytes).
    Removing stm32f10x_tim.o(i.TIM_GetCapture1), (6 bytes).
    Removing stm32f10x_tim.o(i.TIM_GetCapture2), (6 bytes).
    Removing stm32f10x_tim.o(i.TIM_GetCapture3), (6 bytes).
    Removing stm32f10x_tim.o(i.TIM_GetCapture4), (8 bytes).
    Removing stm32f10x_tim.o(i.TIM_GetCounter), (6 bytes).
    Removing stm32f10x_tim.o(i.TIM_GetFlagStatus), (18 bytes).
    Removing stm32f10x_tim.o(i.TIM_GetPrescaler), (6 bytes).
    Removing stm32f10x_tim.o(i.TIM_ITRxExternalClockConfig), (24 bytes).
    Removing stm32f10x_tim.o(i.TIM_InternalClockConfig), (12 bytes).
    Removing stm32f10x_tim.o(i.TIM_OC1FastConfig), (18 bytes).
    Removing stm32f10x_tim.o(i.TIM_OC1NPolarityConfig), (18 bytes).
    Removing stm32f10x_tim.o(i.TIM_OC1PolarityConfig), (18 bytes).
    Removing stm32f10x_tim.o(i.TIM_OC1PreloadConfig), (18 bytes).
    Removing stm32f10x_tim.o(i.TIM_OC2FastConfig), (26 bytes).
    Removing stm32f10x_tim.o(i.TIM_OC2NPolarityConfig), (26 bytes).
    Removing stm32f10x_tim.o(i.TIM_OC2PolarityConfig), (26 bytes).
    Removing stm32f10x_tim.o(i.TIM_OC2PreloadConfig), (26 bytes).
    Removing stm32f10x_tim.o(i.TIM_OC3FastConfig), (18 bytes).
    Removing stm32f10x_tim.o(i.TIM_OC3NPolarityConfig), (26 bytes).
    Removing stm32f10x_tim.o(i.TIM_OC3PolarityConfig), (26 bytes).
    Removing stm32f10x_tim.o(i.TIM_OC3PreloadConfig), (18 bytes).
    Removing stm32f10x_tim.o(i.TIM_OC4FastConfig), (26 bytes).
    Removing stm32f10x_tim.o(i.TIM_OC4Init), (124 bytes).
    Removing stm32f10x_tim.o(i.TIM_OC4PolarityConfig), (26 bytes).
    Removing stm32f10x_tim.o(i.TIM_OC4PreloadConfig), (26 bytes).
    Removing stm32f10x_tim.o(i.TIM_OCStructInit), (20 bytes).
    Removing stm32f10x_tim.o(i.TIM_PWMIConfig), (124 bytes).
    Removing stm32f10x_tim.o(i.TIM_PrescalerConfig), (6 bytes).
    Removing stm32f10x_tim.o(i.TIM_SelectCCDMA), (24 bytes).
    Removing stm32f10x_tim.o(i.TIM_SelectCOM), (24 bytes).
    Removing stm32f10x_tim.o(i.TIM_SelectHallSensor), (24 bytes).
    Removing stm32f10x_tim.o(i.TIM_SelectInputTrigger), (18 bytes).
    Removing stm32f10x_tim.o(i.TIM_SelectMasterSlaveMode), (18 bytes).
    Removing stm32f10x_tim.o(i.TIM_SelectOCxM), (82 bytes).
    Removing stm32f10x_tim.o(i.TIM_SelectOnePulseMode), (18 bytes).
    Removing stm32f10x_tim.o(i.TIM_SelectOutputTrigger), (18 bytes).
    Removing stm32f10x_tim.o(i.TIM_SelectSlaveMode), (18 bytes).
    Removing stm32f10x_tim.o(i.TIM_SetAutoreload), (4 bytes).
    Removing stm32f10x_tim.o(i.TIM_SetClockDivision), (18 bytes).
    Removing stm32f10x_tim.o(i.TIM_SetCompare1), (4 bytes).
    Removing stm32f10x_tim.o(i.TIM_SetCompare2), (4 bytes).
    Removing stm32f10x_tim.o(i.TIM_SetCompare3), (4 bytes).
    Removing stm32f10x_tim.o(i.TIM_SetCompare4), (6 bytes).
    Removing stm32f10x_tim.o(i.TIM_SetCounter), (4 bytes).
    Removing stm32f10x_tim.o(i.TIM_TIxExternalClockConfig), (62 bytes).
    Removing stm32f10x_tim.o(i.TIM_TimeBaseStructInit), (18 bytes).
    Removing stm32f10x_tim.o(i.TIM_UpdateDisableConfig), (24 bytes).
    Removing stm32f10x_tim.o(i.TIM_UpdateRequestConfig), (24 bytes).
    Removing stm32f10x_usart.o(.rev16_text), (4 bytes).
    Removing stm32f10x_usart.o(.revsh_text), (4 bytes).
    Removing stm32f10x_usart.o(.rrx_text), (6 bytes).
    Removing stm32f10x_usart.o(i.USART_ClearFlag), (18 bytes).
    Removing stm32f10x_usart.o(i.USART_ClearITPendingBit), (30 bytes).
    Removing stm32f10x_usart.o(i.USART_ClockInit), (34 bytes).
    Removing stm32f10x_usart.o(i.USART_ClockStructInit), (12 bytes).
    Removing stm32f10x_usart.o(i.USART_DMACmd), (18 bytes).
    Removing stm32f10x_usart.o(i.USART_DeInit), (156 bytes).
    Removing stm32f10x_usart.o(i.USART_GetFlagStatus), (26 bytes).
    Removing stm32f10x_usart.o(i.USART_GetITStatus), (84 bytes).
    Removing stm32f10x_usart.o(i.USART_HalfDuplexCmd), (24 bytes).
    Removing stm32f10x_usart.o(i.USART_ITConfig), (74 bytes).
    Removing stm32f10x_usart.o(i.USART_IrDACmd), (24 bytes).
    Removing stm32f10x_usart.o(i.USART_IrDAConfig), (18 bytes).
    Removing stm32f10x_usart.o(i.USART_LINBreakDetectLengthConfig), (18 bytes).
    Removing stm32f10x_usart.o(i.USART_LINCmd), (24 bytes).
    Removing stm32f10x_usart.o(i.USART_OneBitMethodCmd), (24 bytes).
    Removing stm32f10x_usart.o(i.USART_OverSampling8Cmd), (22 bytes).
    Removing stm32f10x_usart.o(i.USART_ReceiveData), (10 bytes).
    Removing stm32f10x_usart.o(i.USART_ReceiverWakeUpCmd), (24 bytes).
    Removing stm32f10x_usart.o(i.USART_SendBreak), (10 bytes).
    Removing stm32f10x_usart.o(i.USART_SendData), (8 bytes).
    Removing stm32f10x_usart.o(i.USART_SetAddress), (18 bytes).
    Removing stm32f10x_usart.o(i.USART_SetGuardTime), (16 bytes).
    Removing stm32f10x_usart.o(i.USART_SetPrescaler), (16 bytes).
    Removing stm32f10x_usart.o(i.USART_SmartCardCmd), (24 bytes).
    Removing stm32f10x_usart.o(i.USART_SmartCardNACKCmd), (24 bytes).
    Removing stm32f10x_usart.o(i.USART_StructInit), (24 bytes).
    Removing stm32f10x_usart.o(i.USART_WakeUpConfig), (18 bytes).
    Removing startup_stm32f10x_hd.o(HEAP), (512 bytes).
    Removing system_stm32f10x.o(.rev16_text), (4 bytes).
    Removing system_stm32f10x.o(.revsh_text), (4 bytes).
    Removing system_stm32f10x.o(.rrx_text), (6 bytes).
    Removing system_stm32f10x.o(i.SystemCoreClockUpdate), (164 bytes).
    Removing dfltui.o(.text), (26 bytes).
    Removing dfixui.o(.text), (50 bytes).
    Removing dadd.o(.text), (334 bytes).
    Removing ddiv.o(.text), (222 bytes).
    Removing dscalb.o(.text), (46 bytes).
    Removing dfixul.o(.text), (48 bytes).
    Removing cdrcmple.o(.text), (48 bytes).
    Removing dsqrt.o(.text), (162 bytes).
    Removing cdcmple.o(.text), (48 bytes).

469 unused section(s) (total 19112 bytes) removed from the image.

==============================================================================

Image Symbol Table

    Local Symbols

    Symbol Name                              Value     Ov Type        Size  Object(Section)

    ../clib/microlib/ctype/ctype.c           0x00000000   Number         0  isupper_o.o ABSOLUTE
    ../clib/microlib/ctype/ctype.c           0x00000000   Number         0  ctype_o.o ABSOLUTE
    ../clib/microlib/ctype/ctype.c           0x00000000   Number         0  isprint_o.o ABSOLUTE
    ../clib/microlib/ctype/ctype.c           0x00000000   Number         0  isdigit_o.o ABSOLUTE
    ../clib/microlib/ctype/ctype.c           0x00000000   Number         0  iscntrl_o.o ABSOLUTE
    ../clib/microlib/ctype/ctype.c           0x00000000   Number         0  isblank_o.o ABSOLUTE
    ../clib/microlib/ctype/ctype.c           0x00000000   Number         0  isalpha_o.o ABSOLUTE
    ../clib/microlib/ctype/ctype.c           0x00000000   Number         0  isalnum_o.o ABSOLUTE
    ../clib/microlib/ctype/ctype.c           0x00000000   Number         0  isxdigit_o.o ABSOLUTE
    ../clib/microlib/ctype/ctype.c           0x00000000   Number         0  isspace_o.o ABSOLUTE
    ../clib/microlib/ctype/ctype.c           0x00000000   Number         0  ispunct_o.o ABSOLUTE
    ../clib/microlib/ctype/ctype.c           0x00000000   Number         0  islower_o.o ABSOLUTE
    ../clib/microlib/ctype/ctype.c           0x00000000   Number         0  isgraph_o.o ABSOLUTE
    ../clib/microlib/ctype/toupper.c         0x00000000   Number         0  toupper.o ABSOLUTE
    ../clib/microlib/division.c              0x00000000   Number         0  uidiv.o ABSOLUTE
    ../clib/microlib/division.c              0x00000000   Number         0  uldiv.o ABSOLUTE
    ../clib/microlib/errno.c                 0x00000000   Number         0  errno.o ABSOLUTE
    ../clib/microlib/init/entry.s            0x00000000   Number         0  entry.o ABSOLUTE
    ../clib/microlib/init/entry.s            0x00000000   Number         0  entry11a.o ABSOLUTE
    ../clib/microlib/init/entry.s            0x00000000   Number         0  entry11b.o ABSOLUTE
    ../clib/microlib/init/entry.s            0x00000000   Number         0  entry2.o ABSOLUTE
    ../clib/microlib/init/entry.s            0x00000000   Number         0  entry12a.o ABSOLUTE
    ../clib/microlib/init/entry.s            0x00000000   Number         0  entry12b.o ABSOLUTE
    ../clib/microlib/init/entry.s            0x00000000   Number         0  entry5.o ABSOLUTE
    ../clib/microlib/init/entry.s            0x00000000   Number         0  entry7a.o ABSOLUTE
    ../clib/microlib/init/entry.s            0x00000000   Number         0  entry8b.o ABSOLUTE
    ../clib/microlib/init/entry.s            0x00000000   Number         0  entry9b.o ABSOLUTE
    ../clib/microlib/init/entry.s            0x00000000   Number         0  entry8a.o ABSOLUTE
    ../clib/microlib/init/entry.s            0x00000000   Number         0  entry10a.o ABSOLUTE
    ../clib/microlib/init/entry.s            0x00000000   Number         0  entry9a.o ABSOLUTE
    ../clib/microlib/init/entry.s            0x00000000   Number         0  entry10b.o ABSOLUTE
    ../clib/microlib/init/entry.s            0x00000000   Number         0  entry7b.o ABSOLUTE
    ../clib/microlib/longlong.c              0x00000000   Number         0  llushr.o ABSOLUTE
    ../clib/microlib/longlong.c              0x00000000   Number         0  llsshr.o ABSOLUTE
    ../clib/microlib/longlong.c              0x00000000   Number         0  llshl.o ABSOLUTE
    ../clib/microlib/printf/printf.c         0x00000000   Number         0  printfa.o ABSOLUTE
    ../clib/microlib/printf/printf.c         0x00000000   Number         0  printf8.o ABSOLUTE
    ../clib/microlib/printf/printf.c         0x00000000   Number         0  printf2.o ABSOLUTE
    ../clib/microlib/printf/printf.c         0x00000000   Number         0  printf7.o ABSOLUTE
    ../clib/microlib/printf/printf.c         0x00000000   Number         0  printf6.o ABSOLUTE
    ../clib/microlib/printf/printf.c         0x00000000   Number         0  printf5.o ABSOLUTE
    ../clib/microlib/printf/printf.c         0x00000000   Number         0  printf4.o ABSOLUTE
    ../clib/microlib/printf/printf.c         0x00000000   Number         0  printf3.o ABSOLUTE
    ../clib/microlib/printf/printf.c         0x00000000   Number         0  printf1.o ABSOLUTE
    ../clib/microlib/printf/printf.c         0x00000000   Number         0  printf0.o ABSOLUTE
    ../clib/microlib/printf/printf.c         0x00000000   Number         0  printfb.o ABSOLUTE
    ../clib/microlib/printf/stubs.s          0x00000000   Number         0  stubs.o ABSOLUTE
    ../clib/microlib/stdio/fputc.c           0x00000000   Number         0  fputc.o ABSOLUTE
    ../clib/microlib/stdio/semi.s            0x00000000   Number         0  semi.o ABSOLUTE
    ../clib/microlib/stdio/streams.c         0x00000000   Number         0  stdout.o ABSOLUTE
    ../clib/microlib/stdlib/rand.c           0x00000000   Number         0  rand.o ABSOLUTE
    ../clib/microlib/string/memset.c         0x00000000   Number         0  memseta.o ABSOLUTE
    ../clib/microlib/string/strlen.c         0x00000000   Number         0  strlen.o ABSOLUTE
    ../clib/microlib/string/strncpy.c        0x00000000   Number         0  strncpy.o ABSOLUTE
    ../clib/microlib/stubs.s                 0x00000000   Number         0  iusefp.o ABSOLUTE
    ../clib/microlib/stubs.s                 0x00000000   Number         0  iusesemip.o ABSOLUTE
    ../clib/scanf.c                          0x00000000   Number         0  _strtoul.o ABSOLUTE
    ../clib/scanf.c                          0x00000000   Number         0  strtol.o ABSOLUTE
    ../clib/scanf.c                          0x00000000   Number         0  _chval.o ABSOLUTE
    ../clib/scanf.c                          0x00000000   Number         0  atoi.o ABSOLUTE
    ../fplib/microlib/fpadd.c                0x00000000   Number         0  dadd.o ABSOLUTE
    ../fplib/microlib/fpdiv.c                0x00000000   Number         0  ddiv.o ABSOLUTE
    ../fplib/microlib/fpepilogue.c           0x00000000   Number         0  depilogue.o ABSOLUTE
    ../fplib/microlib/fpfix.c                0x00000000   Number         0  dfixul.o ABSOLUTE
    ../fplib/microlib/fpfix.c                0x00000000   Number         0  dfixi.o ABSOLUTE
    ../fplib/microlib/fpfix.c                0x00000000   Number         0  dfixui.o ABSOLUTE
    ../fplib/microlib/fpflt.c                0x00000000   Number         0  dfltui.o ABSOLUTE
    ../fplib/microlib/fpflt.c                0x00000000   Number         0  dflti.o ABSOLUTE
    ../fplib/microlib/fpmul.c                0x00000000   Number         0  dmul.o ABSOLUTE
    ../fplib/microlib/fpscalb.c              0x00000000   Number         0  dscalb.o ABSOLUTE
    ../fplib/microlib/fpsqrt.c               0x00000000   Number         0  dsqrt.o ABSOLUTE
    ../mathlib/dunder.c                      0x00000000   Number         0  dunder.o ABSOLUTE
    ../mathlib/fpclassify.c                  0x00000000   Number         0  fpclassify.o ABSOLUTE
    ../mathlib/poly.c                        0x00000000   Number         0  poly.o ABSOLUTE
    ../mathlib/pow.c                         0x00000000   Number         0  pow_x.o ABSOLUTE
    ../mathlib/pow.c                         0x00000000   Number         0  pow.o ABSOLUTE
    ../mathlib/qnan.c                        0x00000000   Number         0  qnan.o ABSOLUTE
    ../mathlib/sqrt.c                        0x00000000   Number         0  sqrt_x.o ABSOLUTE
    ../mathlib/sqrt.c                        0x00000000   Number         0  sqrt.o ABSOLUTE
    ..\Src\BSP.c                             0x00000000   Number         0  bsp.o ABSOLUTE
    ..\Src\Bsp_sevseg.c                      0x00000000   Number         0  bsp_sevseg.o ABSOLUTE
    ..\Src\Joystick_Driver.c                 0x00000000   Number         0  joystick_driver.o ABSOLUTE
    ..\Src\KeyPad4x4.c                       0x00000000   Number         0  keypad4x4.o ABSOLUTE
    ..\Src\LCD12864_Driver.c                 0x00000000   Number         0  lcd12864_driver.o ABSOLUTE
    ..\Src\Motors\ExtADC\ADS1118.c           0x00000000   Number         0  ads1118.o ABSOLUTE
    ..\Src\Motors\ExtADC\ADS7950.c           0x00000000   Number         0  ads7950.o ABSOLUTE
    ..\Src\Motors\ExtADC\SPI_HW.c            0x00000000   Number         0  spi_hw.o ABSOLUTE
    ..\Src\Motors\LocSensor\Sensor_Encoder.c 0x00000000   Number         0  sensor_encoder.o ABSOLUTE
    ..\Src\Motors\LocSensor\Sensor_ExtADC.c  0x00000000   Number         0  sensor_extadc.o ABSOLUTE
    ..\Src\Motors\Motor_HPWM.c               0x00000000   Number         0  motor_hpwm.o ABSOLUTE
    ..\Src\Motors\Motor_LocSensor.c          0x00000000   Number         0  motor_locsensor.o ABSOLUTE
    ..\Src\Motors\Motor_Step.c               0x00000000   Number         0  motor_step.o ABSOLUTE
    ..\Src\Motors\Servo_MotorZ.c             0x00000000   Number         0  servo_motorz.o ABSOLUTE
    ..\Src\TimTask.c                         0x00000000   Number         0  timtask.o ABSOLUTE
    ..\Src\Uart_Debug.c                      0x00000000   Number         0  uart_debug.o ABSOLUTE
    ..\Src\appSMG_UI.c                       0x00000000   Number         0  appsmg_ui.o ABSOLUTE
    ..\Src\main.c                            0x00000000   Number         0  main.o ABSOLUTE
    ..\Src\operateSetArea.c                  0x00000000   Number         0  operatesetarea.o ABSOLUTE
    ..\Src\utils.c                           0x00000000   Number         0  utils.o ABSOLUTE
    ..\\Src\\BSP.c                           0x00000000   Number         0  bsp.o ABSOLUTE
    ..\\Src\\Bsp_sevseg.c                    0x00000000   Number         0  bsp_sevseg.o ABSOLUTE
    ..\\Src\\Joystick_Driver.c               0x00000000   Number         0  joystick_driver.o ABSOLUTE
    ..\\Src\\KeyPad4x4.c                     0x00000000   Number         0  keypad4x4.o ABSOLUTE
    ..\\Src\\LCD12864_Driver.c               0x00000000   Number         0  lcd12864_driver.o ABSOLUTE
    ..\\Src\\Motors\\ExtADC\\ADS1118.c       0x00000000   Number         0  ads1118.o ABSOLUTE
    ..\\Src\\Motors\\ExtADC\\ADS7950.c       0x00000000   Number         0  ads7950.o ABSOLUTE
    ..\\Src\\Motors\\ExtADC\\SPI_HW.c        0x00000000   Number         0  spi_hw.o ABSOLUTE
    ..\\Src\\Motors\\LocSensor\\Sensor_Encoder.c 0x00000000   Number         0  sensor_encoder.o ABSOLUTE
    ..\\Src\\Motors\\LocSensor\\Sensor_ExtADC.c 0x00000000   Number         0  sensor_extadc.o ABSOLUTE
    ..\\Src\\Motors\\Motor_HPWM.c            0x00000000   Number         0  motor_hpwm.o ABSOLUTE
    ..\\Src\\Motors\\Motor_LocSensor.c       0x00000000   Number         0  motor_locsensor.o ABSOLUTE
    ..\\Src\\Motors\\Motor_Step.c            0x00000000   Number         0  motor_step.o ABSOLUTE
    ..\\Src\\Motors\\Servo_MotorZ.c          0x00000000   Number         0  servo_motorz.o ABSOLUTE
    ..\\Src\\TimTask.c                       0x00000000   Number         0  timtask.o ABSOLUTE
    ..\\Src\\Uart_Debug.c                    0x00000000   Number         0  uart_debug.o ABSOLUTE
    ..\\Src\\appSMG_UI.c                     0x00000000   Number         0  appsmg_ui.o ABSOLUTE
    ..\\Src\\main.c                          0x00000000   Number         0  main.o ABSOLUTE
    ..\\Src\\operateSetArea.c                0x00000000   Number         0  operatesetarea.o ABSOLUTE
    C:\Users\DELL\AppData\Local\Arm\Packs\Keil\STM32F1xx_DFP\2.4.0\Device\StdPeriph_Driver\src\misc.c 0x00000000   Number         0  misc.o ABSOLUTE
    C:\Users\DELL\AppData\Local\Arm\Packs\Keil\STM32F1xx_DFP\2.4.0\Device\StdPeriph_Driver\src\stm32f10x_adc.c 0x00000000   Number         0  stm32f10x_adc.o ABSOLUTE
    C:\Users\DELL\AppData\Local\Arm\Packs\Keil\STM32F1xx_DFP\2.4.0\Device\StdPeriph_Driver\src\stm32f10x_dma.c 0x00000000   Number         0  stm32f10x_dma.o ABSOLUTE
    C:\Users\DELL\AppData\Local\Arm\Packs\Keil\STM32F1xx_DFP\2.4.0\Device\StdPeriph_Driver\src\stm32f10x_exti.c 0x00000000   Number         0  stm32f10x_exti.o ABSOLUTE
    C:\Users\DELL\AppData\Local\Arm\Packs\Keil\STM32F1xx_DFP\2.4.0\Device\StdPeriph_Driver\src\stm32f10x_flash.c 0x00000000   Number         0  stm32f10x_flash.o ABSOLUTE
    C:\Users\DELL\AppData\Local\Arm\Packs\Keil\STM32F1xx_DFP\2.4.0\Device\StdPeriph_Driver\src\stm32f10x_gpio.c 0x00000000   Number         0  stm32f10x_gpio.o ABSOLUTE
    C:\Users\DELL\AppData\Local\Arm\Packs\Keil\STM32F1xx_DFP\2.4.0\Device\StdPeriph_Driver\src\stm32f10x_rcc.c 0x00000000   Number         0  stm32f10x_rcc.o ABSOLUTE
    C:\Users\DELL\AppData\Local\Arm\Packs\Keil\STM32F1xx_DFP\2.4.0\Device\StdPeriph_Driver\src\stm32f10x_spi.c 0x00000000   Number         0  stm32f10x_spi.o ABSOLUTE
    C:\Users\DELL\AppData\Local\Arm\Packs\Keil\STM32F1xx_DFP\2.4.0\Device\StdPeriph_Driver\src\stm32f10x_tim.c 0x00000000   Number         0  stm32f10x_tim.o ABSOLUTE
    C:\Users\DELL\AppData\Local\Arm\Packs\Keil\STM32F1xx_DFP\2.4.0\Device\StdPeriph_Driver\src\stm32f10x_usart.c 0x00000000   Number         0  stm32f10x_usart.o ABSOLUTE
    C:\\Users\\DELL\\AppData\\Local\\Arm\\Packs\\Keil\\STM32F1xx_DFP\\2.4.0\\Device\\StdPeriph_Driver\\src\\misc.c 0x00000000   Number         0  misc.o ABSOLUTE
    C:\\Users\\DELL\\AppData\\Local\\Arm\\Packs\\Keil\\STM32F1xx_DFP\\2.4.0\\Device\\StdPeriph_Driver\\src\\stm32f10x_adc.c 0x00000000   Number         0  stm32f10x_adc.o ABSOLUTE
    C:\\Users\\DELL\\AppData\\Local\\Arm\\Packs\\Keil\\STM32F1xx_DFP\\2.4.0\\Device\\StdPeriph_Driver\\src\\stm32f10x_dma.c 0x00000000   Number         0  stm32f10x_dma.o ABSOLUTE
    C:\\Users\\DELL\\AppData\\Local\\Arm\\Packs\\Keil\\STM32F1xx_DFP\\2.4.0\\Device\\StdPeriph_Driver\\src\\stm32f10x_exti.c 0x00000000   Number         0  stm32f10x_exti.o ABSOLUTE
    C:\\Users\\DELL\\AppData\\Local\\Arm\\Packs\\Keil\\STM32F1xx_DFP\\2.4.0\\Device\\StdPeriph_Driver\\src\\stm32f10x_flash.c 0x00000000   Number         0  stm32f10x_flash.o ABSOLUTE
    C:\\Users\\DELL\\AppData\\Local\\Arm\\Packs\\Keil\\STM32F1xx_DFP\\2.4.0\\Device\\StdPeriph_Driver\\src\\stm32f10x_gpio.c 0x00000000   Number         0  stm32f10x_gpio.o ABSOLUTE
    C:\\Users\\DELL\\AppData\\Local\\Arm\\Packs\\Keil\\STM32F1xx_DFP\\2.4.0\\Device\\StdPeriph_Driver\\src\\stm32f10x_rcc.c 0x00000000   Number         0  stm32f10x_rcc.o ABSOLUTE
    C:\\Users\\DELL\\AppData\\Local\\Arm\\Packs\\Keil\\STM32F1xx_DFP\\2.4.0\\Device\\StdPeriph_Driver\\src\\stm32f10x_spi.c 0x00000000   Number         0  stm32f10x_spi.o ABSOLUTE
    C:\\Users\\DELL\\AppData\\Local\\Arm\\Packs\\Keil\\STM32F1xx_DFP\\2.4.0\\Device\\StdPeriph_Driver\\src\\stm32f10x_tim.c 0x00000000   Number         0  stm32f10x_tim.o ABSOLUTE
    C:\\Users\\DELL\\AppData\\Local\\Arm\\Packs\\Keil\\STM32F1xx_DFP\\2.4.0\\Device\\StdPeriph_Driver\\src\\stm32f10x_usart.c 0x00000000   Number         0  stm32f10x_usart.o ABSOLUTE
    RTE\Device\STM32F103ZE\startup_stm32f10x_hd.s 0x00000000   Number         0  startup_stm32f10x_hd.o ABSOLUTE
    RTE\Device\STM32F103ZE\system_stm32f10x.c 0x00000000   Number         0  system_stm32f10x.o ABSOLUTE
    RTE\\Device\\STM32F103ZE\\system_stm32f10x.c 0x00000000   Number         0  system_stm32f10x.o ABSOLUTE
    cdcmple.s                                0x00000000   Number         0  cdcmple.o ABSOLUTE
    cdrcmple.s                               0x00000000   Number         0  cdrcmple.o ABSOLUTE
    dc.s                                     0x00000000   Number         0  dc.o ABSOLUTE
    handlers.s                               0x00000000   Number         0  handlers.o ABSOLUTE
    init.s                                   0x00000000   Number         0  init.o ABSOLUTE
    RESET                                    0x08000000   Section      304  startup_stm32f10x_hd.o(RESET)
    .ARM.Collect$$$$00000000                 0x08000130   Section        0  entry.o(.ARM.Collect$$$$00000000)
    .ARM.Collect$$$$00000001                 0x08000130   Section        4  entry2.o(.ARM.Collect$$$$00000001)
    .ARM.Collect$$$$00000004                 0x08000134   Section        4  entry5.o(.ARM.Collect$$$$00000004)
    .ARM.Collect$$$$00000008                 0x08000138   Section        0  entry7b.o(.ARM.Collect$$$$00000008)
    .ARM.Collect$$$$0000000A                 0x08000138   Section        0  entry8b.o(.ARM.Collect$$$$0000000A)
    .ARM.Collect$$$$0000000B                 0x08000138   Section        8  entry9a.o(.ARM.Collect$$$$0000000B)
    .ARM.Collect$$$$0000000E                 0x08000140   Section        4  entry12b.o(.ARM.Collect$$$$0000000E)
    .ARM.Collect$$$$0000000F                 0x08000144   Section        0  entry10a.o(.ARM.Collect$$$$0000000F)
    .ARM.Collect$$$$00000011                 0x08000144   Section        0  entry11a.o(.ARM.Collect$$$$00000011)
    .ARM.Collect$$$$00002712                 0x08000144   Section        4  entry2.o(.ARM.Collect$$$$00002712)
    __lit__00000000                          0x08000144   Data           4  entry2.o(.ARM.Collect$$$$00002712)
    .text                                    0x08000148   Section       36  startup_stm32f10x_hd.o(.text)
    .text                                    0x0800016c   Section        0  dmul.o(.text)
    .text                                    0x08000250   Section        0  dflti.o(.text)
    .text                                    0x08000272   Section        0  dfixi.o(.text)
    .text                                    0x080002b0   Section        0  llushr.o(.text)
    .text                                    0x080002d0   Section        0  iusefp.o(.text)
    .text                                    0x080002d0   Section        0  depilogue.o(.text)
    .text                                    0x0800038c   Section       36  init.o(.text)
    .text                                    0x080003b0   Section        0  llshl.o(.text)
    i.BSP_Configuration                      0x080003d0   Section        0  bsp.o(i.BSP_Configuration)
    i.Beep_On                                0x0800048c   Section        0  bsp.o(i.Beep_On)
    i.DBG_Uart_Init                          0x080004c0   Section        0  uart_debug.o(i.DBG_Uart_Init)
    i.GPIO_Init                              0x08000540   Section        0  stm32f10x_gpio.o(i.GPIO_Init)
    i.GPIO_PinRemapConfig                    0x08000658   Section        0  stm32f10x_gpio.o(i.GPIO_PinRemapConfig)
    i.GPIO_WriteBit                          0x080006e8   Section        0  stm32f10x_gpio.o(i.GPIO_WriteBit)
    i.MotorX_Reset                           0x080006f4   Section        0  motor_hpwm.o(i.MotorX_Reset)
    i.MotorX_Run                             0x08000714   Section        0  motor_hpwm.o(i.MotorX_Run)
    i.MotorX_Stop                            0x08000738   Section        0  motor_hpwm.o(i.MotorX_Stop)
    i.MotorY_Reset                           0x0800075c   Section        0  motor_hpwm.o(i.MotorY_Reset)
    i.MotorY_Run                             0x0800077c   Section        0  motor_hpwm.o(i.MotorY_Run)
    i.MotorY_SigRun                          0x080007a0   Section        0  motor_hpwm.o(i.MotorY_SigRun)
    i.MotorY_Stop                            0x080007d4   Section        0  motor_hpwm.o(i.MotorY_Stop)
    i.Motor_X_Init                           0x080007f8   Section        0  motor_hpwm.o(i.Motor_X_Init)
    i.Motor_Y_Init                           0x080008b4   Section        0  motor_hpwm.o(i.Motor_Y_Init)
    i.NVIC_Init                              0x08000970   Section        0  misc.o(i.NVIC_Init)
    i.NVIC_PriorityGroupConfig               0x080009e0   Section        0  misc.o(i.NVIC_PriorityGroupConfig)
    i.RCC_APB1PeriphClockCmd                 0x080009f4   Section        0  stm32f10x_rcc.o(i.RCC_APB1PeriphClockCmd)
    i.RCC_APB2PeriphClockCmd                 0x08000a14   Section        0  stm32f10x_rcc.o(i.RCC_APB2PeriphClockCmd)
    i.RCC_GetClocksFreq                      0x08000a34   Section        0  stm32f10x_rcc.o(i.RCC_GetClocksFreq)
    i.SetSysClock                            0x08000b08   Section        0  system_stm32f10x.o(i.SetSysClock)
    SetSysClock                              0x08000b09   Thumb Code     8  system_stm32f10x.o(i.SetSysClock)
    i.SetSysClockTo72                        0x08000b10   Section        0  system_stm32f10x.o(i.SetSysClockTo72)
    SetSysClockTo72                          0x08000b11   Thumb Code   214  system_stm32f10x.o(i.SetSysClockTo72)
    i.SysTick_Handler                        0x08000bf0   Section        0  bsp.o(i.SysTick_Handler)
    i.SystemInit                             0x08000bf8   Section        0  system_stm32f10x.o(i.SystemInit)
    i.TI1_Config                             0x08000c58   Section        0  stm32f10x_tim.o(i.TI1_Config)
    TI1_Config                               0x08000c59   Thumb Code   108  stm32f10x_tim.o(i.TI1_Config)
    i.TI2_Config                             0x08000cd8   Section        0  stm32f10x_tim.o(i.TI2_Config)
    TI2_Config                               0x08000cd9   Thumb Code   130  stm32f10x_tim.o(i.TI2_Config)
    i.TI3_Config                             0x08000d70   Section        0  stm32f10x_tim.o(i.TI3_Config)
    TI3_Config                               0x08000d71   Thumb Code   122  stm32f10x_tim.o(i.TI3_Config)
    i.TI4_Config                             0x08000e00   Section        0  stm32f10x_tim.o(i.TI4_Config)
    TI4_Config                               0x08000e01   Thumb Code   130  stm32f10x_tim.o(i.TI4_Config)
    i.TIM1_PWM_COM_Init                      0x08000e98   Section        0  motor_hpwm.o(i.TIM1_PWM_COM_Init)
    i.TIM2_IRQHandler                        0x08000ef8   Section        0  timtask.o(i.TIM2_IRQHandler)
    i.TIM3_Cap_Init                          0x08000f74   Section        0  sensor_encoder.o(i.TIM3_Cap_Init)
    i.TIM3_IRQHandler                        0x08000fcc   Section        0  sensor_encoder.o(i.TIM3_IRQHandler)
    i.TIM_ARRPreloadConfig                   0x080010ec   Section        0  stm32f10x_tim.o(i.TIM_ARRPreloadConfig)
    i.TIM_CCxCmd                             0x08001104   Section        0  stm32f10x_tim.o(i.TIM_CCxCmd)
    i.TIM_CCxNCmd                            0x08001122   Section        0  stm32f10x_tim.o(i.TIM_CCxNCmd)
    i.TIM_ClearITPendingBit                  0x08001140   Section        0  stm32f10x_tim.o(i.TIM_ClearITPendingBit)
    i.TIM_Cmd                                0x08001146   Section        0  stm32f10x_tim.o(i.TIM_Cmd)
    i.TIM_CtrlPWMOutputs                     0x0800115e   Section        0  stm32f10x_tim.o(i.TIM_CtrlPWMOutputs)
    i.TIM_GetITStatus                        0x0800117c   Section        0  stm32f10x_tim.o(i.TIM_GetITStatus)
    i.TIM_ICInit                             0x080011a0   Section        0  stm32f10x_tim.o(i.TIM_ICInit)
    i.TIM_ICStructInit                       0x0800124c   Section        0  stm32f10x_tim.o(i.TIM_ICStructInit)
    i.TIM_ITConfig                           0x0800125e   Section        0  stm32f10x_tim.o(i.TIM_ITConfig)
    i.TIM_OC1Init                            0x08001270   Section        0  stm32f10x_tim.o(i.TIM_OC1Init)
    i.TIM_OC2Init                            0x08001308   Section        0  stm32f10x_tim.o(i.TIM_OC2Init)
    i.TIM_OC3Init                            0x080013ac   Section        0  stm32f10x_tim.o(i.TIM_OC3Init)
    i.TIM_SetIC1Prescaler                    0x0800144c   Section        0  stm32f10x_tim.o(i.TIM_SetIC1Prescaler)
    i.TIM_SetIC2Prescaler                    0x0800145e   Section        0  stm32f10x_tim.o(i.TIM_SetIC2Prescaler)
    i.TIM_SetIC3Prescaler                    0x08001478   Section        0  stm32f10x_tim.o(i.TIM_SetIC3Prescaler)
    i.TIM_SetIC4Prescaler                    0x0800148a   Section        0  stm32f10x_tim.o(i.TIM_SetIC4Prescaler)
    i.TIM_TimeBaseInit                       0x080014a4   Section        0  stm32f10x_tim.o(i.TIM_TimeBaseInit)
    i.TimTask_Init                           0x08001548   Section        0  timtask.o(i.TimTask_Init)
    i.USART_Cmd                              0x080015a2   Section        0  stm32f10x_usart.o(i.USART_Cmd)
    i.USART_Init                             0x080015bc   Section        0  stm32f10x_usart.o(i.USART_Init)
    i.__NVIC_SetPriority                     0x08001694   Section        0  bsp.o(i.__NVIC_SetPriority)
    __NVIC_SetPriority                       0x08001695   Thumb Code    32  bsp.o(i.__NVIC_SetPriority)
    i.__scatterload_copy                     0x080016bc   Section       14  handlers.o(i.__scatterload_copy)
    i.__scatterload_null                     0x080016ca   Section        2  handlers.o(i.__scatterload_null)
    i.__scatterload_zeroinit                 0x080016cc   Section       14  handlers.o(i.__scatterload_zeroinit)
    i._getPWMofCCR                           0x080016da   Section        0  motor_hpwm.o(i._getPWMofCCR)
    i.delay_ticks                            0x08001700   Section        0  bsp.o(i.delay_ticks)
    i.getSysTicks                            0x08001718   Section        0  bsp.o(i.getSysTicks)
    i.main                                   0x08001724   Section        0  main.o(i.main)
    i.senEncoderX_Init                       0x08001798   Section        0  sensor_encoder.o(i.senEncoderX_Init)
    i.senEncoderY_Init                       0x080017ec   Section        0  sensor_encoder.o(i.senEncoderY_Init)
    i.sysTick_increase                       0x08001840   Section        0  bsp.o(i.sysTick_increase)
    .data                                    0x20000000   Section        6  bsp.o(.data)
    .data                                    0x20000008   Section        8  timtask.o(.data)
    .data                                    0x20000010   Section       24  sensor_encoder.o(.data)
    .data                                    0x20000028   Section       20  stm32f10x_rcc.o(.data)
    APBAHBPrescTable                         0x20000028   Data          16  stm32f10x_rcc.o(.data)
    ADCPrescTable                            0x20000038   Data           4  stm32f10x_rcc.o(.data)
    .data                                    0x2000003c   Section       20  system_stm32f10x.o(.data)
    .bss                                     0x20000050   Section       64  timtask.o(.bss)
    .bss                                     0x20000090   Section       32  motor_hpwm.o(.bss)
    STACK                                    0x200000b0   Section     1024  startup_stm32f10x_hd.o(STACK)

    Global Symbols

    Symbol Name                              Value     Ov Type        Size  Object(Section)

    BuildAttributes$$THM_ISAv4$P$D$K$B$S$PE$A:L22UL41UL21$X:L11$S22US41US21$IEEE1$IW$USESV6$~STKCKD$USESV7$~SHL$OTIME$ROPI$IEEEX$EBA8$MICROLIB$REQ8$PRES8$EABIv2 0x00000000   Number         0  anon$$obj.o ABSOLUTE
    __ARM_use_no_argv                        0x00000000   Number         0  main.o ABSOLUTE
    _printf_a                                0x00000000   Number         0  stubs.o ABSOLUTE
    _printf_c                                0x00000000   Number         0  stubs.o ABSOLUTE
    _printf_charcount                        0x00000000   Number         0  stubs.o ABSOLUTE
    _printf_d                                0x00000000   Number         0  stubs.o ABSOLUTE
    _printf_e                                0x00000000   Number         0  stubs.o ABSOLUTE
    _printf_f                                0x00000000   Number         0  stubs.o ABSOLUTE
    _printf_flags                            0x00000000   Number         0  stubs.o ABSOLUTE
    _printf_fp_dec                           0x00000000   Number         0  stubs.o ABSOLUTE
    _printf_fp_hex                           0x00000000   Number         0  stubs.o ABSOLUTE
    _printf_g                                0x00000000   Number         0  stubs.o ABSOLUTE
    _printf_i                                0x00000000   Number         0  stubs.o ABSOLUTE
    _printf_int_dec                          0x00000000   Number         0  stubs.o ABSOLUTE
    _printf_l                                0x00000000   Number         0  stubs.o ABSOLUTE
    _printf_lc                               0x00000000   Number         0  stubs.o ABSOLUTE
    _printf_ll                               0x00000000   Number         0  stubs.o ABSOLUTE
    _printf_lld                              0x00000000   Number         0  stubs.o ABSOLUTE
    _printf_lli                              0x00000000   Number         0  stubs.o ABSOLUTE
    _printf_llo                              0x00000000   Number         0  stubs.o ABSOLUTE
    _printf_llu                              0x00000000   Number         0  stubs.o ABSOLUTE
    _printf_llx                              0x00000000   Number         0  stubs.o ABSOLUTE
    _printf_longlong_dec                     0x00000000   Number         0  stubs.o ABSOLUTE
    _printf_longlong_hex                     0x00000000   Number         0  stubs.o ABSOLUTE
    _printf_longlong_oct                     0x00000000   Number         0  stubs.o ABSOLUTE
    _printf_ls                               0x00000000   Number         0  stubs.o ABSOLUTE
    _printf_mbtowc                           0x00000000   Number         0  stubs.o ABSOLUTE
    _printf_n                                0x00000000   Number         0  stubs.o ABSOLUTE
    _printf_o                                0x00000000   Number         0  stubs.o ABSOLUTE
    _printf_p                                0x00000000   Number         0  stubs.o ABSOLUTE
    _printf_percent                          0x00000000   Number         0  stubs.o ABSOLUTE
    _printf_pre_padding                      0x00000000   Number         0  stubs.o ABSOLUTE
    _printf_return_value                     0x00000000   Number         0  stubs.o ABSOLUTE
    _printf_s                                0x00000000   Number         0  stubs.o ABSOLUTE
    _printf_sizespec                         0x00000000   Number         0  stubs.o ABSOLUTE
    _printf_str                              0x00000000   Number         0  stubs.o ABSOLUTE
    _printf_truncate_signed                  0x00000000   Number         0  stubs.o ABSOLUTE
    _printf_truncate_unsigned                0x00000000   Number         0  stubs.o ABSOLUTE
    _printf_u                                0x00000000   Number         0  stubs.o ABSOLUTE
    _printf_wc                               0x00000000   Number         0  stubs.o ABSOLUTE
    _printf_wctomb                           0x00000000   Number         0  stubs.o ABSOLUTE
    _printf_widthprec                        0x00000000   Number         0  stubs.o ABSOLUTE
    _printf_x                                0x00000000   Number         0  stubs.o ABSOLUTE
    __arm_fini_                               - Undefined Weak Reference
    __cpp_initialize__aeabi_                  - Undefined Weak Reference
    __cxa_finalize                            - Undefined Weak Reference
    __decompress                              - Undefined Weak Reference
    _clock_init                               - Undefined Weak Reference
    _microlib_exit                            - Undefined Weak Reference
    __Vectors_Size                           0x00000130   Number         0  startup_stm32f10x_hd.o ABSOLUTE
    __Vectors                                0x08000000   Data           4  startup_stm32f10x_hd.o(RESET)
    __Vectors_End                            0x08000130   Data           0  startup_stm32f10x_hd.o(RESET)
    __main                                   0x08000131   Thumb Code     0  entry.o(.ARM.Collect$$$$00000000)
    _main_stk                                0x08000131   Thumb Code     0  entry2.o(.ARM.Collect$$$$00000001)
    _main_scatterload                        0x08000135   Thumb Code     0  entry5.o(.ARM.Collect$$$$00000004)
    __main_after_scatterload                 0x08000139   Thumb Code     0  entry5.o(.ARM.Collect$$$$00000004)
    _main_clock                              0x08000139   Thumb Code     0  entry7b.o(.ARM.Collect$$$$00000008)
    _main_cpp_init                           0x08000139   Thumb Code     0  entry8b.o(.ARM.Collect$$$$0000000A)
    _main_init                               0x08000139   Thumb Code     0  entry9a.o(.ARM.Collect$$$$0000000B)
    __rt_lib_shutdown_fini                   0x08000141   Thumb Code     0  entry12b.o(.ARM.Collect$$$$0000000E)
    __rt_final_cpp                           0x08000145   Thumb Code     0  entry10a.o(.ARM.Collect$$$$0000000F)
    __rt_final_exit                          0x08000145   Thumb Code     0  entry11a.o(.ARM.Collect$$$$00000011)
    Reset_Handler                            0x08000149   Thumb Code     8  startup_stm32f10x_hd.o(.text)
    NMI_Handler                              0x08000151   Thumb Code     2  startup_stm32f10x_hd.o(.text)
    HardFault_Handler                        0x08000153   Thumb Code     2  startup_stm32f10x_hd.o(.text)
    MemManage_Handler                        0x08000155   Thumb Code     2  startup_stm32f10x_hd.o(.text)
    BusFault_Handler                         0x08000157   Thumb Code     2  startup_stm32f10x_hd.o(.text)
    UsageFault_Handler                       0x08000159   Thumb Code     2  startup_stm32f10x_hd.o(.text)
    SVC_Handler                              0x0800015b   Thumb Code     2  startup_stm32f10x_hd.o(.text)
    DebugMon_Handler                         0x0800015d   Thumb Code     2  startup_stm32f10x_hd.o(.text)
    PendSV_Handler                           0x0800015f   Thumb Code     2  startup_stm32f10x_hd.o(.text)
    ADC1_2_IRQHandler                        0x08000163   Thumb Code     0  startup_stm32f10x_hd.o(.text)
    ADC3_IRQHandler                          0x08000163   Thumb Code     0  startup_stm32f10x_hd.o(.text)
    CAN1_RX1_IRQHandler                      0x08000163   Thumb Code     0  startup_stm32f10x_hd.o(.text)
    CAN1_SCE_IRQHandler                      0x08000163   Thumb Code     0  startup_stm32f10x_hd.o(.text)
    DMA1_Channel1_IRQHandler                 0x08000163   Thumb Code     0  startup_stm32f10x_hd.o(.text)
    DMA1_Channel2_IRQHandler                 0x08000163   Thumb Code     0  startup_stm32f10x_hd.o(.text)
    DMA1_Channel3_IRQHandler                 0x08000163   Thumb Code     0  startup_stm32f10x_hd.o(.text)
    DMA1_Channel4_IRQHandler                 0x08000163   Thumb Code     0  startup_stm32f10x_hd.o(.text)
    DMA1_Channel5_IRQHandler                 0x08000163   Thumb Code     0  startup_stm32f10x_hd.o(.text)
    DMA1_Channel6_IRQHandler                 0x08000163   Thumb Code     0  startup_stm32f10x_hd.o(.text)
    DMA1_Channel7_IRQHandler                 0x08000163   Thumb Code     0  startup_stm32f10x_hd.o(.text)
    DMA2_Channel1_IRQHandler                 0x08000163   Thumb Code     0  startup_stm32f10x_hd.o(.text)
    DMA2_Channel2_IRQHandler                 0x08000163   Thumb Code     0  startup_stm32f10x_hd.o(.text)
    DMA2_Channel3_IRQHandler                 0x08000163   Thumb Code     0  startup_stm32f10x_hd.o(.text)
    DMA2_Channel4_5_IRQHandler               0x08000163   Thumb Code     0  startup_stm32f10x_hd.o(.text)
    EXTI0_IRQHandler                         0x08000163   Thumb Code     0  startup_stm32f10x_hd.o(.text)
    EXTI15_10_IRQHandler                     0x08000163   Thumb Code     0  startup_stm32f10x_hd.o(.text)
    EXTI1_IRQHandler                         0x08000163   Thumb Code     0  startup_stm32f10x_hd.o(.text)
    EXTI2_IRQHandler                         0x08000163   Thumb Code     0  startup_stm32f10x_hd.o(.text)
    EXTI3_IRQHandler                         0x08000163   Thumb Code     0  startup_stm32f10x_hd.o(.text)
    EXTI4_IRQHandler                         0x08000163   Thumb Code     0  startup_stm32f10x_hd.o(.text)
    EXTI9_5_IRQHandler                       0x08000163   Thumb Code     0  startup_stm32f10x_hd.o(.text)
    FLASH_IRQHandler                         0x08000163   Thumb Code     0  startup_stm32f10x_hd.o(.text)
    FSMC_IRQHandler                          0x08000163   Thumb Code     0  startup_stm32f10x_hd.o(.text)
    I2C1_ER_IRQHandler                       0x08000163   Thumb Code     0  startup_stm32f10x_hd.o(.text)
    I2C1_EV_IRQHandler                       0x08000163   Thumb Code     0  startup_stm32f10x_hd.o(.text)
    I2C2_ER_IRQHandler                       0x08000163   Thumb Code     0  startup_stm32f10x_hd.o(.text)
    I2C2_EV_IRQHandler                       0x08000163   Thumb Code     0  startup_stm32f10x_hd.o(.text)
    PVD_IRQHandler                           0x08000163   Thumb Code     0  startup_stm32f10x_hd.o(.text)
    RCC_IRQHandler                           0x08000163   Thumb Code     0  startup_stm32f10x_hd.o(.text)
    RTCAlarm_IRQHandler                      0x08000163   Thumb Code     0  startup_stm32f10x_hd.o(.text)
    RTC_IRQHandler                           0x08000163   Thumb Code     0  startup_stm32f10x_hd.o(.text)
    SDIO_IRQHandler                          0x08000163   Thumb Code     0  startup_stm32f10x_hd.o(.text)
    SPI1_IRQHandler                          0x08000163   Thumb Code     0  startup_stm32f10x_hd.o(.text)
    SPI2_IRQHandler                          0x08000163   Thumb Code     0  startup_stm32f10x_hd.o(.text)
    SPI3_IRQHandler                          0x08000163   Thumb Code     0  startup_stm32f10x_hd.o(.text)
    TAMPER_IRQHandler                        0x08000163   Thumb Code     0  startup_stm32f10x_hd.o(.text)
    TIM1_BRK_IRQHandler                      0x08000163   Thumb Code     0  startup_stm32f10x_hd.o(.text)
    TIM1_CC_IRQHandler                       0x08000163   Thumb Code     0  startup_stm32f10x_hd.o(.text)
    TIM1_TRG_COM_IRQHandler                  0x08000163   Thumb Code     0  startup_stm32f10x_hd.o(.text)
    TIM1_UP_IRQHandler                       0x08000163   Thumb Code     0  startup_stm32f10x_hd.o(.text)
    TIM4_IRQHandler                          0x08000163   Thumb Code     0  startup_stm32f10x_hd.o(.text)
    TIM5_IRQHandler                          0x08000163   Thumb Code     0  startup_stm32f10x_hd.o(.text)
    TIM6_IRQHandler                          0x08000163   Thumb Code     0  startup_stm32f10x_hd.o(.text)
    TIM7_IRQHandler                          0x08000163   Thumb Code     0  startup_stm32f10x_hd.o(.text)
    TIM8_BRK_IRQHandler                      0x08000163   Thumb Code     0  startup_stm32f10x_hd.o(.text)
    TIM8_CC_IRQHandler                       0x08000163   Thumb Code     0  startup_stm32f10x_hd.o(.text)
    TIM8_TRG_COM_IRQHandler                  0x08000163   Thumb Code     0  startup_stm32f10x_hd.o(.text)
    TIM8_UP_IRQHandler                       0x08000163   Thumb Code     0  startup_stm32f10x_hd.o(.text)
    UART4_IRQHandler                         0x08000163   Thumb Code     0  startup_stm32f10x_hd.o(.text)
    UART5_IRQHandler                         0x08000163   Thumb Code     0  startup_stm32f10x_hd.o(.text)
    USART1_IRQHandler                        0x08000163   Thumb Code     0  startup_stm32f10x_hd.o(.text)
    USART2_IRQHandler                        0x08000163   Thumb Code     0  startup_stm32f10x_hd.o(.text)
    USART3_IRQHandler                        0x08000163   Thumb Code     0  startup_stm32f10x_hd.o(.text)
    USBWakeUp_IRQHandler                     0x08000163   Thumb Code     0  startup_stm32f10x_hd.o(.text)
    USB_HP_CAN1_TX_IRQHandler                0x08000163   Thumb Code     0  startup_stm32f10x_hd.o(.text)
    USB_LP_CAN1_RX0_IRQHandler               0x08000163   Thumb Code     0  startup_stm32f10x_hd.o(.text)
    WWDG_IRQHandler                          0x08000163   Thumb Code     0  startup_stm32f10x_hd.o(.text)
    __aeabi_dmul                             0x0800016d   Thumb Code   228  dmul.o(.text)
    __aeabi_i2d                              0x08000251   Thumb Code    34  dflti.o(.text)
    __aeabi_d2iz                             0x08000273   Thumb Code    62  dfixi.o(.text)
    __aeabi_llsr                             0x080002b1   Thumb Code    32  llushr.o(.text)
    _ll_ushift_r                             0x080002b1   Thumb Code     0  llushr.o(.text)
    __I$use$fp                               0x080002d1   Thumb Code     0  iusefp.o(.text)
    _double_round                            0x080002d1   Thumb Code    30  depilogue.o(.text)
    _double_epilogue                         0x080002ef   Thumb Code   156  depilogue.o(.text)
    __scatterload                            0x0800038d   Thumb Code    28  init.o(.text)
    __scatterload_rt2                        0x0800038d   Thumb Code     0  init.o(.text)
    __aeabi_llsl                             0x080003b1   Thumb Code    30  llshl.o(.text)
    _ll_shift_l                              0x080003b1   Thumb Code     0  llshl.o(.text)
    BSP_Configuration                        0x080003d1   Thumb Code   174  bsp.o(i.BSP_Configuration)
    Beep_On                                  0x0800048d   Thumb Code    46  bsp.o(i.Beep_On)
    DBG_Uart_Init                            0x080004c1   Thumb Code   114  uart_debug.o(i.DBG_Uart_Init)
    GPIO_Init                                0x08000541   Thumb Code   278  stm32f10x_gpio.o(i.GPIO_Init)
    GPIO_PinRemapConfig                      0x08000659   Thumb Code   138  stm32f10x_gpio.o(i.GPIO_PinRemapConfig)
    GPIO_WriteBit                            0x080006e9   Thumb Code    10  stm32f10x_gpio.o(i.GPIO_WriteBit)
    MotorX_Reset                             0x080006f5   Thumb Code    28  motor_hpwm.o(i.MotorX_Reset)
    MotorX_Run                               0x08000715   Thumb Code    26  motor_hpwm.o(i.MotorX_Run)
    MotorX_Stop                              0x08000739   Thumb Code    28  motor_hpwm.o(i.MotorX_Stop)
    MotorY_Reset                             0x0800075d   Thumb Code    28  motor_hpwm.o(i.MotorY_Reset)
    MotorY_Run                               0x0800077d   Thumb Code    26  motor_hpwm.o(i.MotorY_Run)
    MotorY_SigRun                            0x080007a1   Thumb Code    52  motor_hpwm.o(i.MotorY_SigRun)
    MotorY_Stop                              0x080007d5   Thumb Code    28  motor_hpwm.o(i.MotorY_Stop)
    Motor_X_Init                             0x080007f9   Thumb Code   174  motor_hpwm.o(i.Motor_X_Init)
    Motor_Y_Init                             0x080008b5   Thumb Code   174  motor_hpwm.o(i.Motor_Y_Init)
    NVIC_Init                                0x08000971   Thumb Code   100  misc.o(i.NVIC_Init)
    NVIC_PriorityGroupConfig                 0x080009e1   Thumb Code    10  misc.o(i.NVIC_PriorityGroupConfig)
    RCC_APB1PeriphClockCmd                   0x080009f5   Thumb Code    26  stm32f10x_rcc.o(i.RCC_APB1PeriphClockCmd)
    RCC_APB2PeriphClockCmd                   0x08000a15   Thumb Code    26  stm32f10x_rcc.o(i.RCC_APB2PeriphClockCmd)
    RCC_GetClocksFreq                        0x08000a35   Thumb Code   192  stm32f10x_rcc.o(i.RCC_GetClocksFreq)
    SysTick_Handler                          0x08000bf1   Thumb Code     8  bsp.o(i.SysTick_Handler)
    SystemInit                               0x08000bf9   Thumb Code    78  system_stm32f10x.o(i.SystemInit)
    TIM1_PWM_COM_Init                        0x08000e99   Thumb Code    88  motor_hpwm.o(i.TIM1_PWM_COM_Init)
    TIM2_IRQHandler                          0x08000ef9   Thumb Code   116  timtask.o(i.TIM2_IRQHandler)
    TIM3_Cap_Init                            0x08000f75   Thumb Code    82  sensor_encoder.o(i.TIM3_Cap_Init)
    TIM3_IRQHandler                          0x08000fcd   Thumb Code   266  sensor_encoder.o(i.TIM3_IRQHandler)
    TIM_ARRPreloadConfig                     0x080010ed   Thumb Code    24  stm32f10x_tim.o(i.TIM_ARRPreloadConfig)
    TIM_CCxCmd                               0x08001105   Thumb Code    30  stm32f10x_tim.o(i.TIM_CCxCmd)
    TIM_CCxNCmd                              0x08001123   Thumb Code    30  stm32f10x_tim.o(i.TIM_CCxNCmd)
    TIM_ClearITPendingBit                    0x08001141   Thumb Code     6  stm32f10x_tim.o(i.TIM_ClearITPendingBit)
    TIM_Cmd                                  0x08001147   Thumb Code    24  stm32f10x_tim.o(i.TIM_Cmd)
    TIM_CtrlPWMOutputs                       0x0800115f   Thumb Code    30  stm32f10x_tim.o(i.TIM_CtrlPWMOutputs)
    TIM_GetITStatus                          0x0800117d   Thumb Code    34  stm32f10x_tim.o(i.TIM_GetITStatus)
    TIM_ICInit                               0x080011a1   Thumb Code   150  stm32f10x_tim.o(i.TIM_ICInit)
    TIM_ICStructInit                         0x0800124d   Thumb Code    18  stm32f10x_tim.o(i.TIM_ICStructInit)
    TIM_ITConfig                             0x0800125f   Thumb Code    18  stm32f10x_tim.o(i.TIM_ITConfig)
    TIM_OC1Init                              0x08001271   Thumb Code   132  stm32f10x_tim.o(i.TIM_OC1Init)
    TIM_OC2Init                              0x08001309   Thumb Code   154  stm32f10x_tim.o(i.TIM_OC2Init)
    TIM_OC3Init                              0x080013ad   Thumb Code   150  stm32f10x_tim.o(i.TIM_OC3Init)
    TIM_SetIC1Prescaler                      0x0800144d   Thumb Code    18  stm32f10x_tim.o(i.TIM_SetIC1Prescaler)
    TIM_SetIC2Prescaler                      0x0800145f   Thumb Code    26  stm32f10x_tim.o(i.TIM_SetIC2Prescaler)
    TIM_SetIC3Prescaler                      0x08001479   Thumb Code    18  stm32f10x_tim.o(i.TIM_SetIC3Prescaler)
    TIM_SetIC4Prescaler                      0x0800148b   Thumb Code    26  stm32f10x_tim.o(i.TIM_SetIC4Prescaler)
    TIM_TimeBaseInit                         0x080014a5   Thumb Code   122  stm32f10x_tim.o(i.TIM_TimeBaseInit)
    TimTask_Init                             0x08001549   Thumb Code    90  timtask.o(i.TimTask_Init)
    USART_Cmd                                0x080015a3   Thumb Code    24  stm32f10x_usart.o(i.USART_Cmd)
    USART_Init                               0x080015bd   Thumb Code   210  stm32f10x_usart.o(i.USART_Init)
    __scatterload_copy                       0x080016bd   Thumb Code    14  handlers.o(i.__scatterload_copy)
    __scatterload_null                       0x080016cb   Thumb Code     2  handlers.o(i.__scatterload_null)
    __scatterload_zeroinit                   0x080016cd   Thumb Code    14  handlers.o(i.__scatterload_zeroinit)
    _getPWMofCCR                             0x080016db   Thumb Code    38  motor_hpwm.o(i._getPWMofCCR)
    delay_ticks                              0x08001701   Thumb Code    24  bsp.o(i.delay_ticks)
    getSysTicks                              0x08001719   Thumb Code     6  bsp.o(i.getSysTicks)
    main                                     0x08001725   Thumb Code   106  main.o(i.main)
    senEncoderX_Init                         0x08001799   Thumb Code    72  sensor_encoder.o(i.senEncoderX_Init)
    senEncoderY_Init                         0x080017ed   Thumb Code    72  sensor_encoder.o(i.senEncoderY_Init)
    sysTick_increase                         0x08001841   Thumb Code    12  bsp.o(i.sysTick_increase)
    Region$$Table$$Base                      0x08001850   Number         0  anon$$obj.o(Region$$Table)
    Region$$Table$$Limit                     0x08001870   Number         0  anon$$obj.o(Region$$Table)
    _sysTicks_inc                            0x20000000   Data           4  bsp.o(.data)
    bspKey_EventDn                           0x20000004   Data           1  bsp.o(.data)
    perBspKey                                0x20000005   Data           1  bsp.o(.data)
    taskReadyCnt                             0x20000008   Data           1  timtask.o(.data)
    tim2Cnt                                  0x2000000c   Data           4  timtask.o(.data)
    SenEncoder_X                             0x20000010   Data          12  sensor_encoder.o(.data)
    SenEncoder_Y                             0x2000001c   Data          12  sensor_encoder.o(.data)
    SystemCoreClock                          0x2000003c   Data           4  system_stm32f10x.o(.data)
    AHBPrescTable                            0x20000040   Data          16  system_stm32f10x.o(.data)
    timTaskList                              0x20000050   Data          64  timtask.o(.bss)
    sMotor_X                                 0x20000090   Data          16  motor_hpwm.o(.bss)
    sMotor_Y                                 0x200000a0   Data          16  motor_hpwm.o(.bss)
    __initial_sp                             0x200004b0   Data           0  startup_stm32f10x_hd.o(STACK)



==============================================================================

Memory Map of the image

  Image Entry point : 0x08000131

  Load Region LR_IROM1 (Base: 0x08000000, Size: 0x000018c0, Max: 0x00080000, ABSOLUTE)

    Execution Region ER_IROM1 (Exec base: 0x08000000, Load base: 0x08000000, Size: 0x00001870, Max: 0x00080000, ABSOLUTE)

    Exec Addr    Load Addr    Size         Type   Attr      Idx    E Section Name        Object

    0x08000000   0x08000000   0x00000130   Data   RO         3277    RESET               startup_stm32f10x_hd.o
    0x08000130   0x08000130   0x00000000   Code   RO         3338  * .ARM.Collect$$$$00000000  mc_w.l(entry.o)
    0x08000130   0x08000130   0x00000004   Code   RO         3680    .ARM.Collect$$$$00000001  mc_w.l(entry2.o)
    0x08000134   0x08000134   0x00000004   Code   RO         3683    .ARM.Collect$$$$00000004  mc_w.l(entry5.o)
    0x08000138   0x08000138   0x00000000   Code   RO         3685    .ARM.Collect$$$$00000008  mc_w.l(entry7b.o)
    0x08000138   0x08000138   0x00000000   Code   RO         3687    .ARM.Collect$$$$0000000A  mc_w.l(entry8b.o)
    0x08000138   0x08000138   0x00000008   Code   RO         3688    .ARM.Collect$$$$0000000B  mc_w.l(entry9a.o)
    0x08000140   0x08000140   0x00000004   Code   RO         3695    .ARM.Collect$$$$0000000E  mc_w.l(entry12b.o)
    0x08000144   0x08000144   0x00000000   Code   RO         3690    .ARM.Collect$$$$0000000F  mc_w.l(entry10a.o)
    0x08000144   0x08000144   0x00000000   Code   RO         3692    .ARM.Collect$$$$00000011  mc_w.l(entry11a.o)
    0x08000144   0x08000144   0x00000004   Code   RO         3681    .ARM.Collect$$$$00002712  mc_w.l(entry2.o)
    0x08000148   0x08000148   0x00000024   Code   RO         3278    .text               startup_stm32f10x_hd.o
    0x0800016c   0x0800016c   0x000000e4   Code   RO         3643    .text               mf_w.l(dmul.o)
    0x08000250   0x08000250   0x00000022   Code   RO         3645    .text               mf_w.l(dflti.o)
    0x08000272   0x08000272   0x0000003e   Code   RO         3649    .text               mf_w.l(dfixi.o)
    0x080002b0   0x080002b0   0x00000020   Code   RO         3703    .text               mc_w.l(llushr.o)
    0x080002d0   0x080002d0   0x00000000   Code   RO         3714    .text               mc_w.l(iusefp.o)
    0x080002d0   0x080002d0   0x000000ba   Code   RO         3715    .text               mf_w.l(depilogue.o)
    0x0800038a   0x0800038a   0x00000002   PAD
    0x0800038c   0x0800038c   0x00000024   Code   RO         3727    .text               mc_w.l(init.o)
    0x080003b0   0x080003b0   0x0000001e   Code   RO         3730    .text               mc_w.l(llshl.o)
    0x080003ce   0x080003ce   0x00000002   PAD
    0x080003d0   0x080003d0   0x000000bc   Code   RO          245    i.BSP_Configuration  bsp.o
    0x0800048c   0x0800048c   0x00000034   Code   RO          246    i.Beep_On           bsp.o
    0x080004c0   0x080004c0   0x00000080   Code   RO          848    i.DBG_Uart_Init     uart_debug.o
    0x08000540   0x08000540   0x00000116   Code   RO         2038    i.GPIO_Init         stm32f10x_gpio.o
    0x08000656   0x08000656   0x00000002   PAD
    0x08000658   0x08000658   0x00000090   Code   RO         2040    i.GPIO_PinRemapConfig  stm32f10x_gpio.o
    0x080006e8   0x080006e8   0x0000000a   Code   RO         2049    i.GPIO_WriteBit     stm32f10x_gpio.o
    0x080006f2   0x080006f2   0x00000002   PAD
    0x080006f4   0x080006f4   0x00000020   Code   RO          914    i.MotorX_Reset      motor_hpwm.o
    0x08000714   0x08000714   0x00000024   Code   RO          915    i.MotorX_Run        motor_hpwm.o
    0x08000738   0x08000738   0x00000024   Code   RO          917    i.MotorX_Stop       motor_hpwm.o
    0x0800075c   0x0800075c   0x00000020   Code   RO          918    i.MotorY_Reset      motor_hpwm.o
    0x0800077c   0x0800077c   0x00000024   Code   RO          919    i.MotorY_Run        motor_hpwm.o
    0x080007a0   0x080007a0   0x00000034   Code   RO          920    i.MotorY_SigRun     motor_hpwm.o
    0x080007d4   0x080007d4   0x00000024   Code   RO          921    i.MotorY_Stop       motor_hpwm.o
    0x080007f8   0x080007f8   0x000000bc   Code   RO          923    i.Motor_X_Init      motor_hpwm.o
    0x080008b4   0x080008b4   0x000000bc   Code   RO          924    i.Motor_Y_Init      motor_hpwm.o
    0x08000970   0x08000970   0x00000070   Code   RO         1414    i.NVIC_Init         misc.o
    0x080009e0   0x080009e0   0x00000014   Code   RO         1415    i.NVIC_PriorityGroupConfig  misc.o
    0x080009f4   0x080009f4   0x00000020   Code   RO         2160    i.RCC_APB1PeriphClockCmd  stm32f10x_rcc.o
    0x08000a14   0x08000a14   0x00000020   Code   RO         2162    i.RCC_APB2PeriphClockCmd  stm32f10x_rcc.o
    0x08000a34   0x08000a34   0x000000d4   Code   RO         2170    i.RCC_GetClocksFreq  stm32f10x_rcc.o
    0x08000b08   0x08000b08   0x00000008   Code   RO         3285    i.SetSysClock       system_stm32f10x.o
    0x08000b10   0x08000b10   0x000000e0   Code   RO         3286    i.SetSysClockTo72   system_stm32f10x.o
    0x08000bf0   0x08000bf0   0x00000008   Code   RO          248    i.SysTick_Handler   bsp.o
    0x08000bf8   0x08000bf8   0x00000060   Code   RO         3288    i.SystemInit        system_stm32f10x.o
    0x08000c58   0x08000c58   0x00000080   Code   RO         2526    i.TI1_Config        stm32f10x_tim.o
    0x08000cd8   0x08000cd8   0x00000098   Code   RO         2527    i.TI2_Config        stm32f10x_tim.o
    0x08000d70   0x08000d70   0x00000090   Code   RO         2528    i.TI3_Config        stm32f10x_tim.o
    0x08000e00   0x08000e00   0x00000098   Code   RO         2529    i.TI4_Config        stm32f10x_tim.o
    0x08000e98   0x08000e98   0x00000060   Code   RO          925    i.TIM1_PWM_COM_Init  motor_hpwm.o
    0x08000ef8   0x08000ef8   0x0000007c   Code   RO          490    i.TIM2_IRQHandler   timtask.o
    0x08000f74   0x08000f74   0x00000058   Code   RO         1083    i.TIM3_Cap_Init     sensor_encoder.o
    0x08000fcc   0x08000fcc   0x00000120   Code   RO         1084    i.TIM3_IRQHandler   sensor_encoder.o
    0x080010ec   0x080010ec   0x00000018   Code   RO         2530    i.TIM_ARRPreloadConfig  stm32f10x_tim.o
    0x08001104   0x08001104   0x0000001e   Code   RO         2534    i.TIM_CCxCmd        stm32f10x_tim.o
    0x08001122   0x08001122   0x0000001e   Code   RO         2535    i.TIM_CCxNCmd       stm32f10x_tim.o
    0x08001140   0x08001140   0x00000006   Code   RO         2537    i.TIM_ClearITPendingBit  stm32f10x_tim.o
    0x08001146   0x08001146   0x00000018   Code   RO         2542    i.TIM_Cmd           stm32f10x_tim.o
    0x0800115e   0x0800115e   0x0000001e   Code   RO         2544    i.TIM_CtrlPWMOutputs  stm32f10x_tim.o
    0x0800117c   0x0800117c   0x00000022   Code   RO         2563    i.TIM_GetITStatus   stm32f10x_tim.o
    0x0800119e   0x0800119e   0x00000002   PAD
    0x080011a0   0x080011a0   0x000000ac   Code   RO         2565    i.TIM_ICInit        stm32f10x_tim.o
    0x0800124c   0x0800124c   0x00000012   Code   RO         2566    i.TIM_ICStructInit  stm32f10x_tim.o
    0x0800125e   0x0800125e   0x00000012   Code   RO         2567    i.TIM_ITConfig      stm32f10x_tim.o
    0x08001270   0x08001270   0x00000098   Code   RO         2571    i.TIM_OC1Init       stm32f10x_tim.o
    0x08001308   0x08001308   0x000000a4   Code   RO         2576    i.TIM_OC2Init       stm32f10x_tim.o
    0x080013ac   0x080013ac   0x000000a0   Code   RO         2581    i.TIM_OC3Init       stm32f10x_tim.o
    0x0800144c   0x0800144c   0x00000012   Code   RO         2608    i.TIM_SetIC1Prescaler  stm32f10x_tim.o
    0x0800145e   0x0800145e   0x0000001a   Code   RO         2609    i.TIM_SetIC2Prescaler  stm32f10x_tim.o
    0x08001478   0x08001478   0x00000012   Code   RO         2610    i.TIM_SetIC3Prescaler  stm32f10x_tim.o
    0x0800148a   0x0800148a   0x0000001a   Code   RO         2611    i.TIM_SetIC4Prescaler  stm32f10x_tim.o
    0x080014a4   0x080014a4   0x000000a4   Code   RO         2613    i.TIM_TimeBaseInit  stm32f10x_tim.o
    0x08001548   0x08001548   0x0000005a   Code   RO          491    i.TimTask_Init      timtask.o
    0x080015a2   0x080015a2   0x00000018   Code   RO         3090    i.USART_Cmd         stm32f10x_usart.o
    0x080015ba   0x080015ba   0x00000002   PAD
    0x080015bc   0x080015bc   0x000000d8   Code   RO         3097    i.USART_Init        stm32f10x_usart.o
    0x08001694   0x08001694   0x00000028   Code   RO          249    i.__NVIC_SetPriority  bsp.o
    0x080016bc   0x080016bc   0x0000000e   Code   RO         3745    i.__scatterload_copy  mc_w.l(handlers.o)
    0x080016ca   0x080016ca   0x00000002   Code   RO         3746    i.__scatterload_null  mc_w.l(handlers.o)
    0x080016cc   0x080016cc   0x0000000e   Code   RO         3747    i.__scatterload_zeroinit  mc_w.l(handlers.o)
    0x080016da   0x080016da   0x00000026   Code   RO          927    i._getPWMofCCR      motor_hpwm.o
    0x08001700   0x08001700   0x00000018   Code   RO          250    i.delay_ticks       bsp.o
    0x08001718   0x08001718   0x0000000c   Code   RO          251    i.getSysTicks       bsp.o
    0x08001724   0x08001724   0x00000074   Code   RO            4    i.main              main.o
    0x08001798   0x08001798   0x00000054   Code   RO         1085    i.senEncoderX_Init  sensor_encoder.o
    0x080017ec   0x080017ec   0x00000054   Code   RO         1086    i.senEncoderY_Init  sensor_encoder.o
    0x08001840   0x08001840   0x00000010   Code   RO          253    i.sysTick_increase  bsp.o
    0x08001850   0x08001850   0x00000020   Data   RO         3743    Region$$Table       anon$$obj.o


    Execution Region RW_IRAM1 (Exec base: 0x20000000, Load base: 0x08001870, Size: 0x000004b0, Max: 0x00010000, ABSOLUTE)

    Exec Addr    Load Addr    Size         Type   Attr      Idx    E Section Name        Object

    0x20000000   0x08001870   0x00000006   Data   RW          254    .data               bsp.o
    0x20000006   0x08001876   0x00000002   PAD
    0x20000008   0x08001878   0x00000008   Data   RW          496    .data               timtask.o
    0x20000010   0x08001880   0x00000018   Data   RW         1088    .data               sensor_encoder.o
    0x20000028   0x08001898   0x00000014   Data   RW         2190    .data               stm32f10x_rcc.o
    0x2000003c   0x080018ac   0x00000014   Data   RW         3289    .data               system_stm32f10x.o
    0x20000050        -       0x00000040   Zero   RW          495    .bss                timtask.o
    0x20000090        -       0x00000020   Zero   RW          932    .bss                motor_hpwm.o
    0x200000b0        -       0x00000400   Zero   RW         3275    STACK               startup_stm32f10x_hd.o


==============================================================================

Image component sizes


      Code (inc. data)   RO Data    RW Data    ZI Data      Debug   Object Name

       340         38          0          6          0      29227   bsp.o
       116         10          0          0          0     257367   main.o
       132         22          0          0          0       1935   misc.o
       770         80          0          0         32       6469   motor_hpwm.o
       544         52          0         24          0       2492   sensor_encoder.o
        36          8        304          0       1024        796   startup_stm32f10x_hd.o
       432          6          0          0          0       3854   stm32f10x_gpio.o
       276         32          0         20          0       4914   stm32f10x_rcc.o
      1690        190          0          0          0      16347   stm32f10x_tim.o
       240          6          0          0          0       3245   stm32f10x_usart.o
       328         28          0         20          0       2325   system_stm32f10x.o
       214          8          0          8         64       1652   timtask.o
       128         14          0          0          0        620   uart_debug.o

    ----------------------------------------------------------------------
      5254        494        336         80       1120     331243   Object Totals
         0          0         32          0          0          0   (incl. Generated)
         8          0          0          2          0          0   (incl. Padding)

    ----------------------------------------------------------------------

      Code (inc. data)   RO Data    RW Data    ZI Data      Debug   Library Member Name

         0          0          0          0          0          0   entry.o
         0          0          0          0          0          0   entry10a.o
         0          0          0          0          0          0   entry11a.o
         4          0          0          0          0          0   entry12b.o
         8          4          0          0          0          0   entry2.o
         4          0          0          0          0          0   entry5.o
         0          0          0          0          0          0   entry7b.o
         0          0          0          0          0          0   entry8b.o
         8          4          0          0          0          0   entry9a.o
        30          0          0          0          0          0   handlers.o
        36          8          0          0          0         68   init.o
         0          0          0          0          0          0   iusefp.o
        30          0          0          0          0         68   llshl.o
        32          0          0          0          0         68   llushr.o
       186          0          0          0          0        176   depilogue.o
        62          0          0          0          0         80   dfixi.o
        34          0          0          0          0         76   dflti.o
       228          0          0          0          0         96   dmul.o

    ----------------------------------------------------------------------
       666         16          0          0          0        632   Library Totals
         4          0          0          0          0          0   (incl. Padding)

    ----------------------------------------------------------------------

      Code (inc. data)   RO Data    RW Data    ZI Data      Debug   Library Name

       152         16          0          0          0        204   mc_w.l
       510          0          0          0          0        428   mf_w.l

    ----------------------------------------------------------------------
       666         16          0          0          0        632   Library Totals

    ----------------------------------------------------------------------

==============================================================================


      Code (inc. data)   RO Data    RW Data    ZI Data      Debug   

      5920        510        336         80       1120     328751   Grand Totals
      5920        510        336         80       1120     328751   ELF Image Totals
      5920        510        336         80          0          0   ROM Totals

==============================================================================

    Total RO  Size (Code + RO Data)                 6256 (   6.11kB)
    Total RW  Size (RW Data + ZI Data)              1200 (   1.17kB)
    Total ROM Size (Code + RO Data + RW Data)       6336 (   6.19kB)

==============================================================================

