Component: ARM Compiler 5.06 update 7 (build 960) Tool: armlink [4d3601]

==============================================================================

Section Cross References

    main.o(i.main) refers to bsp.o(i.BSP_Configuration) for BSP_Configuration
    main.o(i.main) refers to uart_debug.o(i.DBG_Uart_Init) for DBG_Uart_Init
    main.o(i.main) refers to uart_debug.o(i.DBG_Uart_printf) for DBG_Uart_printf
    main.o(i.main) refers to ads7950.o(i.ADS79xx_Init) for ADS79xx_Init
    main.o(i.main) refers to bsp.o(i.Beep_On) for Beep_On
    main.o(i.main) refers to ads7950.o(i.ADS79xx_setMode) for ADS79xx_setMode
    main.o(i.main) refers to ads7950.o(i.ADS79xx_ReadADC) for ADS79xx_ReadADC
    main.o(i.main) refers to bsp.o(i.delay_ticks) for delay_ticks
    main.o(i.shotI) refers to lcd12864_driver.o(i.LCD_Printf) for LCD_Printf
    main.o(i.shotI) refers to main.o(.data) for i
    main.o(i.showd) refers to lcd12864_driver.o(i.LCD_ShowInt) for LCD_ShowInt
    main.o(i.showd) refers to main.o(.data) for d
    bsp_sevseg.o(i.LetterTab_find) refers to bsp_sevseg.o(.data) for LetterTab
    bsp_sevseg.o(i.SMG_All_num) refers to bsp_sevseg.o(i.SMG_ShowInt) for SMG_ShowInt
    bsp_sevseg.o(i.SMG_All_num) refers to bsp_sevseg.o(.data) for sdata
    bsp_sevseg.o(i.SMG_BSP_Init) refers to stm32f10x_gpio.o(i.GPIO_Init) for GPIO_Init
    bsp_sevseg.o(i.SMG_BSP_Init) refers to bsp_sevseg.o(.data) for SMG_BUFFER
    bsp_sevseg.o(i.SMG_BuffRead) refers to bsp_sevseg.o(.data) for SMG_BUFFER
    bsp_sevseg.o(i.SMG_BuffWrite) refers to bsp_sevseg.o(.data) for SMG_BUFFER
    bsp_sevseg.o(i.SMG_CleanAll) refers to bsp_sevseg.o(.data) for SMG_BUFFER
    bsp_sevseg.o(i.SMG_CleanPos) refers to bsp_sevseg.o(.data) for SMG_BUFFER
    bsp_sevseg.o(i.SMG_Refresh) refers to bsp_sevseg.o(i.SMG_SetCom) for SMG_SetCom
    bsp_sevseg.o(i.SMG_Refresh) refers to bsp_sevseg.o(i.SMG_setData) for SMG_setData
    bsp_sevseg.o(i.SMG_Refresh) refers to bsp_sevseg.o(.data) for SMG_BUFFER
    bsp_sevseg.o(i.SMG_RotateShift) refers to bsp_sevseg.o(i.SMG_ShowInt) for SMG_ShowInt
    bsp_sevseg.o(i.SMG_RotateShift) refers to bsp_sevseg.o(.data) for sdata
    bsp_sevseg.o(i.SMG_ShowInt) refers to bsp_sevseg.o(.data) for Sev_Tab
    bsp_sevseg.o(i.SMG_print) refers to bsp_sevseg.o(i._getSEG_byChar) for _getSEG_byChar
    bsp_sevseg.o(i.SMG_print) refers to bsp_sevseg.o(i.SMG_BuffWrite) for SMG_BuffWrite
    bsp_sevseg.o(i._getSEG_byChar) refers to toupper.o(.text) for toupper
    bsp_sevseg.o(i._getSEG_byChar) refers to bsp_sevseg.o(i.LetterTab_find) for LetterTab_find
    bsp_sevseg.o(i._getSEG_byChar) refers to bsp_sevseg.o(.data) for Sev_Tab
    bsp.o(i.BSP_Configuration) refers to stm32f10x_gpio.o(i.GPIO_Init) for GPIO_Init
    bsp.o(i.BSP_Configuration) refers to stm32f10x_gpio.o(i.GPIO_WriteBit) for GPIO_WriteBit
    bsp.o(i.BSP_Configuration) refers to misc.o(i.NVIC_PriorityGroupConfig) for NVIC_PriorityGroupConfig
    bsp.o(i.BSP_Configuration) refers to bsp.o(i.__NVIC_SetPriority) for __NVIC_SetPriority
    bsp.o(i.BSP_Configuration) refers to system_stm32f10x.o(.data) for SystemCoreClock
    bsp.o(i.Beep_On) refers to bsp.o(i.getSysTicks) for getSysTicks
    bsp.o(i.Beep_On) refers to stm32f10x_gpio.o(i.GPIO_WriteBit) for GPIO_WriteBit
    bsp.o(i.Bsp_BTNScan) refers to stm32f10x_gpio.o(i.GPIO_ReadInputDataBit) for GPIO_ReadInputDataBit
    bsp.o(i.Bsp_BTNScan) refers to bsp.o(.data) for perBspKey
    bsp.o(i.SysTick_Handler) refers to bsp.o(i.sysTick_increase) for sysTick_increase
    bsp.o(i.delay_ticks) refers to bsp.o(i.getSysTicks) for getSysTicks
    bsp.o(i.getSysTicks) refers to bsp.o(.data) for _sysTicks_inc
    bsp.o(i.sysTick_increase) refers to bsp.o(.data) for _sysTicks_inc
    keypad4x4.o(i.KeyPad_getLastEvent) refers to keypad4x4.o(.data) for _keyEvent
    keypad4x4.o(i.keyIndepend_Init) refers to stm32f10x_rcc.o(i.RCC_APB2PeriphClockCmd) for RCC_APB2PeriphClockCmd
    keypad4x4.o(i.keyIndepend_Init) refers to stm32f10x_gpio.o(i.GPIO_Init) for GPIO_Init
    keypad4x4.o(i.keyPad4x4_Scan) refers to stm32f10x_gpio.o(i.GPIO_WriteBit) for GPIO_WriteBit
    keypad4x4.o(i.keyPad4x4_Scan) refers to stm32f10x_gpio.o(i.GPIO_ReadInputData) for GPIO_ReadInputData
    keypad4x4.o(i.keyPad_Event) refers to stm32f10x_gpio.o(i.GPIO_WriteBit) for GPIO_WriteBit
    keypad4x4.o(i.keyPad_Event) refers to stm32f10x_gpio.o(i.GPIO_ReadInputData) for GPIO_ReadInputData
    keypad4x4.o(i.keyPad_Event) refers to keypad4x4.o(i.keyPad_delay) for keyPad_delay
    keypad4x4.o(i.keyPad_Event) refers to keypad4x4.o(i.keyPad4x4_Scan) for keyPad4x4_Scan
    keypad4x4.o(i.keyPad_Event) refers to bsp.o(i.Beep_On) for Beep_On
    keypad4x4.o(i.keyPad_Event) refers to keypad4x4.o(.data) for keyLast
    keypad4x4.o(i.keyPad_Init) refers to stm32f10x_gpio.o(i.GPIO_Init) for GPIO_Init
    keypad4x4.o(i.key_Independ) refers to keypad4x4.o(i.keyPad_delay) for keyPad_delay
    keypad4x4.o(i.key_Independ) refers to keypad4x4.o(.data) for perKey
[...]
    ..\Src\Motors\ExtADC\ADS7950.c           0x00000000   Number         0  ads7950.o ABSOLUTE
    ..\Src\Motors\ExtADC\SPI_HW.c            0x00000000   Number         0  spi_hw.o ABSOLUTE
    ..\Src\Motors\LocSensor\Sensor_Encoder.c 0x00000000   Number         0  sensor_encoder.o ABSOLUTE
    ..\Src\Motors\Motor_HPWM.c               0x00000000   Number         0  motor_hpwm.o ABSOLUTE
    ..\Src\Motors\Motor_LocSensor.c          0x00000000   Number         0  motor_locsensor.o ABSOLUTE
    ..\Src\Motors\Servo_MotorZ.c             0x00000000   Number         0  servo_motorz.o ABSOLUTE
    ..\Src\TimTask.c                         0x00000000   Number         0  timtask.o ABSOLUTE
    ..\Src\Uart_Debug.c                      0x00000000   Number         0  uart_debug.o ABSOLUTE
    ..\Src\appSMG_UI.c                       0x00000000   Number         0  appsmg_ui.o ABSOLUTE
    ..\Src\main.c                            0x00000000   Number         0  main.o ABSOLUTE
    ..\Src\operateSetArea.c                  0x00000000   Number         0  operatesetarea.o ABSOLUTE
    ..\\Src\\BSP.c                           0x00000000   Number         0  bsp.o ABSOLUTE
    ..\\Src\\Bsp_sevseg.c                    0x00000000   Number         0  bsp_sevseg.o ABSOLUTE
    ..\\Src\\Joystick_Driver.c               0x00000000   Number         0  joystick_driver.o ABSOLUTE
    ..\\Src\\KeyPad4x4.c                     0x00000000   Number         0  keypad4x4.o ABSOLUTE
    ..\\Src\\LCD12864_Driver.c               0x00000000   Number         0  lcd12864_driver.o ABSOLUTE
    ..\\Src\\Motors\\ExtADC\\ADS7950.c       0x00000000   Number         0  ads7950.o ABSOLUTE
    ..\\Src\\Motors\\ExtADC\\SPI_HW.c        0x00000000   Number         0  spi_hw.o ABSOLUTE
    ..\\Src\\Motors\\LocSensor\\Sensor_Encoder.c 0x00000000   Number         0  sensor_encoder.o ABSOLUTE
    ..\\Src\\Motors\\Motor_HPWM.c            0x00000000   Number         0  motor_hpwm.o ABSOLUTE
    ..\\Src\\Motors\\Motor_LocSensor.c       0x00000000   Number         0  motor_locsensor.o ABSOLUTE
    ..\\Src\\Motors\\Servo_MotorZ.c          0x00000000   Number         0  servo_motorz.o ABSOLUTE
    ..\\Src\\TimTask.c                       0x00000000   Number         0  timtask.o ABSOLUTE
    ..\\Src\\Uart_Debug.c                    0x00000000   Number         0  uart_debug.o ABSOLUTE
    ..\\Src\\appSMG_UI.c                     0x00000000   Number         0  appsmg_ui.o ABSOLUTE
    ..\\Src\\main.c                          0x00000000   Number         0  main.o ABSOLUTE
    ..\\Src\\operateSetArea.c                0x00000000   Number         0  operatesetarea.o ABSOLUTE
    C:\Users\DELL\AppData\Local\Arm\Packs\Keil\STM32F1xx_DFP\2.4.0\Device\StdPeriph_Driver\src\misc.c 0x00000000   Number         0  misc.o ABSOLUTE
    C:\Users\DELL\AppData\Local\Arm\Packs\Keil\STM32F1xx_DFP\2.4.0\Device\StdPeriph_Driver\src\stm32f10x_adc.c 0x00000000   Number         0  stm32f10x_adc.o ABSOLUTE
    C:\Users\DELL\AppData\Local\Arm\Packs\Keil\STM32F1xx_DFP\2.4.0\Device\StdPeriph_Driver\src\stm32f10x_dma.c 0x00000000   Number         0  stm32f10x_dma.o ABSOLUTE
    C:\Users\DELL\AppData\Local\Arm\Packs\Keil\STM32F1xx_DFP\2.4.0\Device\StdPeriph_Driver\src\stm32f10x_exti.c 0x00000000   Number         0  stm32f10x_exti.o ABSOLUTE
    C:\Users\DELL\AppData\Local\Arm\Packs\Keil\STM32F1xx_DFP\2.4.0\Device\StdPeriph_Driver\src\stm32f10x_flash.c 0x00000000   Number         0  stm32f10x_flash.o ABSOLUTE
    C:\Users\DELL\AppData\Local\Arm\Packs\Keil\STM32F1xx_DFP\2.4.0\Device\StdPeriph_Driver\src\stm32f10x_gpio.c 0x00000000   Number         0  stm32f10x_gpio.o ABSOLUTE
    C:\Users\DELL\AppData\Local\Arm\Packs\Keil\STM32F1xx_DFP\2.4.0\Device\StdPeriph_Driver\src\stm32f10x_rcc.c 0x00000000   Number         0  stm32f10x_rcc.o ABSOLUTE
    C:\Users\DELL\AppData\Local\Arm\Packs\Keil\STM32F1xx_DFP\2.4.0\Device\StdPeriph_Driver\src\stm32f10x_spi.c 0x00000000   Number         0  stm32f10x_spi.o ABSOLUTE
    C:\Users\DELL\AppData\Local\Arm\Packs\Keil\STM32F1xx_DFP\2.4.0\Device\StdPeriph_Driver\src\stm32f10x_tim.c 0x00000000   Number         0  stm32f10x_tim.o ABSOLUTE
    C:\Users\DELL\AppData\Local\Arm\Packs\Keil\STM32F1xx_DFP\2.4.0\Device\StdPeriph_Driver\src\stm32f10x_usart.c 0x00000000   Number         0  stm32f10x_usart.o ABSOLUTE
    C:\\Users\\DELL\\AppData\\Local\\Arm\\Packs\\Keil\\STM32F1xx_DFP\\2.4.0\\Device\\StdPeriph_Driver\\src\\misc.c 0x00000000   Number         0  misc.o ABSOLUTE
    C:\\Users\\DELL\\AppData\\Local\\Arm\\Packs\\Keil\\STM32F1xx_DFP\\2.4.0\\Device\\StdPeriph_Driver\\src\\stm32f10x_adc.c 0x00000000   Number         0  stm32f10x_adc.o ABSOLUTE
    C:\\Users\\DELL\\AppData\\Local\\Arm\\Packs\\Keil\\STM32F1xx_DFP\\2.4.0\\Device\\StdPeriph_Driver\\src\\stm32f10x_dma.c 0x00000000   Number         0  stm32f10x_dma.o ABSOLUTE
    C:\\Users\\DELL\\AppData\\Local\\Arm\\Packs\\Keil\\STM32F1xx_DFP\\2.4.0\\Device\\StdPeriph_Driver\\src\\stm32f10x_exti.c 0x00000000   Number         0  stm32f10x_exti.o ABSOLUTE
    C:\\Users\\DELL\\AppData\\Local\\Arm\\Packs\\Keil\\STM32F1xx_DFP\\2.4.0\\Device\\StdPeriph_Driver\\src\\stm32f10x_flash.c 0x00000000   Number         0  stm32f10x_flash.o ABSOLUTE
    C:\\Users\\DELL\\AppData\\Local\\Arm\\Packs\\Keil\\STM32F1xx_DFP\\2.4.0\\Device\\StdPeriph_Driver\\src\\stm32f10x_gpio.c 0x00000000   Number         0  stm32f10x_gpio.o ABSOLUTE
    C:\\Users\\DELL\\AppData\\Local\\Arm\\Packs\\Keil\\STM32F1xx_DFP\\2.4.0\\Device\\StdPeriph_Driver\\src\\stm32f10x_rcc.c 0x00000000   Number         0  stm32f10x_rcc.o ABSOLUTE
    C:\\Users\\DELL\\AppData\\Local\\Arm\\Packs\\Keil\\STM32F1xx_DFP\\2.4.0\\Device\\StdPeriph_Driver\\src\\stm32f10x_spi.c 0x00000000   Number         0  stm32f10x_spi.o ABSOLUTE
    C:\\Users\\DELL\\AppData\\Local\\Arm\\Packs\\Keil\\STM32F1xx_DFP\\2.4.0\\Device\\StdPeriph_Driver\\src\\stm32f10x_tim.c 0x00000000   Number         0  stm32f10x_tim.o ABSOLUTE
    C:\\Users\\DELL\\AppData\\Local\\Arm\\Packs\\Keil\\STM32F1xx_DFP\\2.4.0\\Device\\StdPeriph_Driver\\src\\stm32f10x_usart.c 0x00000000   Number         0  stm32f10x_usart.o ABSOLUTE
    RTE\Device\STM32F103ZE\startup_stm32f10x_hd.s 0x00000000   Number         0  startup_stm32f10x_hd.o ABSOLUTE
    RTE\Device\STM32F103ZE\system_stm32f10x.c 0x00000000   Number         0  system_stm32f10x.o ABSOLUTE
    RTE\\Device\\STM32F103ZE\\system_stm32f10x.c 0x00000000   Number         0  system_stm32f10x.o ABSOLUTE
    dc.s                                     0x00000000   Number         0  dc.o ABSOLUTE
    RESET                                    0x08000000   Section      304  startup_stm32f10x_hd.o(RESET)
    !!!main                                  0x08000130   Section        8  __main.o(!!!main)
    !!!scatter                               0x08000138   Section       52  __scatter.o(!!!scatter)
    !!handler_copy                           0x0800016c   Section       26  __scatter_copy.o(!!handler_copy)
    !!handler_zi                             0x08000188   Section       28  __scatter_zi.o(!!handler_zi)
    .ARM.Collect$$_printf_percent$$00000000  0x080001a4   Section        0  _printf_percent.o(.ARM.Collect$$_printf_percent$$00000000)
    .ARM.Collect$$_printf_percent$$00000001  0x080001a4   Section        6  _printf_n.o(.ARM.Collect$$_printf_percent$$00000001)
    .ARM.Collect$$_printf_percent$$00000002  0x080001aa   Section        6  _printf_p.o(.ARM.Collect$$_printf_percent$$00000002)
    .ARM.Collect$$_printf_percent$$00000003  0x080001b0   Section        6  _printf_f.o(.ARM.Collect$$_printf_percent$$00000003)
    .ARM.Collect$$_printf_percent$$00000004  0x080001b6   Section        6  _printf_e.o(.ARM.Collect$$_printf_percent$$00000004)
    .ARM.Collect$$_printf_percent$$00000005  0x080001bc   Section        6  _printf_g.o(.ARM.Collect$$_printf_percent$$00000005)
    .ARM.Collect$$_printf_percent$$00000006  0x080001c2   Section        6  _printf_a.o(.ARM.Collect$$_printf_percent$$00000006)
    .ARM.Collect$$_printf_percent$$00000007  0x080001c8   Section       10  _printf_ll.o(.ARM.Collect$$_printf_percent$$00000007)
    .ARM.Collect$$_printf_percent$$00000008  0x080001d2   Section        6  _printf_i.o(.ARM.Collect$$_printf_percent$$00000008)
    .ARM.Collect$$_printf_percent$$00000009  0x080001d8   Section        6  _printf_d.o(.ARM.Collect$$_printf_percent$$00000009)
    .ARM.Collect$$_printf_percent$$0000000A  0x080001de   Section        6  _printf_u.o(.ARM.Collect$$_printf_percent$$0000000A)
    .ARM.Collect$$_printf_percent$$0000000B  0x080001e4   Section        6  _printf_o.o(.ARM.Collect$$_printf_percent$$0000000B)
    .ARM.Collect$$_printf_percent$$0000000C  0x080001ea   Section        6  _printf_x.o(.ARM.Collect$$_printf_percent$$0000000C)
    .ARM.Collect$$_printf_percent$$0000000D  0x080001f0   Section        6  _printf_lli.o(.ARM.Collect$$_printf_percent$$0000000D)
    .ARM.Collect$$_printf_percent$$0000000E  0x080001f6   Section        6  _printf_lld.o(.ARM.Collect$$_printf_percent$$0000000E)
    .ARM.Collect$$_printf_percent$$0000000F  0x080001fc   Section        6  _printf_llu.o(.ARM.Collect$$_printf_percent$$0000000F)
    .ARM.Collect$$_printf_percent$$00000010  0x08000202   Section        6  _printf_llo.o(.ARM.Collect$$_printf_percent$$00000010)
    .ARM.Collect$$_printf_percent$$00000011  0x08000208   Section        6  _printf_llx.o(.ARM.Collect$$_printf_percent$$00000011)
    .ARM.Collect$$_printf_percent$$00000012  0x0800020e   Section       10  _printf_l.o(.ARM.Collect$$_printf_percent$$00000012)
    .ARM.Collect$$_printf_percent$$00000013  0x08000218   Section        6  _printf_c.o(.ARM.Collect$$_printf_percent$$00000013)
    .ARM.Collect$$_printf_percent$$00000014  0x0800021e   Section        6  _printf_s.o(.ARM.Collect$$_printf_percent$$00000014)
    .ARM.Collect$$_printf_percent$$00000015  0x08000224   Section        6  _printf_lc.o(.ARM.Collect$$_printf_percent$$00000015)
    .ARM.Collect$$_printf_percent$$00000016  0x0800022a   Section        6  _printf_ls.o(.ARM.Collect$$_printf_percent$$00000016)
    .ARM.Collect$$_printf_percent$$00000017  0x08000230   Section        4  _printf_percent_end.o(.ARM.Collect$$_printf_percent$$00000017)
    .ARM.Collect$$libinit$$00000000          0x08000234   Section        2  libinit.o(.ARM.Collect$$libinit$$00000000)
    .ARM.Collect$$libinit$$00000002          0x08000236   Section        0  libinit2.o(.ARM.Collect$$libinit$$00000002)
    .ARM.Collect$$libinit$$00000004          0x08000236   Section        0  libinit2.o(.ARM.Collect$$libinit$$00000004)
    .ARM.Collect$$libinit$$0000000A          0x08000236   Section        0  libinit2.o(.ARM.Collect$$libinit$$0000000A)
    .ARM.Collect$$libinit$$0000000C          0x08000236   Section        0  libinit2.o(.ARM.Collect$$libinit$$0000000C)
    .ARM.Collect$$libinit$$0000000E          0x08000236   Section        0  libinit2.o(.ARM.Collect$$libinit$$0000000E)
    .ARM.Collect$$libinit$$0000000F          0x08000236   Section        6  libinit2.o(.ARM.Collect$$libinit$$0000000F)
    .ARM.Collect$$libinit$$00000011          0x0800023c   Section        0  libinit2.o(.ARM.Collect$$libinit$$00000011)
    .ARM.Collect$$libinit$$00000012          0x0800023c   Section       12  libinit2.o(.ARM.Collect$$libinit$$00000012)
    .ARM.Collect$$libinit$$00000013          0x08000248   Section        0  libinit2.o(.ARM.Collect$$libinit$$00000013)
    .ARM.Collect$$libinit$$00000015          0x08000248   Section        0  libinit2.o(.ARM.Collect$$libinit$$00000015)
    .ARM.Collect$$libinit$$00000016          0x08000248   Section       10  libinit2.o(.ARM.Collect$$libinit$$00000016)
    .ARM.Collect$$libinit$$00000017          0x08000252   Section        0  libinit2.o(.ARM.Collect$$libinit$$00000017)
    .ARM.Collect$$libinit$$00000019          0x08000252   Section        0  libinit2.o(.ARM.Collect$$libinit$$00000019)
    .ARM.Collect$$libinit$$0000001B          0x08000252   Section        0  libinit2.o(.ARM.Collect$$libinit$$0000001B)
    .ARM.Collect$$libinit$$0000001D          0x08000252   Section        0  libinit2.o(.ARM.Collect$$libinit$$0000001D)
    .ARM.Collect$$libinit$$0000001F          0x08000252   Section        0  libinit2.o(.ARM.Collect$$libinit$$0000001F)
    .ARM.Collect$$libinit$$00000021          0x08000252   Section        0  libinit2.o(.ARM.Collect$$libinit$$00000021)
    .ARM.Collect$$libinit$$00000023          0x08000252   Section        0  libinit2.o(.ARM.Collect$$libinit$$00000023)
    .ARM.Collect$$libinit$$00000025          0x08000252   Section        0  libinit2.o(.ARM.Collect$$libinit$$00000025)
    .ARM.Collect$$libinit$$0000002C          0x08000252   Section        0  libinit2.o(.ARM.Collect$$libinit$$0000002C)
    .ARM.Collect$$libinit$$0000002E          0x08000252   Section        0  libinit2.o(.ARM.Collect$$libinit$$0000002E)
    .ARM.Collect$$libinit$$00000030          0x08000252   Section        0  libinit2.o(.ARM.Collect$$libinit$$00000030)
    .ARM.Collect$$libinit$$00000032          0x08000252   Section        0  libinit2.o(.ARM.Collect$$libinit$$00000032)
    .ARM.Collect$$libinit$$00000033          0x08000252   Section        2  libinit2.o(.ARM.Collect$$libinit$$00000033)
    .ARM.Collect$$libshutdown$$00000000      0x08000254   Section        2  libshutdown.o(.ARM.Collect$$libshutdown$$00000000)
    .ARM.Collect$$libshutdown$$00000002      0x08000256   Section        0  libshutdown2.o(.ARM.Collect$$libshutdown$$00000002)
    .ARM.Collect$$libshutdown$$00000004      0x08000256   Section        0  libshutdown2.o(.ARM.Collect$$libshutdown$$00000004)
    .ARM.Collect$$libshutdown$$00000006      0x08000256   Section        0  libshutdown2.o(.ARM.Collect$$libshutdown$$00000006)
    .ARM.Collect$$libshutdown$$00000009      0x08000256   Section        0  libshutdown2.o(.ARM.Collect$$libshutdown$$00000009)
    .ARM.Collect$$libshutdown$$0000000C      0x08000256   Section        0  libshutdown2.o(.ARM.Collect$$libshutdown$$0000000C)
    .ARM.Collect$$libshutdown$$0000000E      0x08000256   Section        0  libshutdown2.o(.ARM.Collect$$libshutdown$$0000000E)
    .ARM.Collect$$libshutdown$$00000011      0x08000256   Section        0  libshutdown2.o(.ARM.Collect$$libshutdown$$00000011)
    .ARM.Collect$$libshutdown$$00000012      0x08000256   Section        2  libshutdown2.o(.ARM.Collect$$libshutdown$$00000012)
    .ARM.Collect$$rtentry$$00000000          0x08000258   Section        0  __rtentry.o(.ARM.Collect$$rtentry$$00000000)
    .ARM.Collect$$rtentry$$00000002          0x08000258   Section        0  __rtentry2.o(.ARM.Collect$$rtentry$$00000002)
    .ARM.Collect$$rtentry$$00000004          0x08000258   Section        6  __rtentry4.o(.ARM.Collect$$rtentry$$00000004)
    .ARM.Collect$$rtentry$$00000009          0x0800025e   Section        0  __rtentry2.o(.ARM.Collect$$rtentry$$00000009)
    .ARM.Collect$$rtentry$$0000000A          0x0800025e   Section        4  __rtentry2.o(.ARM.Collect$$rtentry$$0000000A)
    .ARM.Collect$$rtentry$$0000000C          0x08000262   Section        0  __rtentry2.o(.ARM.Collect$$rtentry$$0000000C)
    .ARM.Collect$$rtentry$$0000000D          0x08000262   Section        8  __rtentry2.o(.ARM.Collect$$rtentry$$0000000D)
    .ARM.Collect$$rtexit$$00000000           0x0800026a   Section        2  rtexit.o(.ARM.Collect$$rtexit$$00000000)
    .ARM.Collect$$rtexit$$00000002           0x0800026c   Section        0  rtexit2.o(.ARM.Collect$$rtexit$$00000002)
    .ARM.Collect$$rtexit$$00000003           0x0800026c   Section        4  rtexit2.o(.ARM.Collect$$rtexit$$00000003)
    .ARM.Collect$$rtexit$$00000004           0x08000270   Section        6  rtexit2.o(.ARM.Collect$$rtexit$$00000004)
    .text                                    0x08000278   Section       64  startup_stm32f10x_hd.o(.text)
    .text                                    0x080002b8   Section       16  rt_ctype_table.o(.text)
    .text                                    0x080002c8   Section        0  c89vsprintf.o(.text)
    .text                                    0x080002ec   Section        0  _printf_pad.o(.text)
    .text                                    0x0800033a   Section        0  _printf_truncate.o(.text)
    .text                                    0x0800035e   Section        0  _printf_str.o(.text)
    .text                                    0x080003b0   Section        0  _printf_dec.o(.text)
    .text                                    0x08000428   Section        0  _printf_wctomb.o(.text)
    .text                                    0x080004e4   Section        0  _printf_oct_int_ll.o(.text)
    _printf_longlong_oct_internal            0x080004e5   Thumb Code     0  _printf_oct_int_ll.o(.text)
    .text                                    0x08000554   Section        0  _printf_hex_int_ll_ptr.o(.text)
    _printf_hex_common                       0x08000555   Thumb Code     0  _printf_hex_int_ll_ptr.o(.text)
    .text                                    0x080005e8   Section        0  __printf_flags_ss_wp.o(.text)
    .text                                    0x08000770   Section       78  rt_memclr_w.o(.text)
    .text                                    0x080007be   Section        0  heapauxi.o(.text)
    .text                                    0x080007c4   Section        8  rt_locale_intlibspace.o(.text)
    .text                                    0x080007cc   Section        0  _printf_intcommon.o(.text)
    .text                                    0x0800087e   Section        0  _printf_charcount.o(.text)
    .text                                    0x080008a8   Section        0  _printf_char_common.o(.text)
    _printf_input_char                       0x080008a9   Thumb Code    10  _printf_char_common.o(.text)
    .text                                    0x080008d8   Section        0  _sputc.o(.text)
    .text                                    0x080008e2   Section        0  _printf_char.o(.text)
    .text                                    0x0800090e   Section        0  _printf_wchar.o(.text)
    .text                                    0x0800093c   Section        0  _printf_longlong_dec.o(.text)
    .text                                    0x080009b8   Section        0  _wcrtomb.o(.text)
    .text                                    0x080009f8   Section        8  libspace.o(.text)
    .text                                    0x08000a00   Section      138  lludiv10.o(.text)
    .text                                    0x08000a8a   Section        0  _printf_fp_dec.o(.text)
    _fp_digits                               0x08000a8d   Thumb Code   432  _printf_fp_dec.o(.text)
    .text                                    0x08000ea8   Section      128  strcmpv7m.o(.text)
    .text                                    0x08000f28   Section       74  sys_stackheap_outer.o(.text)
    .text                                    0x08000f74   Section        0  _printf_fp_infnan.o(.text)
    .text                                    0x08000ff4   Section        0  bigflt0.o(.text)
    .text                                    0x080010d8   Section        0  exit.o(.text)
    .text                                    0x080010ec   Section        0  sys_exit.o(.text)
    .text                                    0x080010f8   Section        2  use_no_semi.o(.text)
    .text                                    0x080010fa   Section        0  indicate_semi.o(.text)
    CL$$btod_d2e                             0x080010fa   Section       62  btod.o(CL$$btod_d2e)
    CL$$btod_d2e_denorm_low                  0x08001138   Section       70  btod.o(CL$$btod_d2e_denorm_low)
    CL$$btod_d2e_norm_op1                    0x0800117e   Section       96  btod.o(CL$$btod_d2e_norm_op1)
    CL$$btod_div_common                      0x080011de   Section      824  btod.o(CL$$btod_div_common)
    CL$$btod_e2e                             0x08001516   Section      220  btod.o(CL$$btod_e2e)
    CL$$btod_ediv                            0x080015f2   Section       42  btod.o(CL$$btod_ediv)
    CL$$btod_emul                            0x0800161c   Section       42  btod.o(CL$$btod_emul)
    CL$$btod_mult_common                     0x08001646   Section      580  btod.o(CL$$btod_mult_common)
    i.ADS79xx_Init                           0x0800188c   Section        0  ads7950.o(i.ADS79xx_Init)
    i.ADS79xx_ReadADC                        0x080018d0   Section        0  ads7950.o(i.ADS79xx_ReadADC)
    i.ADS79xx_ReadADC_Continue               0x08001964   Section        0  ads7950.o(i.ADS79xx_ReadADC_Continue)
    i.ADS79xx_setMode                        0x0800199c   Section        0  ads7950.o(i.ADS79xx_setMode)
    i.BSP_Configuration                      0x08001af4   Section        0  bsp.o(i.BSP_Configuration)
    i.Beep_On                                0x08001bb0   Section        0  bsp.o(i.Beep_On)
    i.DBG_Uart_Init                          0x08001be4   Section        0  uart_debug.o(i.DBG_Uart_Init)
    i.DBG_Uart_printf                        0x08001c64   Section        0  uart_debug.o(i.DBG_Uart_printf)
    i.DBG_Uart_write                         0x08001ca0   Section        0  uart_debug.o(i.DBG_Uart_write)
    i.GPIO_Init                              0x08001cc0   Section        0  stm32f10x_gpio.o(i.GPIO_Init)
    i.GPIO_WriteBit                          0x08001dd6   Section        0  stm32f10x_gpio.o(i.GPIO_WriteBit)
    i.HW_SPI_Init                            0x08001de0   Section        0  spi_hw.o(i.HW_SPI_Init)
    i.NVIC_PriorityGroupConfig               0x08001e74   Section        0  misc.o(i.NVIC_PriorityGroupConfig)
    i.RCC_APB1PeriphClockCmd                 0x08001e88   Section        0  stm32f10x_rcc.o(i.RCC_APB1PeriphClockCmd)
    i.RCC_APB2PeriphClockCmd                 0x08001ea8   Section        0  stm32f10x_rcc.o(i.RCC_APB2PeriphClockCmd)
    i.RCC_GetClocksFreq                      0x08001ec8   Section        0  stm32f10x_rcc.o(i.RCC_GetClocksFreq)
    i.SPI_Cmd                                0x08001f9c   Section        0  stm32f10x_spi.o(i.SPI_Cmd)
    i.SPI_I2S_GetFlagStatus                  0x08001fb4   Section        0  stm32f10x_spi.o(i.SPI_I2S_GetFlagStatus)
    i.SPI_I2S_ReceiveData                    0x08001fc6   Section        0  stm32f10x_spi.o(i.SPI_I2S_ReceiveData)
    i.SPI_I2S_SendData                       0x08001fcc   Section        0  stm32f10x_spi.o(i.SPI_I2S_SendData)
    i.SPI_Init                               0x08001fd0   Section        0  stm32f10x_spi.o(i.SPI_Init)
    i.SPI_Send_16Bit                         0x0800200c   Section        0  spi_hw.o(i.SPI_Send_16Bit)
    i.SPI_StructInit                         0x0800203e   Section        0  stm32f10x_spi.o(i.SPI_StructInit)
    i.SetSysClock                            0x08002056   Section        0  system_stm32f10x.o(i.SetSysClock)
    SetSysClock                              0x08002057   Thumb Code     8  system_stm32f10x.o(i.SetSysClock)
    i.SetSysClockTo72                        0x08002060   Section        0  system_stm32f10x.o(i.SetSysClockTo72)
    SetSysClockTo72                          0x08002061   Thumb Code   214  system_stm32f10x.o(i.SetSysClockTo72)
    i.SysTick_Handler                        0x08002140   Section        0  bsp.o(i.SysTick_Handler)
    i.SystemInit                             0x08002148   Section        0  system_stm32f10x.o(i.SystemInit)
    i.TIM2_IRQHandler                        0x080021a8   Section        0  timtask.o(i.TIM2_IRQHandler)
    i.TIM3_IRQHandler                        0x08002224   Section        0  sensor_encoder.o(i.TIM3_IRQHandler)
    i.TIM_ClearITPendingBit                  0x08002344   Section        0  stm32f10x_tim.o(i.TIM_ClearITPendingBit)
    i.TIM_GetITStatus                        0x0800234a   Section        0  stm32f10x_tim.o(i.TIM_GetITStatus)
    i.USART_Cmd                              0x0800236c   Section        0  stm32f10x_usart.o(i.USART_Cmd)
    i.USART_GetFlagStatus                    0x08002384   Section        0  stm32f10x_usart.o(i.USART_GetFlagStatus)
    i.USART_Init                             0x080023a0   Section        0  stm32f10x_usart.o(i.USART_Init)
    i.USART_SendData                         0x08002478   Section        0  stm32f10x_usart.o(i.USART_SendData)
    i.__ARM_fpclassify                       0x08002480   Section        0  fpclassify.o(i.__ARM_fpclassify)
    i.__NVIC_SetPriority                     0x080024a8   Section        0  bsp.o(i.__NVIC_SetPriority)
    __NVIC_SetPriority                       0x080024a9   Thumb Code    32  bsp.o(i.__NVIC_SetPriority)
    i._is_digit                              0x080024d0   Section        0  __printf_wp.o(i._is_digit)
    i.delay_ticks                            0x080024de   Section        0  bsp.o(i.delay_ticks)
    i.getSysTicks                            0x080024f8   Section        0  bsp.o(i.getSysTicks)
    i.main                                   0x08002504   Section        0  main.o(i.main)
    i.sysTick_increase                       0x08002568   Section        0  bsp.o(i.sysTick_increase)
    locale$$code                             0x08002578   Section       44  lc_ctype_c.o(locale$$code)
    locale$$code                             0x080025a4   Section       44  lc_numeric_c.o(locale$$code)
    x$fpl$dfix                               0x080025d0   Section       94  dfix.o(x$fpl$dfix)
    x$fpl$dflt                               0x0800262e   Section       46  dflt_clz.o(x$fpl$dflt)
    x$fpl$dmul                               0x0800265c   Section      340  dmul.o(x$fpl$dmul)
    x$fpl$dnaninf                            0x080027b0   Section      156  dnaninf.o(x$fpl$dnaninf)
    x$fpl$dretinf                            0x0800284c   Section       12  dretinf.o(x$fpl$dretinf)
    x$fpl$printf1                            0x08002858   Section        4  printf1.o(x$fpl$printf1)
    .constdata                               0x0800285c   Section        8  _printf_wctomb.o(.constdata)
    x$fpl$usenofp                            0x0800285c   Section        0  usenofp.o(x$fpl$usenofp)
    initial_mbstate                          0x0800285c   Data           8  _printf_wctomb.o(.constdata)
    .constdata                               0x08002864   Section       40  _printf_hex_int_ll_ptr.o(.constdata)
    uc_hextab                                0x08002864   Data          20  _printf_hex_int_ll_ptr.o(.constdata)
    lc_hextab                                0x08002878   Data          20  _printf_hex_int_ll_ptr.o(.constdata)
    .constdata                               0x0800288c   Section       17  __printf_flags_ss_wp.o(.constdata)
    maptable                                 0x0800288c   Data          17  __printf_flags_ss_wp.o(.constdata)
    .constdata                               0x080028a0   Section      148  bigflt0.o(.constdata)
    tenpwrs_x                                0x080028a0   Data          60  bigflt0.o(.constdata)
    tenpwrs_i                                0x080028dc   Data          64  bigflt0.o(.constdata)
    locale$$data                             0x08002954   Section      272  lc_ctype_c.o(locale$$data)
    __lcctype_c_name                         0x08002958   Data           2  lc_ctype_c.o(locale$$data)
    __lcctype_c_start                        0x08002960   Data           0  lc_ctype_c.o(locale$$data)
    locale$$data                             0x08002a64   Section       28  lc_numeric_c.o(locale$$data)
    __lcctype_c_end                          0x08002a64   Data           0  lc_ctype_c.o(locale$$data)
    __lcnum_c_name                           0x08002a68   Data           2  lc_numeric_c.o(locale$$data)
    __lcnum_c_start                          0x08002a70   Data           0  lc_numeric_c.o(locale$$data)
    __lcnum_c_point                          0x08002a7c   Data           0  lc_numeric_c.o(locale$$data)
    __lcnum_c_thousands                      0x08002a7e   Data           0  lc_numeric_c.o(locale$$data)
    __lcnum_c_grouping                       0x08002a7f   Data           0  lc_numeric_c.o(locale$$data)
    __lcnum_c_end                            0x08002a80   Data           0  lc_numeric_c.o(locale$$data)
    .data                                    0x20000000   Section        6  bsp.o(.data)
    .data                                    0x20000008   Section        8  timtask.o(.data)
    .data                                    0x20000010   Section        8  sensor_encoder.o(.data)
    .data                                    0x20000018   Section       12  ads7950.o(.data)
    .data                                    0x20000024   Section       20  stm32f10x_rcc.o(.data)
    APBAHBPrescTable                         0x20000024   Data          16  stm32f10x_rcc.o(.data)
    ADCPrescTable                            0x20000034   Data           4  stm32f10x_rcc.o(.data)
    .data                                    0x20000038   Section       20  system_stm32f10x.o(.data)
    .bss                                     0x2000004c   Section       64  timtask.o(.bss)
    .bss                                     0x2000008c   Section       96  libspace.o(.bss)
    HEAP                                     0x200000f0   Section      512  startup_stm32f10x_hd.o(HEAP)
    Heap_Mem                                 0x200000f0   Data         512  startup_stm32f10x_hd.o(HEAP)
    STACK                                    0x200002f0   Section     1024  startup_stm32f10x_hd.o(STACK)
    Stack_Mem                                0x200002f0   Data        1024  startup_stm32f10x_hd.o(STACK)
    __initial_sp                             0x200006f0   Data           0  startup_stm32f10x_hd.o(STACK)

    Global Symbols

    Symbol Name                              Value     Ov Type        Size  Object(Section)

    BuildAttributes$$THM_ISAv4$P$D$K$B$S$PE$A:L22UL41UL21$X:L11$S22US41US21$IEEE1$IW$USESV6$~STKCKD$USESV7$~SHL$OTIME$ROPI$IEEEX$EBA8$UX$STANDARDLIB$REQ8$PRES8$EABIv2 0x00000000   Number         0  anon$$obj.o ABSOLUTE
    __ARM_use_no_argv                        0x00000000   Number         0  main.o ABSOLUTE
    _printf_flags                            0x00000000   Number         0  printf_stubs.o ABSOLUTE
    _printf_return_value                     0x00000000   Number         0  printf_stubs.o ABSOLUTE
    _printf_sizespec                         0x00000000   Number         0  printf_stubs.o ABSOLUTE
    _printf_widthprec                        0x00000000   Number         0  printf_stubs.o ABSOLUTE
    __ARM_exceptions_init                     - Undefined Weak Reference
    __alloca_initialize                       - Undefined Weak Reference
    __arm_fini_                               - Undefined Weak Reference
    __arm_preinit_                            - Undefined Weak Reference
    __cpp_initialize__aeabi_                  - Undefined Weak Reference
    __cxa_finalize                            - Undefined Weak Reference
    __sigvec_lookup                           - Undefined Weak Reference
    _atexit_init                              - Undefined Weak Reference
    _call_atexit_fns                          - Undefined Weak Reference
    _clock_init                               - Undefined Weak Reference
    _fp_trap_init                             - Undefined Weak Reference
    _fp_trap_shutdown                         - Undefined Weak Reference
    _get_lc_collate                           - Undefined Weak Reference
    _get_lc_monetary                          - Undefined Weak Reference
    _get_lc_time                              - Undefined Weak Reference
    _getenv_init                              - Undefined Weak Reference
    _handle_redirection                       - Undefined Weak Reference
    _init_alloc                               - Undefined Weak Reference
    _init_user_alloc                          - Undefined Weak Reference
    _initio                                   - Undefined Weak Reference
    _printf_fp_hex                            - Undefined Weak Reference
    _printf_mbtowc                            - Undefined Weak Reference
    _printf_wc                                - Undefined Weak Reference
    _rand_init                                - Undefined Weak Reference
    _signal_finish                            - Undefined Weak Reference
    _signal_init                              - Undefined Weak Reference
    _terminate_alloc                          - Undefined Weak Reference
    _terminate_user_alloc                     - Undefined Weak Reference
    _terminateio                              - Undefined Weak Reference
    __Vectors_Size                           0x00000130   Number         0  startup_stm32f10x_hd.o ABSOLUTE
    __Vectors                                0x08000000   Data           4  startup_stm32f10x_hd.o(RESET)
    __Vectors_End                            0x08000130   Data           0  startup_stm32f10x_hd.o(RESET)
    __main                                   0x08000131   Thumb Code     8  __main.o(!!!main)
    __scatterload                            0x08000139   Thumb Code     0  __scatter.o(!!!scatter)
    __scatterload_rt2                        0x08000139   Thumb Code    44  __scatter.o(!!!scatter)
    __scatterload_rt2_thumb_only             0x08000139   Thumb Code     0  __scatter.o(!!!scatter)
    __scatterload_null                       0x08000147   Thumb Code     0  __scatter.o(!!!scatter)
    __scatterload_copy                       0x0800016d   Thumb Code    26  __scatter_copy.o(!!handler_copy)
    __scatterload_zeroinit                   0x08000189   Thumb Code    28  __scatter_zi.o(!!handler_zi)
    _printf_n                                0x080001a5   Thumb Code     0  _printf_n.o(.ARM.Collect$$_printf_percent$$00000001)
    _printf_percent                          0x080001a5   Thumb Code     0  _printf_percent.o(.ARM.Collect$$_printf_percent$$00000000)
    _printf_p                                0x080001ab   Thumb Code     0  _printf_p.o(.ARM.Collect$$_printf_percent$$00000002)
    _printf_f                                0x080001b1   Thumb Code     0  _printf_f.o(.ARM.Collect$$_printf_percent$$00000003)
    _printf_e                                0x080001b7   Thumb Code     0  _printf_e.o(.ARM.Collect$$_printf_percent$$00000004)
    _printf_g                                0x080001bd   Thumb Code     0  _printf_g.o(.ARM.Collect$$_printf_percent$$00000005)
    _printf_a                                0x080001c3   Thumb Code     0  _printf_a.o(.ARM.Collect$$_printf_percent$$00000006)
    _printf_ll                               0x080001c9   Thumb Code     0  _printf_ll.o(.ARM.Collect$$_printf_percent$$00000007)
    _printf_i                                0x080001d3   Thumb Code     0  _printf_i.o(.ARM.Collect$$_printf_percent$$00000008)
    _printf_d                                0x080001d9   Thumb Code     0  _printf_d.o(.ARM.Collect$$_printf_percent$$00000009)
    _printf_u                                0x080001df   Thumb Code     0  _printf_u.o(.ARM.Collect$$_printf_percent$$0000000A)
    _printf_o                                0x080001e5   Thumb Code     0  _printf_o.o(.ARM.Collect$$_printf_percent$$0000000B)
    _printf_x                                0x080001eb   Thumb Code     0  _printf_x.o(.ARM.Collect$$_printf_percent$$0000000C)
    _printf_lli                              0x080001f1   Thumb Code     0  _printf_lli.o(.ARM.Collect$$_printf_percent$$0000000D)
    _printf_lld                              0x080001f7   Thumb Code     0  _printf_lld.o(.ARM.Collect$$_printf_percent$$0000000E)
    _printf_llu                              0x080001fd   Thumb Code     0  _printf_llu.o(.ARM.Collect$$_printf_percent$$0000000F)
    _printf_llo                              0x08000203   Thumb Code     0  _printf_llo.o(.ARM.Collect$$_printf_percent$$00000010)
    _printf_llx                              0x08000209   Thumb Code     0  _printf_llx.o(.ARM.Collect$$_printf_percent$$00000011)
    _printf_l                                0x0800020f   Thumb Code     0  _printf_l.o(.ARM.Collect$$_printf_percent$$00000012)
    _printf_c                                0x08000219   Thumb Code     0  _printf_c.o(.ARM.Collect$$_printf_percent$$00000013)
    _printf_s                                0x0800021f   Thumb Code     0  _printf_s.o(.ARM.Collect$$_printf_percent$$00000014)
    _printf_lc                               0x08000225   Thumb Code     0  _printf_lc.o(.ARM.Collect$$_printf_percent$$00000015)
    _printf_ls                               0x0800022b   Thumb Code     0  _printf_ls.o(.ARM.Collect$$_printf_percent$$00000016)
    _printf_percent_end                      0x08000231   Thumb Code     0  _printf_percent_end.o(.ARM.Collect$$_printf_percent$$00000017)
    __rt_lib_init                            0x08000235   Thumb Code     0  libinit.o(.ARM.Collect$$libinit$$00000000)
    __rt_lib_init_fp_1                       0x08000237   Thumb Code     0  libinit2.o(.ARM.Collect$$libinit$$00000002)
    __rt_lib_init_heap_1                     0x08000237   Thumb Code     0  libinit2.o(.ARM.Collect$$libinit$$0000000A)
    __rt_lib_init_lc_common                  0x08000237   Thumb Code     0  libinit2.o(.ARM.Collect$$libinit$$0000000F)
    __rt_lib_init_preinit_1                  0x08000237   Thumb Code     0  libinit2.o(.ARM.Collect$$libinit$$00000004)
    __rt_lib_init_rand_1                     0x08000237   Thumb Code     0  libinit2.o(.ARM.Collect$$libinit$$0000000E)
    __rt_lib_init_user_alloc_1               0x08000237   Thumb Code     0  libinit2.o(.ARM.Collect$$libinit$$0000000C)
    __rt_lib_init_lc_collate_1               0x0800023d   Thumb Code     0  libinit2.o(.ARM.Collect$$libinit$$00000011)
    __rt_lib_init_lc_ctype_2                 0x0800023d   Thumb Code     0  libinit2.o(.ARM.Collect$$libinit$$00000012)
    __rt_lib_init_lc_ctype_1                 0x08000249   Thumb Code     0  libinit2.o(.ARM.Collect$$libinit$$00000013)
    __rt_lib_init_lc_monetary_1              0x08000249   Thumb Code     0  libinit2.o(.ARM.Collect$$libinit$$00000015)
    __rt_lib_init_lc_numeric_2               0x08000249   Thumb Code     0  libinit2.o(.ARM.Collect$$libinit$$00000016)
    __rt_lib_init_alloca_1                   0x08000253   Thumb Code     0  libinit2.o(.ARM.Collect$$libinit$$0000002E)
    __rt_lib_init_argv_1                     0x08000253   Thumb Code     0  libinit2.o(.ARM.Collect$$libinit$$0000002C)
    __rt_lib_init_atexit_1                   0x08000253   Thumb Code     0  libinit2.o(.ARM.Collect$$libinit$$0000001B)
    __rt_lib_init_clock_1                    0x08000253   Thumb Code     0  libinit2.o(.ARM.Collect$$libinit$$00000021)
    __rt_lib_init_cpp_1                      0x08000253   Thumb Code     0  libinit2.o(.ARM.Collect$$libinit$$00000032)
    __rt_lib_init_exceptions_1               0x08000253   Thumb Code     0  libinit2.o(.ARM.Collect$$libinit$$00000030)
    __rt_lib_init_fp_trap_1                  0x08000253   Thumb Code     0  libinit2.o(.ARM.Collect$$libinit$$0000001F)
    __rt_lib_init_getenv_1                   0x08000253   Thumb Code     0  libinit2.o(.ARM.Collect$$libinit$$00000023)
    __rt_lib_init_lc_numeric_1               0x08000253   Thumb Code     0  libinit2.o(.ARM.Collect$$libinit$$00000017)
    __rt_lib_init_lc_time_1                  0x08000253   Thumb Code     0  libinit2.o(.ARM.Collect$$libinit$$00000019)
    __rt_lib_init_return                     0x08000253   Thumb Code     0  libinit2.o(.ARM.Collect$$libinit$$00000033)
    __rt_lib_init_signal_1                   0x08000253   Thumb Code     0  libinit2.o(.ARM.Collect$$libinit$$0000001D)
    __rt_lib_init_stdio_1                    0x08000253   Thumb Code     0  libinit2.o(.ARM.Collect$$libinit$$00000025)
    __rt_lib_shutdown                        0x08000255   Thumb Code     0  libshutdown.o(.ARM.Collect$$libshutdown$$00000000)
    __rt_lib_shutdown_cpp_1                  0x08000257   Thumb Code     0  libshutdown2.o(.ARM.Collect$$libshutdown$$00000004)
    __rt_lib_shutdown_fini_1                 0x08000257   Thumb Code     0  libshutdown2.o(.ARM.Collect$$libshutdown$$00000002)
    __rt_lib_shutdown_fp_trap_1              0x08000257   Thumb Code     0  libshutdown2.o(.ARM.Collect$$libshutdown$$00000009)
    __rt_lib_shutdown_heap_1                 0x08000257   Thumb Code     0  libshutdown2.o(.ARM.Collect$$libshutdown$$00000011)
    __rt_lib_shutdown_return                 0x08000257   Thumb Code     0  libshutdown2.o(.ARM.Collect$$libshutdown$$00000012)
    __rt_lib_shutdown_signal_1               0x08000257   Thumb Code     0  libshutdown2.o(.ARM.Collect$$libshutdown$$0000000C)
    __rt_lib_shutdown_stdio_1                0x08000257   Thumb Code     0  libshutdown2.o(.ARM.Collect$$libshutdown$$00000006)
    __rt_lib_shutdown_user_alloc_1           0x08000257   Thumb Code     0  libshutdown2.o(.ARM.Collect$$libshutdown$$0000000E)
    __rt_entry                               0x08000259   Thumb Code     0  __rtentry.o(.ARM.Collect$$rtentry$$00000000)
    __rt_entry_presh_1                       0x08000259   Thumb Code     0  __rtentry2.o(.ARM.Collect$$rtentry$$00000002)
    __rt_entry_sh                            0x08000259   Thumb Code     0  __rtentry4.o(.ARM.Collect$$rtentry$$00000004)
    __rt_entry_li                            0x0800025f   Thumb Code     0  __rtentry2.o(.ARM.Collect$$rtentry$$0000000A)
    __rt_entry_postsh_1                      0x0800025f   Thumb Code     0  __rtentry2.o(.ARM.Collect$$rtentry$$00000009)
    __rt_entry_main                          0x08000263   Thumb Code     0  __rtentry2.o(.ARM.Collect$$rtentry$$0000000D)
    __rt_entry_postli_1                      0x08000263   Thumb Code     0  __rtentry2.o(.ARM.Collect$$rtentry$$0000000C)
    __rt_exit                                0x0800026b   Thumb Code     0  rtexit.o(.ARM.Collect$$rtexit$$00000000)
    __rt_exit_ls                             0x0800026d   Thumb Code     0  rtexit2.o(.ARM.Collect$$rtexit$$00000003)
    __rt_exit_prels_1                        0x0800026d   Thumb Code     0  rtexit2.o(.ARM.Collect$$rtexit$$00000002)
    __rt_exit_exit                           0x08000271   Thumb Code     0  rtexit2.o(.ARM.Collect$$rtexit$$00000004)
    Reset_Handler                            0x08000279   Thumb Code     8  startup_stm32f10x_hd.o(.text)
    NMI_Handler                              0x08000281   Thumb Code     2  startup_stm32f10x_hd.o(.text)
    HardFault_Handler                        0x08000283   Thumb Code     2  startup_stm32f10x_hd.o(.text)
    MemManage_Handler                        0x08000285   Thumb Code     2  startup_stm32f10x_hd.o(.text)
    BusFault_Handler                         0x08000287   Thumb Code     2  startup_stm32f10x_hd.o(.text)
    UsageFault_Handler                       0x08000289   Thumb Code     2  startup_stm32f10x_hd.o(.text)
    SVC_Handler                              0x0800028b   Thumb Code     2  startup_stm32f10x_hd.o(.text)
    DebugMon_Handler                         0x0800028d   Thumb Code     2  startup_stm32f10x_hd.o(.text)
    PendSV_Handler                           0x0800028f   Thumb Code     2  startup_stm32f10x_hd.o(.text)
    ADC1_2_IRQHandler                        0x08000293   Thumb Code     0  startup_stm32f10x_hd.o(.text)
    ADC3_IRQHandler                          0x08000293   Thumb Code     0  startup_stm32f10x_hd.o(.text)
    CAN1_RX1_IRQHandler                      0x08000293   Thumb Code     0  startup_stm32f10x_hd.o(.text)
    CAN1_SCE_IRQHandler                      0x08000293   Thumb Code     0  startup_stm32f10x_hd.o(.text)
    DMA1_Channel1_IRQHandler                 0x08000293   Thumb Code     0  startup_stm32f10x_hd.o(.text)
    DMA1_Channel2_IRQHandler                 0x08000293   Thumb Code     0  startup_stm32f10x_hd.o(.text)
    DMA1_Channel3_IRQHandler                 0x08000293   Thumb Code     0  startup_stm32f10x_hd.o(.text)
    DMA1_Channel4_IRQHandler                 0x08000293   Thumb Code     0  startup_stm32f10x_hd.o(.text)
    DMA1_Channel5_IRQHandler                 0x08000293   Thumb Code     0  startup_stm32f10x_hd.o(.text)
    DMA1_Channel6_IRQHandler                 0x08000293   Thumb Code     0  startup_stm32f10x_hd.o(.text)
    DMA1_Channel7_IRQHandler                 0x08000293   Thumb Code     0  startup_stm32f10x_hd.o(.text)
    DMA2_Channel1_IRQHandler                 0x08000293   Thumb Code     0  startup_stm32f10x_hd.o(.text)
    DMA2_Channel2_IRQHandler                 0x08000293   Thumb Code     0  startup_stm32f10x_hd.o(.text)
    DMA2_Channel3_IRQHandler                 0x08000293   Thumb Code     0  startup_stm32f10x_hd.o(.text)
    DMA2_Channel4_5_IRQHandler               0x08000293   Thumb Code     0  startup_stm32f10x_hd.o(.text)
    EXTI0_IRQHandler                         0x08000293   Thumb Code     0  startup_stm32f10x_hd.o(.text)
    EXTI15_10_IRQHandler                     0x08000293   Thumb Code     0  startup_stm32f10x_hd.o(.text)
    EXTI1_IRQHandler                         0x08000293   Thumb Code     0  startup_stm32f10x_hd.o(.text)
    EXTI2_IRQHandler                         0x08000293   Thumb Code     0  startup_stm32f10x_hd.o(.text)
    EXTI3_IRQHandler                         0x08000293   Thumb Code     0  startup_stm32f10x_hd.o(.text)
    EXTI4_IRQHandler                         0x08000293   Thumb Code     0  startup_stm32f10x_hd.o(.text)
    EXTI9_5_IRQHandler                       0x08000293   Thumb Code     0  startup_stm32f10x_hd.o(.text)
    FLASH_IRQHandler                         0x08000293   Thumb Code     0  startup_stm32f10x_hd.o(.text)
    FSMC_IRQHandler                          0x08000293   Thumb Code     0  startup_stm32f10x_hd.o(.text)
    I2C1_ER_IRQHandler                       0x08000293   Thumb Code     0  startup_stm32f10x_hd.o(.text)
    I2C1_EV_IRQHandler                       0x08000293   Thumb Code     0  startup_stm32f10x_hd.o(.text)
    I2C2_ER_IRQHandler                       0x08000293   Thumb Code     0  startup_stm32f10x_hd.o(.text)
    I2C2_EV_IRQHandler                       0x08000293   Thumb Code     0  startup_stm32f10x_hd.o(.text)
    PVD_IRQHandler                           0x08000293   Thumb Code     0  startup_stm32f10x_hd.o(.text)
    RCC_IRQHandler                           0x08000293   Thumb Code     0  startup_stm32f10x_hd.o(.text)
    RTCAlarm_IRQHandler                      0x08000293   Thumb Code     0  startup_stm32f10x_hd.o(.text)
    RTC_IRQHandler                           0x08000293   Thumb Code     0  startup_stm32f10x_hd.o(.text)
    SDIO_IRQHandler                          0x08000293   Thumb Code     0  startup_stm32f10x_hd.o(.text)
    SPI1_IRQHandler                          0x08000293   Thumb Code     0  startup_stm32f10x_hd.o(.text)
    SPI2_IRQHandler                          0x08000293   Thumb Code     0  startup_stm32f10x_hd.o(.text)
    SPI3_IRQHandler                          0x08000293   Thumb Code     0  startup_stm32f10x_hd.o(.text)
    TAMPER_IRQHandler                        0x08000293   Thumb Code     0  startup_stm32f10x_hd.o(.text)
    TIM1_BRK_IRQHandler                      0x08000293   Thumb Code     0  startup_stm32f10x_hd.o(.text)
    TIM1_CC_IRQHandler                       0x08000293   Thumb Code     0  startup_stm32f10x_hd.o(.text)
    TIM1_TRG_COM_IRQHandler                  0x08000293   Thumb Code     0  startup_stm32f10x_hd.o(.text)
    TIM1_UP_IRQHandler                       0x08000293   Thumb Code     0  startup_stm32f10x_hd.o(.text)
    TIM4_IRQHandler                          0x08000293   Thumb Code     0  startup_stm32f10x_hd.o(.text)
    TIM5_IRQHandler                          0x08000293   Thumb Code     0  startup_stm32f10x_hd.o(.text)
    TIM6_IRQHandler                          0x08000293   Thumb Code     0  startup_stm32f10x_hd.o(.text)
    TIM7_IRQHandler                          0x08000293   Thumb Code     0  startup_stm32f10x_hd.o(.text)
    TIM8_BRK_IRQHandler                      0x08000293   Thumb Code     0  startup_stm32f10x_hd.o(.text)
    TIM8_CC_IRQHandler                       0x08000293   Thumb Code     0  startup_stm32f10x_hd.o(.text)
    TIM8_TRG_COM_IRQHandler                  0x08000293   Thumb Code     0  startup_stm32f10x_hd.o(.text)
    TIM8_UP_IRQHandler                       0x08000293   Thumb Code     0  startup_stm32f10x_hd.o(.text)
    UART4_IRQHandler                         0x08000293   Thumb Code     0  startup_stm32f10x_hd.o(.text)
    UART5_IRQHandler                         0x08000293   Thumb Code     0  startup_stm32f10x_hd.o(.text)
    USART1_IRQHandler                        0x08000293   Thumb Code     0  startup_stm32f10x_hd.o(.text)
    USART2_IRQHandler                        0x08000293   Thumb Code     0  startup_stm32f10x_hd.o(.text)
    USART3_IRQHandler                        0x08000293   Thumb Code     0  startup_stm32f10x_hd.o(.text)
    USBWakeUp_IRQHandler                     0x08000293   Thumb Code     0  startup_stm32f10x_hd.o(.text)
    USB_HP_CAN1_TX_IRQHandler                0x08000293   Thumb Code     0  startup_stm32f10x_hd.o(.text)
    USB_LP_CAN1_RX0_IRQHandler               0x08000293   Thumb Code     0  startup_stm32f10x_hd.o(.text)
    WWDG_IRQHandler                          0x08000293   Thumb Code     0  startup_stm32f10x_hd.o(.text)
    __user_initial_stackheap                 0x08000295   Thumb Code     0  startup_stm32f10x_hd.o(.text)
    __rt_ctype_table                         0x080002b9   Thumb Code    16  rt_ctype_table.o(.text)
    __c89vsprintf                            0x080002c9   Thumb Code    32  c89vsprintf.o(.text)
    _printf_pre_padding                      0x080002ed   Thumb Code    44  _printf_pad.o(.text)
    _printf_post_padding                     0x08000319   Thumb Code    34  _printf_pad.o(.text)
    _printf_truncate_signed                  0x0800033b   Thumb Code    18  _printf_truncate.o(.text)
    _printf_truncate_unsigned                0x0800034d   Thumb Code    18  _printf_truncate.o(.text)
    _printf_str                              0x0800035f   Thumb Code    82  _printf_str.o(.text)
    _printf_int_dec                          0x080003b1   Thumb Code   104  _printf_dec.o(.text)
    _printf_wctomb                           0x08000429   Thumb Code   182  _printf_wctomb.o(.text)
    _printf_longlong_oct                     0x080004e5   Thumb Code    66  _printf_oct_int_ll.o(.text)
    _printf_int_oct                          0x08000527   Thumb Code    24  _printf_oct_int_ll.o(.text)
    _printf_ll_oct                           0x0800053f   Thumb Code    12  _printf_oct_int_ll.o(.text)
    _printf_longlong_hex                     0x08000555   Thumb Code    86  _printf_hex_int_ll_ptr.o(.text)
    _printf_int_hex                          0x080005ab   Thumb Code    28  _printf_hex_int_ll_ptr.o(.text)
    _printf_ll_hex                           0x080005c7   Thumb Code    12  _printf_hex_int_ll_ptr.o(.text)
    _printf_hex_ptr                          0x080005d3   Thumb Code    18  _printf_hex_int_ll_ptr.o(.text)
    __printf                                 0x080005e9   Thumb Code   388  __printf_flags_ss_wp.o(.text)
    __aeabi_memclr4                          0x08000771   Thumb Code     0  rt_memclr_w.o(.text)
    __aeabi_memclr8                          0x08000771   Thumb Code     0  rt_memclr_w.o(.text)
    __rt_memclr_w                            0x08000771   Thumb Code    78  rt_memclr_w.o(.text)
    _memset_w                                0x08000775   Thumb Code     0  rt_memclr_w.o(.text)
    __use_two_region_memory                  0x080007bf   Thumb Code     2  heapauxi.o(.text)
    __rt_heap_escrow$2region                 0x080007c1   Thumb Code     2  heapauxi.o(.text)
    __rt_heap_expand$2region                 0x080007c3   Thumb Code     2  heapauxi.o(.text)
    __rt_locale                              0x080007c5   Thumb Code     8  rt_locale_intlibspace.o(.text)
    _printf_int_common                       0x080007cd   Thumb Code   178  _printf_intcommon.o(.text)
    _printf_charcount                        0x0800087f   Thumb Code    40  _printf_charcount.o(.text)
    _printf_char_common                      0x080008b3   Thumb Code    32  _printf_char_common.o(.text)
    _sputc                                   0x080008d9   Thumb Code    10  _sputc.o(.text)
    _printf_cs_common                        0x080008e3   Thumb Code    20  _printf_char.o(.text)
    _printf_char                             0x080008f7   Thumb Code    16  _printf_char.o(.text)
    _printf_string                           0x08000907   Thumb Code     8  _printf_char.o(.text)
    _printf_lcs_common                       0x0800090f   Thumb Code    20  _printf_wchar.o(.text)
    _printf_wchar                            0x08000923   Thumb Code    16  _printf_wchar.o(.text)
    _printf_wstring                          0x08000933   Thumb Code     8  _printf_wchar.o(.text)
    _printf_longlong_dec                     0x0800093d   Thumb Code   108  _printf_longlong_dec.o(.text)
    _wcrtomb                                 0x080009b9   Thumb Code    64  _wcrtomb.o(.text)
    __user_libspace                          0x080009f9   Thumb Code     8  libspace.o(.text)
    __user_perproc_libspace                  0x080009f9   Thumb Code     0  libspace.o(.text)
    __user_perthread_libspace                0x080009f9   Thumb Code     0  libspace.o(.text)
    _ll_udiv10                               0x08000a01   Thumb Code   138  lludiv10.o(.text)
    __lib_sel_fp_printf                      0x08000a8b   Thumb Code     2  _printf_fp_dec.o(.text)
    _printf_fp_dec_real                      0x08000c3d   Thumb Code   620  _printf_fp_dec.o(.text)
    strcmp                                   0x08000ea9   Thumb Code   128  strcmpv7m.o(.text)
    __user_setup_stackheap                   0x08000f29   Thumb Code    74  sys_stackheap_outer.o(.text)
    _printf_fp_infnan                        0x08000f75   Thumb Code   112  _printf_fp_infnan.o(.text)
    _btod_etento                             0x08000ff5   Thumb Code   224  bigflt0.o(.text)
    exit                                     0x080010d9   Thumb Code    18  exit.o(.text)
    _sys_exit                                0x080010ed   Thumb Code     8  sys_exit.o(.text)
    __I$use$semihosting                      0x080010f9   Thumb Code     0  use_no_semi.o(.text)
    __use_no_semihosting_swi                 0x080010f9   Thumb Code     2  use_no_semi.o(.text)
    __semihosting_library_function           0x080010fb   Thumb Code     0  indicate_semi.o(.text)
    _btod_d2e                                0x080010fb   Thumb Code    62  btod.o(CL$$btod_d2e)
    _d2e_denorm_low                          0x08001139   Thumb Code    70  btod.o(CL$$btod_d2e_denorm_low)
    _d2e_norm_op1                            0x0800117f   Thumb Code    96  btod.o(CL$$btod_d2e_norm_op1)
    __btod_div_common                        0x080011df   Thumb Code   696  btod.o(CL$$btod_div_common)
    _e2e                                     0x08001517   Thumb Code   220  btod.o(CL$$btod_e2e)
    _btod_ediv                               0x080015f3   Thumb Code    42  btod.o(CL$$btod_ediv)
    _btod_emul                               0x0800161d   Thumb Code    42  btod.o(CL$$btod_emul)
    __btod_mult_common                       0x08001647   Thumb Code   580  btod.o(CL$$btod_mult_common)
    ADS79xx_Init                             0x0800188d   Thumb Code    62  ads7950.o(i.ADS79xx_Init)
    ADS79xx_ReadADC                          0x080018d1   Thumb Code   138  ads7950.o(i.ADS79xx_ReadADC)
    ADS79xx_ReadADC_Continue                 0x08001965   Thumb Code    46  ads7950.o(i.ADS79xx_ReadADC_Continue)
    ADS79xx_setMode                          0x0800199d   Thumb Code   302  ads7950.o(i.ADS79xx_setMode)
    BSP_Configuration                        0x08001af5   Thumb Code   174  bsp.o(i.BSP_Configuration)
    Beep_On                                  0x08001bb1   Thumb Code    46  bsp.o(i.Beep_On)
    DBG_Uart_Init                            0x08001be5   Thumb Code   114  uart_debug.o(i.DBG_Uart_Init)
    DBG_Uart_printf                          0x08001c65   Thumb Code    58  uart_debug.o(i.DBG_Uart_printf)
    DBG_Uart_write                           0x08001ca1   Thumb Code    28  uart_debug.o(i.DBG_Uart_write)
    GPIO_Init                                0x08001cc1   Thumb Code   278  stm32f10x_gpio.o(i.GPIO_Init)
    GPIO_WriteBit                            0x08001dd7   Thumb Code    10  stm32f10x_gpio.o(i.GPIO_WriteBit)
    HW_SPI_Init                              0x08001de1   Thumb Code   138  spi_hw.o(i.HW_SPI_Init)
    NVIC_PriorityGroupConfig                 0x08001e75   Thumb Code    10  misc.o(i.NVIC_PriorityGroupConfig)
    RCC_APB1PeriphClockCmd                   0x08001e89   Thumb Code    26  stm32f10x_rcc.o(i.RCC_APB1PeriphClockCmd)
    RCC_APB2PeriphClockCmd                   0x08001ea9   Thumb Code    26  stm32f10x_rcc.o(i.RCC_APB2PeriphClockCmd)
    RCC_GetClocksFreq                        0x08001ec9   Thumb Code   192  stm32f10x_rcc.o(i.RCC_GetClocksFreq)
    SPI_Cmd                                  0x08001f9d   Thumb Code    24  stm32f10x_spi.o(i.SPI_Cmd)
    SPI_I2S_GetFlagStatus                    0x08001fb5   Thumb Code    18  stm32f10x_spi.o(i.SPI_I2S_GetFlagStatus)
    SPI_I2S_ReceiveData                      0x08001fc7   Thumb Code     6  stm32f10x_spi.o(i.SPI_I2S_ReceiveData)
    SPI_I2S_SendData                         0x08001fcd   Thumb Code     4  stm32f10x_spi.o(i.SPI_I2S_SendData)
    SPI_Init                                 0x08001fd1   Thumb Code    60  stm32f10x_spi.o(i.SPI_Init)
    SPI_Send_16Bit                           0x0800200d   Thumb Code    50  spi_hw.o(i.SPI_Send_16Bit)
    SPI_StructInit                           0x0800203f   Thumb Code    24  stm32f10x_spi.o(i.SPI_StructInit)
    SysTick_Handler                          0x08002141   Thumb Code     8  bsp.o(i.SysTick_Handler)
    SystemInit                               0x08002149   Thumb Code    78  system_stm32f10x.o(i.SystemInit)
    TIM2_IRQHandler                          0x080021a9   Thumb Code   116  timtask.o(i.TIM2_IRQHandler)
    TIM3_IRQHandler                          0x08002225   Thumb Code   266  sensor_encoder.o(i.TIM3_IRQHandler)
    TIM_ClearITPendingBit                    0x08002345   Thumb Code     6  stm32f10x_tim.o(i.TIM_ClearITPendingBit)
    TIM_GetITStatus                          0x0800234b   Thumb Code    34  stm32f10x_tim.o(i.TIM_GetITStatus)
    USART_Cmd                                0x0800236d   Thumb Code    24  stm32f10x_usart.o(i.USART_Cmd)
    USART_GetFlagStatus                      0x08002385   Thumb Code    26  stm32f10x_usart.o(i.USART_GetFlagStatus)
    USART_Init                               0x080023a1   Thumb Code   210  stm32f10x_usart.o(i.USART_Init)
    USART_SendData                           0x08002479   Thumb Code     8  stm32f10x_usart.o(i.USART_SendData)
    __ARM_fpclassify                         0x08002481   Thumb Code    40  fpclassify.o(i.__ARM_fpclassify)
    _is_digit                                0x080024d1   Thumb Code    14  __printf_wp.o(i._is_digit)
    delay_ticks                              0x080024df   Thumb Code    24  bsp.o(i.delay_ticks)
    getSysTicks                              0x080024f9   Thumb Code     6  bsp.o(i.getSysTicks)
    main                                     0x08002505   Thumb Code    74  main.o(i.main)
    sysTick_increase                         0x08002569   Thumb Code    12  bsp.o(i.sysTick_increase)
    _get_lc_ctype                            0x08002579   Thumb Code    44  lc_ctype_c.o(locale$$code)
    _get_lc_numeric                          0x080025a5   Thumb Code    44  lc_numeric_c.o(locale$$code)
    __aeabi_d2iz                             0x080025d1   Thumb Code     0  dfix.o(x$fpl$dfix)
    _dfix                                    0x080025d1   Thumb Code    94  dfix.o(x$fpl$dfix)
    __aeabi_i2d                              0x0800262f   Thumb Code     0  dflt_clz.o(x$fpl$dflt)
    _dflt                                    0x0800262f   Thumb Code    46  dflt_clz.o(x$fpl$dflt)
    __aeabi_dmul                             0x0800265d   Thumb Code     0  dmul.o(x$fpl$dmul)
    _dmul                                    0x0800265d   Thumb Code   332  dmul.o(x$fpl$dmul)
    __fpl_dnaninf                            0x080027b1   Thumb Code   156  dnaninf.o(x$fpl$dnaninf)
    __fpl_dretinf                            0x0800284d   Thumb Code    12  dretinf.o(x$fpl$dretinf)
    _printf_fp_dec                           0x08002859   Thumb Code     4  printf1.o(x$fpl$printf1)
    __I$use$fp                               0x0800285c   Number         0  usenofp.o(x$fpl$usenofp)
    Region$$Table$$Base                      0x08002934   Number         0  anon$$obj.o(Region$$Table)
    Region$$Table$$Limit                     0x08002954   Number         0  anon$$obj.o(Region$$Table)
    __ctype                                  0x08002961   Data           0  lc_ctype_c.o(locale$$data)
    _sysTicks_inc                            0x20000000   Data           4  bsp.o(.data)
    bspKey_EventDn                           0x20000004   Data           1  bsp.o(.data)
    perBspKey                                0x20000005   Data           1  bsp.o(.data)
    taskReadyCnt                             0x20000008   Data           1  timtask.o(.data)
    tim2Cnt                                  0x2000000c   Data           4  timtask.o(.data)
    psMotorX                                 0x20000010   Data           4  sensor_encoder.o(.data)
    psMotorY                                 0x20000014   Data           4  sensor_encoder.o(.data)
    manualChannel                            0x20000018   Data           1  ads7950.o(.data)
    ads79xx_MCR                              0x2000001a   Data           2  ads7950.o(.data)
    ADS_Buff                                 0x2000001c   Data           8  ads7950.o(.data)
    SystemCoreClock                          0x20000038   Data           4  system_stm32f10x.o(.data)
    AHBPrescTable                            0x2000003c   Data          16  system_stm32f10x.o(.data)
    timTaskList                              0x2000004c   Data          64  timtask.o(.bss)
    __libspace_start                         0x2000008c   Data          96  libspace.o(.bss)
    __temporary_stack_top$libspace           0x200000ec   Data           0  libspace.o(.bss)



==============================================================================

Memory Map of the image

  Image Entry point : 0x08000131

  Load Region LR_IROM1 (Base: 0x08000000, Size: 0x00002acc, Max: 0x00080000, ABSOLUTE)

    Execution Region ER_IROM1 (Exec base: 0x08000000, Load base: 0x08000000, Size: 0x00002a80, Max: 0x00080000, ABSOLUTE)

    Exec Addr    Load Addr    Size         Type   Attr      Idx    E Section Name        Object

    0x08000000   0x08000000   0x00000130   Data   RO         3062    RESET               startup_stm32f10x_hd.o
    0x08000130   0x08000130   0x00000008   Code   RO         3203  * !!!main             c_w.l(__main.o)
    0x08000138   0x08000138   0x00000034   Code   RO         3543    !!!scatter          c_w.l(__scatter.o)
    0x0800016c   0x0800016c   0x0000001a   Code   RO         3545    !!handler_copy      c_w.l(__scatter_copy.o)
    0x08000186   0x08000186   0x00000002   PAD
    0x08000188   0x08000188   0x0000001c   Code   RO         3547    !!handler_zi        c_w.l(__scatter_zi.o)
    0x080001a4   0x080001a4   0x00000000   Code   RO         3191    .ARM.Collect$$_printf_percent$$00000000  c_w.l(_printf_percent.o)
    0x080001a4   0x080001a4   0x00000006   Code   RO         3259    .ARM.Collect$$_printf_percent$$00000001  c_w.l(_printf_n.o)
    0x080001aa   0x080001aa   0x00000006   Code   RO         3260    .ARM.Collect$$_printf_percent$$00000002  c_w.l(_printf_p.o)
    0x080001b0   0x080001b0   0x00000006   Code   RO         3261    .ARM.Collect$$_printf_percent$$00000003  c_w.l(_printf_f.o)
    0x080001b6   0x080001b6   0x00000006   Code   RO         3262    .ARM.Collect$$_printf_percent$$00000004  c_w.l(_printf_e.o)
    0x080001bc   0x080001bc   0x00000006   Code   RO         3263    .ARM.Collect$$_printf_percent$$00000005  c_w.l(_printf_g.o)
    0x080001c2   0x080001c2   0x00000006   Code   RO         3264    .ARM.Collect$$_printf_percent$$00000006  c_w.l(_printf_a.o)
    0x080001c8   0x080001c8   0x0000000a   Code   RO         3269    .ARM.Collect$$_printf_percent$$00000007  c_w.l(_printf_ll.o)
    0x080001d2   0x080001d2   0x00000006   Code   RO         3188    .ARM.Collect$$_printf_percent$$00000008  c_w.l(_printf_i.o)
    0x080001d8   0x080001d8   0x00000006   Code   RO         3189    .ARM.Collect$$_printf_percent$$00000009  c_w.l(_printf_d.o)
    0x080001de   0x080001de   0x00000006   Code   RO         3190    .ARM.Collect$$_printf_percent$$0000000A  c_w.l(_printf_u.o)
    0x080001e4   0x080001e4   0x00000006   Code   RO         3187    .ARM.Collect$$_printf_percent$$0000000B  c_w.l(_printf_o.o)
    0x080001ea   0x080001ea   0x00000006   Code   RO         3186    .ARM.Collect$$_printf_percent$$0000000C  c_w.l(_printf_x.o)
    0x080001f0   0x080001f0   0x00000006   Code   RO         3266    .ARM.Collect$$_printf_percent$$0000000D  c_w.l(_printf_lli.o)
    0x080001f6   0x080001f6   0x00000006   Code   RO         3267    .ARM.Collect$$_printf_percent$$0000000E  c_w.l(_printf_lld.o)
    0x080001fc   0x080001fc   0x00000006   Code   RO         3268    .ARM.Collect$$_printf_percent$$0000000F  c_w.l(_printf_llu.o)
    0x08000202   0x08000202   0x00000006   Code   RO         3272    .ARM.Collect$$_printf_percent$$00000010  c_w.l(_printf_llo.o)
    0x08000208   0x08000208   0x00000006   Code   RO         3273    .ARM.Collect$$_printf_percent$$00000011  c_w.l(_printf_llx.o)
    0x0800020e   0x0800020e   0x0000000a   Code   RO         3270    .ARM.Collect$$_printf_percent$$00000012  c_w.l(_printf_l.o)
    0x08000218   0x08000218   0x00000006   Code   RO         3185    .ARM.Collect$$_printf_percent$$00000013  c_w.l(_printf_c.o)
    0x0800021e   0x0800021e   0x00000006   Code   RO         3258    .ARM.Collect$$_printf_percent$$00000014  c_w.l(_printf_s.o)
    0x08000224   0x08000224   0x00000006   Code   RO         3192    .ARM.Collect$$_printf_percent$$00000015  c_w.l(_printf_lc.o)
    0x0800022a   0x0800022a   0x00000006   Code   RO         3271    .ARM.Collect$$_printf_percent$$00000016  c_w.l(_printf_ls.o)
    0x08000230   0x08000230   0x00000004   Code   RO         3265    .ARM.Collect$$_printf_percent$$00000017  c_w.l(_printf_percent_end.o)
    0x08000234   0x08000234   0x00000002   Code   RO         3453    .ARM.Collect$$libinit$$00000000  c_w.l(libinit.o)
    0x08000236   0x08000236   0x00000000   Code   RO         3360    .ARM.Collect$$libinit$$00000002  c_w.l(libinit2.o)
    0x08000236   0x08000236   0x00000000   Code   RO         3362    .ARM.Collect$$libinit$$00000004  c_w.l(libinit2.o)
    0x08000236   0x08000236   0x00000000   Code   RO         3365    .ARM.Collect$$libinit$$0000000A  c_w.l(libinit2.o)
    0x08000236   0x08000236   0x00000000   Code   RO         3367    .ARM.Collect$$libinit$$0000000C  c_w.l(libinit2.o)
    0x08000236   0x08000236   0x00000000   Code   RO         3369    .ARM.Collect$$libinit$$0000000E  c_w.l(libinit2.o)
    0x08000236   0x08000236   0x00000006   Code   RO         3370    .ARM.Collect$$libinit$$0000000F  c_w.l(libinit2.o)
    0x0800023c   0x0800023c   0x00000000   Code   RO         3372    .ARM.Collect$$libinit$$00000011  c_w.l(libinit2.o)
    0x0800023c   0x0800023c   0x0000000c   Code   RO         3373    .ARM.Collect$$libinit$$00000012  c_w.l(libinit2.o)
    0x08000248   0x08000248   0x00000000   Code   RO         3374    .ARM.Collect$$libinit$$00000013  c_w.l(libinit2.o)
    0x08000248   0x08000248   0x00000000   Code   RO         3376    .ARM.Collect$$libinit$$00000015  c_w.l(libinit2.o)
    0x08000248   0x08000248   0x0000000a   Code   RO         3377    .ARM.Collect$$libinit$$00000016  c_w.l(libinit2.o)
    0x08000252   0x08000252   0x00000000   Code   RO         3378    .ARM.Collect$$libinit$$00000017  c_w.l(libinit2.o)
    0x08000252   0x08000252   0x00000000   Code   RO         3380    .ARM.Collect$$libinit$$00000019  c_w.l(libinit2.o)
    0x08000252   0x08000252   0x00000000   Code   RO         3382    .ARM.Collect$$libinit$$0000001B  c_w.l(libinit2.o)
    0x08000252   0x08000252   0x00000000   Code   RO         3384    .ARM.Collect$$libinit$$0000001D  c_w.l(libinit2.o)
    0x08000252   0x08000252   0x00000000   Code   RO         3386    .ARM.Collect$$libinit$$0000001F  c_w.l(libinit2.o)
    0x08000252   0x08000252   0x00000000   Code   RO         3388    .ARM.Collect$$libinit$$00000021  c_w.l(libinit2.o)
    0x08000252   0x08000252   0x00000000   Code   RO         3390    .ARM.Collect$$libinit$$00000023  c_w.l(libinit2.o)
    0x08000252   0x08000252   0x00000000   Code   RO         3392    .ARM.Collect$$libinit$$00000025  c_w.l(libinit2.o)
    0x08000252   0x08000252   0x00000000   Code   RO         3396    .ARM.Collect$$libinit$$0000002C  c_w.l(libinit2.o)
    0x08000252   0x08000252   0x00000000   Code   RO         3398    .ARM.Collect$$libinit$$0000002E  c_w.l(libinit2.o)
    0x08000252   0x08000252   0x00000000   Code   RO         3400    .ARM.Collect$$libinit$$00000030  c_w.l(libinit2.o)
    0x08000252   0x08000252   0x00000000   Code   RO         3402    .ARM.Collect$$libinit$$00000032  c_w.l(libinit2.o)
    0x08000252   0x08000252   0x00000002   Code   RO         3403    .ARM.Collect$$libinit$$00000033  c_w.l(libinit2.o)
    0x08000254   0x08000254   0x00000002   Code   RO         3498    .ARM.Collect$$libshutdown$$00000000  c_w.l(libshutdown.o)
    0x08000256   0x08000256   0x00000000   Code   RO         3504    .ARM.Collect$$libshutdown$$00000002  c_w.l(libshutdown2.o)
    0x08000256   0x08000256   0x00000000   Code   RO         3506    .ARM.Collect$$libshutdown$$00000004  c_w.l(libshutdown2.o)
    0x08000256   0x08000256   0x00000000   Code   RO         3508    .ARM.Collect$$libshutdown$$00000006  c_w.l(libshutdown2.o)
    0x08000256   0x08000256   0x00000000   Code   RO         3511    .ARM.Collect$$libshutdown$$00000009  c_w.l(libshutdown2.o)
    0x08000256   0x08000256   0x00000000   Code   RO         3514    .ARM.Collect$$libshutdown$$0000000C  c_w.l(libshutdown2.o)
    0x08000256   0x08000256   0x00000000   Code   RO         3516    .ARM.Collect$$libshutdown$$0000000E  c_w.l(libshutdown2.o)
    0x08000256   0x08000256   0x00000000   Code   RO         3519    .ARM.Collect$$libshutdown$$00000011  c_w.l(libshutdown2.o)
    0x08000256   0x08000256   0x00000002   Code   RO         3520    .ARM.Collect$$libshutdown$$00000012  c_w.l(libshutdown2.o)
    0x08000258   0x08000258   0x00000000   Code   RO         3231    .ARM.Collect$$rtentry$$00000000  c_w.l(__rtentry.o)
    0x08000258   0x08000258   0x00000000   Code   RO         3335    .ARM.Collect$$rtentry$$00000002  c_w.l(__rtentry2.o)
    0x08000258   0x08000258   0x00000006   Code   RO         3347    .ARM.Collect$$rtentry$$00000004  c_w.l(__rtentry4.o)
    0x0800025e   0x0800025e   0x00000000   Code   RO         3337    .ARM.Collect$$rtentry$$00000009  c_w.l(__rtentry2.o)
    0x0800025e   0x0800025e   0x00000004   Code   RO         3338    .ARM.Collect$$rtentry$$0000000A  c_w.l(__rtentry2.o)
    0x08000262   0x08000262   0x00000000   Code   RO         3340    .ARM.Collect$$rtentry$$0000000C  c_w.l(__rtentry2.o)
    0x08000262   0x08000262   0x00000008   Code   RO         3341    .ARM.Collect$$rtentry$$0000000D  c_w.l(__rtentry2.o)
    0x0800026a   0x0800026a   0x00000002   Code   RO         3462    .ARM.Collect$$rtexit$$00000000  c_w.l(rtexit.o)
    0x0800026c   0x0800026c   0x00000000   Code   RO         3473    .ARM.Collect$$rtexit$$00000002  c_w.l(rtexit2.o)
    0x0800026c   0x0800026c   0x00000004   Code   RO         3474    .ARM.Collect$$rtexit$$00000003  c_w.l(rtexit2.o)
    0x08000270   0x08000270   0x00000006   Code   RO         3475    .ARM.Collect$$rtexit$$00000004  c_w.l(rtexit2.o)
    0x08000276   0x08000276   0x00000002   PAD
    0x08000278   0x08000278   0x00000040   Code   RO         3063    .text               startup_stm32f10x_hd.o
    0x080002b8   0x080002b8   0x00000010   Code   RO         3115    .text               c_w.l(rt_ctype_table.o)
    0x080002c8   0x080002c8   0x00000024   Code   RO         3119    .text               c_w.l(c89vsprintf.o)
    0x080002ec   0x080002ec   0x0000004e   Code   RO         3127    .text               c_w.l(_printf_pad.o)
    0x0800033a   0x0800033a   0x00000024   Code   RO         3129    .text               c_w.l(_printf_truncate.o)
    0x0800035e   0x0800035e   0x00000052   Code   RO         3131    .text               c_w.l(_printf_str.o)
    0x080003b0   0x080003b0   0x00000078   Code   RO         3133    .text               c_w.l(_printf_dec.o)
    0x08000428   0x08000428   0x000000bc   Code   RO         3135    .text               c_w.l(_printf_wctomb.o)
    0x080004e4   0x080004e4   0x00000070   Code   RO         3142    .text               c_w.l(_printf_oct_int_ll.o)
    0x08000554   0x08000554   0x00000094   Code   RO         3162    .text               c_w.l(_printf_hex_int_ll_ptr.o)
    0x080005e8   0x080005e8   0x00000188   Code   RO         3182    .text               c_w.l(__printf_flags_ss_wp.o)
    0x08000770   0x08000770   0x0000004e   Code   RO         3197    .text               c_w.l(rt_memclr_w.o)
    0x080007be   0x080007be   0x00000006   Code   RO         3201    .text               c_w.l(heapauxi.o)
    0x080007c4   0x080007c4   0x00000008   Code   RO         3235    .text               c_w.l(rt_locale_intlibspace.o)
    0x080007cc   0x080007cc   0x000000b2   Code   RO         3244    .text               c_w.l(_printf_intcommon.o)
    0x0800087e   0x0800087e   0x00000028   Code   RO         3246    .text               c_w.l(_printf_charcount.o)
    0x080008a6   0x080008a6   0x00000002   PAD
    0x080008a8   0x080008a8   0x00000030   Code   RO         3248    .text               c_w.l(_printf_char_common.o)
    0x080008d8   0x080008d8   0x0000000a   Code   RO         3250    .text               c_w.l(_sputc.o)
    0x080008e2   0x080008e2   0x0000002c   Code   RO         3252    .text               c_w.l(_printf_char.o)
    0x0800090e   0x0800090e   0x0000002c   Code   RO         3254    .text               c_w.l(_printf_wchar.o)
    0x0800093a   0x0800093a   0x00000002   PAD
    0x0800093c   0x0800093c   0x0000007c   Code   RO         3256    .text               c_w.l(_printf_longlong_dec.o)
    0x080009b8   0x080009b8   0x00000040   Code   RO         3276    .text               c_w.l(_wcrtomb.o)
    0x080009f8   0x080009f8   0x00000008   Code   RO         3331    .text               c_w.l(libspace.o)
    0x08000a00   0x08000a00   0x0000008a   Code   RO         3349    .text               c_w.l(lludiv10.o)
    0x08000a8a   0x08000a8a   0x0000041e   Code   RO         3351    .text               c_w.l(_printf_fp_dec.o)
    0x08000ea8   0x08000ea8   0x00000080   Code   RO         3357    .text               c_w.l(strcmpv7m.o)
    0x08000f28   0x08000f28   0x0000004a   Code   RO         3410    .text               c_w.l(sys_stackheap_outer.o)
    0x08000f72   0x08000f72   0x00000002   PAD
    0x08000f74   0x08000f74   0x00000080   Code   RO         3412    .text               c_w.l(_printf_fp_infnan.o)
    0x08000ff4   0x08000ff4   0x000000e4   Code   RO         3416    .text               c_w.l(bigflt0.o)
    0x080010d8   0x080010d8   0x00000012   Code   RO         3444    .text               c_w.l(exit.o)
    0x080010ea   0x080010ea   0x00000002   PAD
    0x080010ec   0x080010ec   0x0000000c   Code   RO         3485    .text               c_w.l(sys_exit.o)
    0x080010f8   0x080010f8   0x00000002   Code   RO         3487    .text               c_w.l(use_no_semi.o)
    0x080010fa   0x080010fa   0x00000000   Code   RO         3489    .text               c_w.l(indicate_semi.o)
    0x080010fa   0x080010fa   0x0000003e   Code   RO         3419    CL$$btod_d2e        c_w.l(btod.o)
    0x08001138   0x08001138   0x00000046   Code   RO         3421    CL$$btod_d2e_denorm_low  c_w.l(btod.o)
    0x0800117e   0x0800117e   0x00000060   Code   RO         3420    CL$$btod_d2e_norm_op1  c_w.l(btod.o)
    0x080011de   0x080011de   0x00000338   Code   RO         3429    CL$$btod_div_common  c_w.l(btod.o)
    0x08001516   0x08001516   0x000000dc   Code   RO         3426    CL$$btod_e2e        c_w.l(btod.o)
    0x080015f2   0x080015f2   0x0000002a   Code   RO         3423    CL$$btod_ediv       c_w.l(btod.o)
    0x0800161c   0x0800161c   0x0000002a   Code   RO         3422    CL$$btod_emul       c_w.l(btod.o)
    0x08001646   0x08001646   0x00000244   Code   RO         3428    CL$$btod_mult_common  c_w.l(btod.o)
    0x0800188a   0x0800188a   0x00000002   PAD
    0x0800188c   0x0800188c   0x00000044   Code   RO         1138    i.ADS79xx_Init      ads7950.o
    0x080018d0   0x080018d0   0x00000094   Code   RO         1139    i.ADS79xx_ReadADC   ads7950.o
    0x08001964   0x08001964   0x00000038   Code   RO         1140    i.ADS79xx_ReadADC_Continue  ads7950.o
    0x0800199c   0x0800199c   0x00000158   Code   RO         1141    i.ADS79xx_setMode   ads7950.o
    0x08001af4   0x08001af4   0x000000bc   Code   RO          273    i.BSP_Configuration  bsp.o
    0x08001bb0   0x08001bb0   0x00000034   Code   RO          274    i.Beep_On           bsp.o
    0x08001be4   0x08001be4   0x00000080   Code   RO          860    i.DBG_Uart_Init     uart_debug.o
    0x08001c64   0x08001c64   0x0000003a   Code   RO          861    i.DBG_Uart_printf   uart_debug.o
    0x08001c9e   0x08001c9e   0x00000002   PAD
    0x08001ca0   0x08001ca0   0x00000020   Code   RO          862    i.DBG_Uart_write    uart_debug.o
    0x08001cc0   0x08001cc0   0x00000116   Code   RO         1823    i.GPIO_Init         stm32f10x_gpio.o
    0x08001dd6   0x08001dd6   0x0000000a   Code   RO         1834    i.GPIO_WriteBit     stm32f10x_gpio.o
    0x08001de0   0x08001de0   0x00000094   Code   RO         1102    i.HW_SPI_Init       spi_hw.o
    0x08001e74   0x08001e74   0x00000014   Code   RO         1200    i.NVIC_PriorityGroupConfig  misc.o
    0x08001e88   0x08001e88   0x00000020   Code   RO         1945    i.RCC_APB1PeriphClockCmd  stm32f10x_rcc.o
    0x08001ea8   0x08001ea8   0x00000020   Code   RO         1947    i.RCC_APB2PeriphClockCmd  stm32f10x_rcc.o
    0x08001ec8   0x08001ec8   0x000000d4   Code   RO         1955    i.RCC_GetClocksFreq  stm32f10x_rcc.o
    0x08001f9c   0x08001f9c   0x00000018   Code   RO         2160    i.SPI_Cmd           stm32f10x_spi.o
    0x08001fb4   0x08001fb4   0x00000012   Code   RO         2168    i.SPI_I2S_GetFlagStatus  stm32f10x_spi.o
    0x08001fc6   0x08001fc6   0x00000006   Code   RO         2171    i.SPI_I2S_ReceiveData  stm32f10x_spi.o
    0x08001fcc   0x08001fcc   0x00000004   Code   RO         2172    i.SPI_I2S_SendData  stm32f10x_spi.o
    0x08001fd0   0x08001fd0   0x0000003c   Code   RO         2173    i.SPI_Init          stm32f10x_spi.o
    0x0800200c   0x0800200c   0x00000032   Code   RO         1104    i.SPI_Send_16Bit    spi_hw.o
    0x0800203e   0x0800203e   0x00000018   Code   RO         2176    i.SPI_StructInit    stm32f10x_spi.o
    0x08002056   0x08002056   0x00000008   Code   RO         3070    i.SetSysClock       system_stm32f10x.o
    0x0800205e   0x0800205e   0x00000002   PAD
    0x08002060   0x08002060   0x000000e0   Code   RO         3071    i.SetSysClockTo72   system_stm32f10x.o
    0x08002140   0x08002140   0x00000008   Code   RO          276    i.SysTick_Handler   bsp.o
    0x08002148   0x08002148   0x00000060   Code   RO         3073    i.SystemInit        system_stm32f10x.o
    0x080021a8   0x080021a8   0x0000007c   Code   RO          502    i.TIM2_IRQHandler   timtask.o
    0x08002224   0x08002224   0x00000120   Code   RO         1064    i.TIM3_IRQHandler   sensor_encoder.o
    0x08002344   0x08002344   0x00000006   Code   RO         2322    i.TIM_ClearITPendingBit  stm32f10x_tim.o
    0x0800234a   0x0800234a   0x00000022   Code   RO         2348    i.TIM_GetITStatus   stm32f10x_tim.o
    0x0800236c   0x0800236c   0x00000018   Code   RO         2875    i.USART_Cmd         stm32f10x_usart.o
    0x08002384   0x08002384   0x0000001a   Code   RO         2878    i.USART_GetFlagStatus  stm32f10x_usart.o
    0x0800239e   0x0800239e   0x00000002   PAD
    0x080023a0   0x080023a0   0x000000d8   Code   RO         2882    i.USART_Init        stm32f10x_usart.o
    0x08002478   0x08002478   0x00000008   Code   RO         2892    i.USART_SendData    stm32f10x_usart.o
    0x08002480   0x08002480   0x00000028   Code   RO         3318    i.__ARM_fpclassify  m_ws.l(fpclassify.o)
    0x080024a8   0x080024a8   0x00000028   Code   RO          277    i.__NVIC_SetPriority  bsp.o
    0x080024d0   0x080024d0   0x0000000e   Code   RO         3175    i._is_digit         c_w.l(__printf_wp.o)
    0x080024de   0x080024de   0x00000018   Code   RO          278    i.delay_ticks       bsp.o
    0x080024f6   0x080024f6   0x00000002   PAD
    0x080024f8   0x080024f8   0x0000000c   Code   RO          279    i.getSysTicks       bsp.o
    0x08002504   0x08002504   0x00000064   Code   RO            4    i.main              main.o
    0x08002568   0x08002568   0x00000010   Code   RO          281    i.sysTick_increase  bsp.o
    0x08002578   0x08002578   0x0000002c   Code   RO         3279    locale$$code        c_w.l(lc_ctype_c.o)
    0x080025a4   0x080025a4   0x0000002c   Code   RO         3442    locale$$code        c_w.l(lc_numeric_c.o)
    0x080025d0   0x080025d0   0x0000005e   Code   RO         3205    x$fpl$dfix          fz_ws.l(dfix.o)
    0x0800262e   0x0800262e   0x0000002e   Code   RO         3214    x$fpl$dflt          fz_ws.l(dflt_clz.o)
    0x0800265c   0x0800265c   0x00000154   Code   RO         3219    x$fpl$dmul          fz_ws.l(dmul.o)
    0x080027b0   0x080027b0   0x0000009c   Code   RO         3293    x$fpl$dnaninf       fz_ws.l(dnaninf.o)
    0x0800284c   0x0800284c   0x0000000c   Code   RO         3295    x$fpl$dretinf       fz_ws.l(dretinf.o)
    0x08002858   0x08002858   0x00000004   Code   RO         3299    x$fpl$printf1       fz_ws.l(printf1.o)
    0x0800285c   0x0800285c   0x00000000   Code   RO         3303    x$fpl$usenofp       fz_ws.l(usenofp.o)
    0x0800285c   0x0800285c   0x00000008   Data   RO         3136    .constdata          c_w.l(_printf_wctomb.o)
    0x08002864   0x08002864   0x00000028   Data   RO         3163    .constdata          c_w.l(_printf_hex_int_ll_ptr.o)
    0x0800288c   0x0800288c   0x00000011   Data   RO         3183    .constdata          c_w.l(__printf_flags_ss_wp.o)
    0x0800289d   0x0800289d   0x00000003   PAD
    0x080028a0   0x080028a0   0x00000094   Data   RO         3417    .constdata          c_w.l(bigflt0.o)
    0x08002934   0x08002934   0x00000020   Data   RO         3541    Region$$Table       anon$$obj.o
    0x08002954   0x08002954   0x00000110   Data   RO         3278    locale$$data        c_w.l(lc_ctype_c.o)
    0x08002a64   0x08002a64   0x0000001c   Data   RO         3441    locale$$data        c_w.l(lc_numeric_c.o)


    Execution Region RW_IRAM1 (Exec base: 0x20000000, Load base: 0x08002a80, Size: 0x000006f0, Max: 0x00010000, ABSOLUTE)

    Exec Addr    Load Addr    Size         Type   Attr      Idx    E Section Name        Object

    0x20000000   0x08002a80   0x00000006   Data   RW          282    .data               bsp.o
    0x20000006   0x08002a86   0x00000002   PAD
    0x20000008   0x08002a88   0x00000008   Data   RW          508    .data               timtask.o
    0x20000010   0x08002a90   0x00000008   Data   RW         1066    .data               sensor_encoder.o
    0x20000018   0x08002a98   0x0000000c   Data   RW         1143    .data               ads7950.o
    0x20000024   0x08002aa4   0x00000014   Data   RW         1975    .data               stm32f10x_rcc.o
    0x20000038   0x08002ab8   0x00000014   Data   RW         3074    .data               system_stm32f10x.o
    0x2000004c        -       0x00000040   Zero   RW          507    .bss                timtask.o
    0x2000008c        -       0x00000060   Zero   RW         3332    .bss                c_w.l(libspace.o)
    0x200000ec   0x08002acc   0x00000004   PAD
    0x200000f0        -       0x00000200   Zero   RW         3061    HEAP                startup_stm32f10x_hd.o
    0x200002f0        -       0x00000400   Zero   RW         3060    STACK               startup_stm32f10x_hd.o


==============================================================================

Image component sizes


      Code (inc. data)   RO Data    RW Data    ZI Data      Debug   Object Name

       616         68          0         12          0       4243   ads7950.o
       340         38          0          6          0      29227   bsp.o
         0          0          0          0          0        628   lcd12864_driver.o
       100         26          0          0          0     263347   main.o
        20         10          0          0          0        583   misc.o
         0          0          0          0          0        680   motor_locsensor.o
       288         22          0          8          0       1270   sensor_encoder.o
       198         10          0          0          0       1559   spi_hw.o
        64         26        304          0       1536        800   startup_stm32f10x_hd.o
       288          0          0          0          0       2948   stm32f10x_gpio.o
       276         32          0         20          0       4914   stm32f10x_rcc.o
       136          0          0          0          0       5035   stm32f10x_spi.o
        40          0          0          0          0       2154   stm32f10x_tim.o
       274          6          0          0          0       4556   stm32f10x_usart.o
       328         28          0         20          0       2325   system_stm32f10x.o
       124          8          0          8         64       1141   timtask.o
       218         18          0          0          0       2131   uart_debug.o

    ----------------------------------------------------------------------
      3318        292        336         76       1600     327541   Object Totals
         0          0         32          0          0          0   (incl. Generated)
         8          0          0          2          0          0   (incl. Padding)

    ----------------------------------------------------------------------

      Code (inc. data)   RO Data    RW Data    ZI Data      Debug   Library Member Name

         8          0          0          0          0         68   __main.o
       392          4         17          0          0         92   __printf_flags_ss_wp.o
        14          0          0          0          0         68   __printf_wp.o
         0          0          0          0          0          0   __rtentry.o
        12          0          0          0          0          0   __rtentry2.o
         6          0          0          0          0          0   __rtentry4.o
        52          8          0          0          0          0   __scatter.o
        26          0          0          0          0          0   __scatter_copy.o
        28          0          0          0          0          0   __scatter_zi.o
         6          0          0          0          0          0   _printf_a.o
         6          0          0          0          0          0   _printf_c.o
        44          0          0          0          0        108   _printf_char.o
        48          6          0          0          0         96   _printf_char_common.o
        40          0          0          0          0         68   _printf_charcount.o
         6          0          0          0          0          0   _printf_d.o
       120         16          0          0          0         92   _printf_dec.o
         6          0          0          0          0          0   _printf_e.o
         6          0          0          0          0          0   _printf_f.o
      1054          0          0          0          0        216   _printf_fp_dec.o
       128         16          0          0          0         84   _printf_fp_infnan.o
         6          0          0          0          0          0   _printf_g.o
       148          4         40          0          0        160   _printf_hex_int_ll_ptr.o
         6          0          0          0          0          0   _printf_i.o
       178          0          0          0          0         88   _printf_intcommon.o
        10          0          0          0          0          0   _printf_l.o
         6          0          0          0          0          0   _printf_lc.o
        10          0          0          0          0          0   _printf_ll.o
         6          0          0          0          0          0   _printf_lld.o
         6          0          0          0          0          0   _printf_lli.o
         6          0          0          0          0          0   _printf_llo.o
         6          0          0          0          0          0   _printf_llu.o
         6          0          0          0          0          0   _printf_llx.o
       124         16          0          0          0         92   _printf_longlong_dec.o
         6          0          0          0          0          0   _printf_ls.o
         6          0          0          0          0          0   _printf_n.o
         6          0          0          0          0          0   _printf_o.o
       112         10          0          0          0        124   _printf_oct_int_ll.o
         6          0          0          0          0          0   _printf_p.o
        78          0          0          0          0        108   _printf_pad.o
         0          0          0          0          0          0   _printf_percent.o
         4          0          0          0          0          0   _printf_percent_end.o
         6          0          0          0          0          0   _printf_s.o
        82          0          0          0          0         80   _printf_str.o
        36          0          0          0          0         84   _printf_truncate.o
         6          0          0          0          0          0   _printf_u.o
        44          0          0          0          0        108   _printf_wchar.o
       188          6          8          0          0         92   _printf_wctomb.o
         6          0          0          0          0          0   _printf_x.o
        10          0          0          0          0         68   _sputc.o
        64          0          0          0          0         92   _wcrtomb.o
       228          4        148          0          0         96   bigflt0.o
      1936        128          0          0          0        672   btod.o
        36          4          0          0          0         76   c89vsprintf.o
        18          0          0          0          0         80   exit.o
         6          0          0          0          0        152   heapauxi.o
         0          0          0          0          0          0   indicate_semi.o
        44         10        272          0          0         76   lc_ctype_c.o
        44         10         28          0          0         76   lc_numeric_c.o
         2          0          0          0          0          0   libinit.o
        30          0          0          0          0          0   libinit2.o
         2          0          0          0          0          0   libshutdown.o
         2          0          0          0          0          0   libshutdown2.o
         8          4          0          0         96         68   libspace.o
       138          0          0          0          0         80   lludiv10.o
        16          4          0          0          0         76   rt_ctype_table.o
         8          4          0          0          0         68   rt_locale_intlibspace.o
        78          0          0          0          0         80   rt_memclr_w.o
         2          0          0          0          0          0   rtexit.o
        10          0          0          0          0          0   rtexit2.o
       128          0          0          0          0         68   strcmpv7m.o
        12          4          0          0          0         68   sys_exit.o
        74          0          0          0          0         80   sys_stackheap_outer.o
         2          0          0          0          0         68   use_no_semi.o
        94          4          0          0          0         92   dfix.o
        46          0          0          0          0         68   dflt_clz.o
       340         12          0          0          0        104   dmul.o
       156          4          0          0          0         92   dnaninf.o
        12          0          0          0          0         68   dretinf.o
         4          0          0          0          0         68   printf1.o
         0          0          0          0          0          0   usenofp.o
        40          0          0          0          0         68   fpclassify.o

    ----------------------------------------------------------------------
      6710        278        516          0        100       4432   Library Totals
        14          0          3          0          4          0   (incl. Padding)

    ----------------------------------------------------------------------

      Code (inc. data)   RO Data    RW Data    ZI Data      Debug   Library Name

      6004        258        513          0         96       3872   c_w.l
       652         20          0          0          0        492   fz_ws.l
        40          0          0          0          0         68   m_ws.l

    ----------------------------------------------------------------------
      6710        278        516          0        100       4432   Library Totals

    ----------------------------------------------------------------------

==============================================================================


      Code (inc. data)   RO Data    RW Data    ZI Data      Debug   

     10028        570        852         76       1700     327653   Grand Totals
     10028        570        852         76       1700     327653   ELF Image Totals
     10028        570        852         76          0          0   ROM Totals

==============================================================================

    Total RO  Size (Code + RO Data)                10880 (  10.63kB)
    Total RW  Size (RW Data + ZI Data)              1776 (   1.73kB)
    Total ROM Size (Code + RO Data + RW Data)      10956 (  10.70kB)

==============================================================================

